
> test
> node --experimental-strip-types --test --test-concurrency=1

✔ Phase 4B executable API contract is versioned under /v1 with one wire convention (10.6426ms)
✔ OpenAPI lists only runtime routes and domain gates never promise success (1.8068ms)
✔ parses exactly one strict Bearer credential (1.4471ms)
✔ rejects a malformed Authorization header before session lookup (1.2943ms)
✔ rejects an invalid or expired access session (0.4098ms)
✔ fails closed when the session user does not match the bound identity (0.3998ms)
✔ fails closed when the bound user is no longer active (0.6794ms)
✔ creates an authenticated RequestContext for one active membership (0.8522ms)
✔ requires explicit workspace selection when multiple memberships are active (0.3421ms)
✔ rejects a workspace without an active membership (0.2648ms)
✔ selects the requested active workspace when multiple memberships exist (0.2704ms)
✔ ceilings never supply grants; unknown and out-of-ceiling stored grants confer no authority (2.0065ms)
✔ normal Patient resource checks deny missing durable Doctor relationship and unresolved receptionist purpose (0.7214ms)
✔ Doctor Patient resource authorization loads durable same-workspace state on every check (2.8916ms)
✔ Nurse demographic read does not require assignment; unknown stored results fail closed (2.0347ms)
✔ DOCTOR clinical reads require live durable state, exact grant and canonical Patient linkage (3.1401ms)
✔ NURSE clinical reads require live durable state, exact grant and canonical Patient linkage (0.7889ms)
✔ Patient encounter list cannot authorize from requested Patient ID when no canonical row exists (0.6549ms)
✔ Admin, Receptionist and unclassified roles cannot use persisted clinical links (0.3564ms)
✔ read cursors authenticate tenant, filters, sort, purpose and permission revision (7.0039ms)
✔ Doctor canonical reads use exact grants, limit+1 and opaque keyset pages (1.855ms)
✔ shift and appointment reads enforce ranges, filters, order and resource access (2.6003ms)
✔ clinical real adapters map IDs and versions; application guards history and encounter relationships (1.5142ms)
node:internal/modules/run_main:107
    triggerUncaughtException(
    ^

file:///C:/Users/LAPTOP/Viora-Mobile-App/backend/apps/api/src/http-server.ts:420
      }
      const parsed = await readJsonBody(request);
                     ^^^^^
      if (parsed.kind === 'ERROR') {

SyntaxError [ERR_INVALID_TYPESCRIPT_SYNTAX]: await isn't allowed in non-async function
    at parseTypeScript (node:internal/modules/typescript:63:36)
    at processTypeScriptCode (node:internal/modules/typescript:135:42)
    at stripTypeScriptModuleTypes (node:internal/modules/typescript:184:22)
    at ModuleLoader.<anonymous> (node:internal/modules/esm/translators:681:29)
    at #translate (node:internal/modules/esm/loader:437:20)
    at afterLoad (node:internal/modules/esm/loader:505:29)
    at ModuleLoader.loadAndTranslate (node:internal/modules/esm/loader:510:12)
    at #getOrCreateModuleJobAfterResolve (node:internal/modules/esm/loader:563:36)
    at afterResolve (node:internal/modules/esm/loader:610:52)
    at ModuleLoader.getOrCreateModuleJob (node:internal/modules/esm/loader:616:12) {
  code: 'ERR_INVALID_TYPESCRIPT_SYNTAX'
}

Node.js v26.3.1
✖ apps\api\src\http-server.test.ts (255.3203ms)
✔ GET /me returns only the authenticated tenant context (1.6234ms)
✔ GET /me fails closed when tenant context is ambiguous (0.2331ms)
✔ GET /me/memberships returns only active memberships (0.1836ms)
✔ identity endpoints reject a missing subject (0.1984ms)
✔ authenticated GET /me accepts a valid bearer session (0.6711ms)
✔ authenticated GET /me rejects a missing bearer credential (0.2152ms)
✔ authenticated GET /me requires workspace selection when memberships are ambiguous (0.265ms)
✔ authenticated GET /me/memberships does not require a workspace (0.1875ms)
✔ authenticated GET /me/memberships rejects an invalid access session (0.1887ms)
✔ returns an ETag and uses the composition-root patient presenter (3.0906ms)
✔ maps a stale patch to precondition failed (0.9685ms)
✔ creates a patient through the composition boundary with an ETag (9.13ms)
✔ lists patients through the presenter without exposing the domain object (0.7379ms)
✔ BD-02 missing MRN maps unresolved automatic allocation to 503 (0.3174ms)
✔ patient authorization allows only exact loaded grants (0.7344ms)
✔ BD-02 unresolved Patient mutation grants remain denied (0.3107ms)
✔ Patient composition read authorization: exact read grant (1.4573ms)
✔ Patient composition read authorization: no grants (0.1395ms)
✔ Patient composition read authorization: unrelated grant (0.0747ms)
✔ Patient composition read authorization: create grant (0.0654ms)
✔ Patient composition read authorization: update grant (0.1198ms)
✔ Patient composition read authorization: case variants (0.169ms)
✔ Patient composition read authorization: whitespace and wildcard variants (0.1606ms)
✔ Patient composition read authorization: role names (0.1147ms)
✔ composition preserves runtime instances and keeps authorization independent per request (0.3335ms)
✔ directory composition preserves runtime protection and request-scoped exact grants (0.2893ms)
✔ P03 checks patient.read before repository access and again with the loaded Patient (0.9468ms)
✔ composed patient.read reaches tenant-scoped get/list without idempotency access (0.5225ms)
✔ composed dependencies deny get/list before repository access without patient.read (0.207ms)
✔ same intent returns original 201 receipt with reauthorization/audit and no duplicate mutation (3.1903ms)
✔ deterministic FAILED repeat retains original failure without validation or side effects (0.6562ms)
✔ unknown transaction outcome stays pending and repeat cannot settle again (0.3827ms)
✔ MRN conflict is settled FAILED and replayed as 409 (0.5047ms)
✔ revoked replay authority and audit failure prevent receipt disclosure (0.668ms)
✔ operation fingerprint sorts nested keys and preserves exact strings and array order (1.96ms)
✔ identity requires canonical UTC and UUIDv4, rejecting calendar normalization (1.6591ms)
✔ receipt contains only durable IDs/versions and expires 24h after settlement (0.3945ms)
✔ directory rejects missing (1.591ms)
✔ directory rejects non-string (0.2815ms)
✔ directory rejects blank (0.1319ms)
✔ directory rejects one code point (0.132ms)
✔ directory rejects over 100 code points (0.2295ms)
✔ directory rejects invalid limit (1.6527ms)
✔ directory rejects unknown filter (0.2963ms)
✔ directory trims only edges and counts Unicode code points (1.5601ms)
✔ cursor round-trip is encrypted, randomized and context bound (2.224ms)
✔ cursor rejects wrong tenantId (0.8964ms)
✔ cursor rejects wrong normalizedQuery (0.406ms)
✔ cursor rejects wrong sort (0.3046ms)
✔ permission revision binding is exact and distinctly stale (0.6412ms)
✔ raw UUID, malformed, tampered and wrong-key cursors are rejected (0.5636ms)
✔ authenticated unsupported payload version is rejected (0.2975ms)
✔ cursor configuration is disabled when missing and rejects invalid keys (0.2094ms)
✔ first page overfetches one and cursors the last returned item, then continues by keyset (1.6212ms)
✔ final page of 0 items has no next cursor (0.1678ms)
✔ final page of 1 items has no next cursor (0.0978ms)
✔ final page of 2 items has no next cursor (0.0664ms)
✔ missing protection, denied permission, invalid query and foreign cursor fail before database reads (0.5418ms)
✔ BD-02 duplicate MRN becomes 409 and records a 409 idempotency failure (6.6349ms)
﹣ BD-01 PostgreSQL durable care state, isolation, retained history and atomic audit (0.8056ms) # SKIP
﹣ Phase 5B PostgreSQL real read mapping, isolation, filters, keysets and immutable history (0.493ms) # SKIP
﹣ PostgreSQL idempotency concurrency, expiration, replay and scoped finalization (0.5802ms) # SKIP
﹣ P02 Patient create atomically settles patient, audit and operation evidence (0.5121ms) # SKIP
﹣ BD-02 PostgreSQL enforces tenant MRN uniqueness and atomic Patient OCC (0.6413ms) # SKIP
﹣ BD-02 PostgreSQL enforces canonical Patient sex and status value sets (0.7601ms) # SKIP
✔ GET tenant denies a substituted cross-tenant identifier (1.0158ms)
✔ public tenant resources omit the internal version while exposing a strong ETag (0.9337ms)
✔ protected tenant access fails closed without actor or tenant context (0.253ms)
✔ PATCH tenant requires administrator role and current If-Match (1.4389ms)
✔ POST location rejects client ownership fields and accepts synthetic creation (0.5853ms)
✔ location creation is tenant-scoped and idempotent (1.0042ms)
✔ public location resources omit the internal version (0.323ms)
✔ location list rejects malformed tenant identifiers and invalid pagination (0.1967ms)
✔ workspace permissions load exact tenant membership grants into a set (1.0525ms)
✔ foundation migrations are ordered, transactional, and dependency-shaped (8.109ms)
✔ foundation status and idempotency contracts match the application contracts (1.392ms)
✔ domain migrations preserve the approved dependency and immutability boundaries (3.9324ms)
✔ migration 005 defines tenant-scoped immutable audit evidence (5.5018ms)
✔ migration 005 delegates transaction ownership to the migration runner (3.7356ms)
✔ Phase 4B migration adds durable operation, auth, audit, clinical and AI foundations (3.0159ms)
✔ Phase 4B persistence tables do not define request or prompt payload columns (1.1419ms)
✔ AI draft adapter uses parameterized SQL and tenant/OCC predicates (1.3757ms)
✔ AI draft adapter rejects missing tenant and stale version inputs (0.4845ms)
✔ AI gateway fails closed without authenticated context (1.7225ms)
✔ AI gateway fails closed for malformed runtime context without throwing (0.3209ms)
✔ AI gateway denies unknown tools and invalid input (0.1382ms)
✔ AI gateway enforces explicit tenant/resource authorization (2.1514ms)
✔ AI gateway returns bounded output and records allowed access (0.3542ms)
✔ AI gateway rejects output exceeding the configured bound (0.1884ms)
✔ AI gateway fails closed when input validation or authorization throws (0.23ms)
✔ completion port validates context, bounds output, and records metadata only (2.2349ms)
✔ completion port fails closed for invalid context, oversized output, and provider failure (0.8039ms)
✔ Dify adapter sends bounded provider request without exposing secret in payload (27.901ms)
✔ Dify adapter fails closed on invalid context, provider failure, and malformed response (1.2602ms)
✔ Dify adapter maps timeout, caller cancellation, and secret-provider failures safely (4.6291ms)
✔ clinical draft tool is explicitly draft-only and requires approval (1.258ms)
✔ clinical draft tool binds encounter resource to input (0.2316ms)
✔ clinical draft tool rejects incomplete or unknown input (0.1905ms)
✔ AI draft workflow enforces GENERATED → REVIEWING → APPROVED (1.0434ms)
✔ AI draft workflow rejects approval before human review and supports rejection (0.5821ms)
✔ AI actor cannot perform human approval transitions (0.1991ms)
✔ RAG retrieval fails closed without authenticated context (1.9272ms)
✔ RAG retrieval requires explicit permission (0.1729ms)
✔ RAG retrieval filters tenant and status before returning results (0.2058ms)
✔ RAG retrieval bounds query, result count, and snippets (0.1709ms)
✔ RAG retrieval does not expose source failure details (0.208ms)
✔ get_patient returns minimum necessary fields only (1.1896ms)
✔ get_recent_encounters filters tenant and bounds results (0.2578ms)
✔ read-only tools reject malformed or excessive input (0.1445ms)
✔ resource authorization matches the requested patient (0.1826ms)
✔ read-only tools accept public summaries without requiring private entity fields (0.2378ms)
✔ encounter summaries keep tenant and patient filtering before the result limit (0.1354ms)
✔ creates a tenant-scoped appointment and returns the repository result (5.525ms)
✔ replays an idempotent appointment instead of creating a duplicate (0.8218ms)
✔ rejects the same idempotency key when the request fingerprint conflicts (0.9095ms)
✔ maps a database scheduling conflict to a business conflict and records a 409 failure (0.7184ms)
✔ lists only appointments for the active tenant (0.3446ms)
✔ validates availability range before asking the scheduling provider (0.2955ms)
✔ requires a current version and valid lifecycle transition for check-in (0.5968ms)
✔ preserves AppointmentSchedulingConflictError constructor identity through the compatibility export (0.5592ms)
✔ detects overlapping active appointments for the same doctor (0.8338ms)
✔ does not treat another doctor or terminal appointment as a double booking (0.2277ms)
✔ audit repository appends events and lists only the requested tenant (1.2289ms)
✔ audit repository applies a bounded result limit (0.135ms)
✔ audit cursor is opaque, keyset-shaped, and tenant-bound (0.6291ms)
✔ audit repository uses the cursor as a createdAt and eventId keyset (0.1744ms)
✔ audit cursor rejects malformed and non-opaque values (0.7389ms)
✔ audit repository replays identical events and conflicts on payload reuse (0.7852ms)
✔ repository validates list input defensively (0.1514ms)
✔ PostgreSQL audit adapter uses parameterized SQL and preserves replay/conflict semantics (7.8876ms)
✔ PostgreSQL audit adapter persists operation/session/resource-version linkage (0.2808ms)
✔ creates and replays a tenant-scoped encounter (9.3842ms)
✔ rejects a conflicting encounter idempotency key (1.6195ms)
✔ fails closed without authenticated tenant context (0.4684ms)
✔ creates and replays the first draft medical record version (1.5595ms)
✔ rejects empty clinical content and unknown fields (0.6498ms)
✔ enforces DRAFT to IN_REVIEW to FINALIZED transitions (1.9014ms)
✔ creates an amendment version only from a finalized current version (1.0297ms)
✔ lists doctors only inside the active tenant (1.2949ms)
✔ rejects a substituted cross-tenant doctor identifier (0.8155ms)
✔ requires an authorized tenant context for shift access (0.4007ms)
✔ transaction creates unique secrets, hashed state, encrypted recoverable nonce/verifier, S256 and five minute TTL (7.6054ms)
✔ wrong state and expired transactions do not create sessions (1.5764ms)
✔ transaction tampering with pkceVerifierCiphertext is terminal (0.7342ms)
✔ transaction tampering with nonceCiphertext is terminal (0.6456ms)
✔ transaction tampering with codeChallenge is terminal (0.6928ms)
✔ transaction tampering with nonceHash is terminal (0.6024ms)
✔ transaction tampering with redirectUri is terminal (0.5772ms)
✔ concurrent completion creates only one session and blocks replay (1.1216ms)
✔ DISABLED identity cannot create a session (0.9645ms)
✔ MISSING identity cannot create a session (0.7982ms)
✔ provider failure after claim is terminal, including unavailable/timeout (1.0023ms)
✔ client userId cannot override verified identity (0.5657ms)
✔ unconfigured provider/key and invalid provider fail closed (0.3946ms)
✔ establishes an authenticated actor and tenant context (0.7177ms)
✔ rejects an unauthenticated actor (0.373ms)
✔ rejects an actor without an active membership (0.1258ms)
✔ does not establish tenant B from tenant A membership (0.1125ms)
✔ rejects an empty requested tenant identifier (0.1367ms)
✔ rejects ambiguous tenant context without a requested tenant (0.1103ms)
✔ real adapter exchanges PKCE code and verifies signed JWKS identity (27.4338ms)
✔ OIDC rejects issuer (2.7944ms)
✔ OIDC rejects audience (1.8208ms)
✔ OIDC rejects expired (1.844ms)
✔ OIDC rejects futureIat (2.3682ms)
✔ OIDC rejects oldIat (1.8152ms)
✔ OIDC rejects missingIat (1.7943ms)
✔ OIDC rejects missingExp (1.9745ms)
✔ OIDC rejects blankSubject (1.9562ms)
✔ OIDC rejects missingNonce (2.0002ms)
✔ OIDC rejects multiAudienceMissingAzp (1.5726ms)
✔ OIDC rejects badAzp (1.5233ms)
✔ nonce mismatch and unverified caller-supplied claims fail closed (1.5274ms)
✔ multi-audience with matching authorized party is accepted (2.6315ms)
✔ invalid signature, unknown key and disallowed algorithm fail closed (92.7933ms)
✔ upstream errors and network failures never leak response bodies (0.9293ms)
✔ configuration requires HTTPS and configured JWKS; redirect cannot be replaced (0.1987ms)
✔ creates a session with short access lifetime and fixed refresh lifetime (3.1379ms)
✔ authenticates a valid access token using only its SHA-256 hash (0.7959ms)
✔ rejects a malformed access token before repository lookup (0.1402ms)
✔ returns INVALID when the access session lookup fails (0.2063ms)
✔ rotates a valid refresh token and returns a new token bundle (0.5416ms)
✔ rejects a malformed refresh token before repository lookup (0.1521ms)
✔ propagates refresh-token replay detection (0.2929ms)
✔ caps access expiry at the fixed session expiry (0.2518ms)
✔ revokes a valid access session (0.2916ms)
✔ rejects a malformed access token before lookup during revoke (0.1802ms)
✔ returns INVALID when the active access session lookup fails during revoke (0.1706ms)
✔ returns INVALID when repository revoke returns false (0.173ms)
✔ creates opaque access tokens bound to a session id (1.0658ms)
✔ creates opaque refresh tokens bound to a refresh-token id (0.1571ms)
✔ hashes tokens without retaining plaintext (0.5122ms)
✔ rejects malformed tokens (0.346ms)
✔ grant reader uses a read-only query scoped by tenant and membership parameters (1.398ms)
✔ grant reader preserves permission order from the database result (0.1918ms)
✔ grant reader passes the tenant scope on every call for the same membership (1.0848ms)
✔ grant reader returns no permissions for empty rows (0.1323ms)
✔ grant reader propagates database failures without granting permissions (0.43ms)
﹣ PostgresIdentityContextStore resolves identity subjects and memberships (0.5418ms) # SKIP
﹣ PostgresSessionRepository creates, rotates, detects replay and revokes sessions (0.6261ms) # SKIP
✔ creates once and replays the original patient for the same idempotency key (9.6857ms)
✔ rejects a reused idempotency key with a different request (1.5534ms)
✔ fails closed for missing authentication or tenant context (0.4957ms)
✔ does not read a tenant B patient from tenant A (0.3774ms)
✔ requires the current strong ETag for a Patient patch (0.6066ms)
✔ rejects unknown search fields and accepts only tenant-scoped list input (0.3438ms)
✔ BD-02 create enforces canonical Patient identity policy (4.4624ms)
✔ BD-02 create fails closed when automatic MRN allocation is unresolved (0.313ms)
✔ BD-02 create rejects client-controlled status (0.1722ms)
✔ BD-02 create rejects non-canonical sex values (0.5318ms)
✔ BD-02 create rejects malformed, impossible and future dates of birth (0.6482ms)
✔ BD-02 generic patient.update rejects status mutation (0.1742ms)
✔ BD-02 Patient patch rejects non-canonical sex values (0.0974ms)
✔ BD-02 generic Patient patch rejects MRN and unresolved lifecycle fields (0.1686ms)
✔ BD-02 Patient patch rejects malformed, impossible and future dates of birth (0.2426ms)
✔ accepts a Patient belonging to the requested tenant (0.7689ms)
✔ fails closed when a Patient belongs to another tenant (0.3552ms)
✔ does not discover a Patient from another tenant through the repository port (0.6393ms)
✔ directory SQL uses tenant-scoped parameterized name/id keysets and no OFFSET (1.6778ms)
✔ P03 findById binds both tenant and patient identity (0.2125ms)
✔ builds a metadata-first audit event without clinical payload (2.0712ms)
✔ rejects missing identity and invalid results (0.4487ms)
✔ emits only validated events through the sink (0.1593ms)
✔ builds an audit input from authenticated request context (0.1958ms)
✔ does not build an audit input without authenticated context (0.1213ms)
✔ preserves operation, session and resource-version attribution (0.1247ms)
✔ allows same-tenant access when the resource policy allows it (2.5158ms)
✔ denies same-tenant access when ownership or relationship policy denies it (0.2935ms)
✔ denies cross-tenant access before evaluating the policy (0.267ms)
✔ denies missing actor context (0.4925ms)
✔ denies missing tenant context (0.3851ms)
✔ denies invalid tenant context (1.9013ms)
✔ denies invalid resource scope (0.3935ms)
✔ denies ambiguous or absent policy by default (0.3901ms)
✔ denies policy failures instead of allowing access (0.5941ms)
✔ denies malformed action (0.4508ms)
✔ denies malformed request and resource without throwing (0.2663ms)
✔ destructive PostgreSQL suite refuses DATABASE_URL without disposable opt-in before connecting (460.981ms)
✔ migration adapter keeps transaction statements on one client and closes once (3.4921ms)
✔ migration adapter closes a failed connection without retrying it (0.4256ms)
✔ closing an unused migration adapter does not open a connection (0.7595ms)
✔ migration adapter fails closed after a session error instead of reconnecting mid-transaction (0.4674ms)
✔ close during connection acquisition prevents a late query and ends the session once (0.2983ms)
✔ runs migrations in order under one transaction and records checksums (0.3444ms)
✔ reruns applied migrations without executing SQL again (0.2328ms)
✔ rolls back when a recorded checksum differs (0.2483ms)
✔ rejects migrations that try to manage their own transaction (0.2171ms)
﹣ Phase 4B PostgreSQL constraints reject cross-workspace links and duplicate identities (0.5406ms) # SKIP
﹣ Phase 4B PostgreSQL operation, clinical-version and AI handoff uniqueness constraints are present (0.0939ms) # SKIP
﹣ runs the complete migration chain on PostgreSQL (0.7845ms) # SKIP
﹣ PostgreSQL migration upgrade, replay, checksum rejection and rollback preserve committed state (0.1469ms) # SKIP
﹣ PostgreSQL session stays pinned and close rolls back an unfinished transaction (0.089ms) # SKIP
﹣ runtime transaction stays on one PostgreSQL session and commits (0.5061ms) # SKIP
﹣ runtime transaction rolls back all writes when work fails (0.0908ms) # SKIP
﹣ runtime database rejects queries after close (0.0848ms) # SKIP
✔ accepts idempotency keys from 1 through 255 characters (1.0775ms)
✔ canonicalization sorts keys and trims strings (0.3088ms)
✔ canonicalization rejects non-plain or non-JSON data (0.7848ms)
✔ hashPayload is deterministic for logically equivalent payloads (3.6657ms)
✔ lookup returns NEW for an unknown identity (0.7332ms)
✔ begin, complete, and lookup provide replay behavior (0.3739ms)
✔ same key with a different hash returns conflict (0.1653ms)
✔ concurrent same-key begin is represented as in progress and must fail closed (0.1318ms)
✔ default TTL and expiration helper use 24 hours (0.2636ms)
✔ lookup unknown or expired identity returns NEW with an exclusive expiration bound (1.3513ms)
✔ lookup PROCESSING with different hash returns CONFLICT (0.2187ms)
✔ lookup SUCCEEDED with different hash returns CONFLICT (0.1142ms)
✔ lookup PROCESSING with same hash returns IN_PROGRESS (0.1025ms)
✔ lookup SUCCEEDED with same hash returns REPLAY (0.1186ms)
✔ lookup FAILED with same hash returns REPLAY (0.0939ms)
✔ begin atomically inserts PROCESSING with a backend UUID and default TTL (0.4947ms)
✔ begin replaces expired identity and resets all attempt fields in the same upsert (0.2084ms)
✔ begin PROCESSING with same hash returns CONFLICT (0.1355ms)
✔ begin SUCCEEDED with different hash returns CONFLICT (0.1362ms)
✔ begin SUCCEEDED with same hash returns REPLAY (0.1077ms)
✔ begin FAILED with same hash returns REPLAY (0.0958ms)
✔ simultaneous begin responses map the database winner and loser without unique errors (0.2893ms)
✔ complete parameterizes all four identity fields and returns the canonical terminal record (0.2367ms)
✔ complete rejects missing, expired, terminal or differently scoped targets (0.4945ms)
✔ fail parameterizes all four identity fields and returns the canonical terminal record (0.0998ms)
✔ fail rejects missing, expired, terminal or differently scoped targets (0.0772ms)
✔ fail defaults both response fields to null (0.0889ms)
✔ all operations bind values rather than interpolating user input (0.1437ms)
✔ invalid key and TTL fail before querying; missing upsert result fails closed (0.294ms)
✔ admission generates an operation ID and preserves the concurrent database winner (1.9586ms)
✔ PROCESSING repeats preserve the original result and reject different intent (0.2688ms)
✔ INDETERMINATE repeats preserve the original result and reject different intent (0.1033ms)
✔ SUCCEEDED repeats preserve the original result and reject different intent (0.1038ms)
✔ FAILED repeats preserve the original result and reject different intent (0.1127ms)
✔ CLOSED repeats preserve the original result and reject different intent (0.0807ms)
✔ invalid identity, fingerprint and timestamp fail before database access (0.6182ms)
✔ admission accepts exact timestamp window boundaries (0.1688ms)
✔ completion atomically links the primary resource and preserves bigint precision (0.3052ms)
✔ complete fences stale or terminal callers by exact identity, intent and operation ID (0.3658ms)
✔ fail fences stale or terminal callers by exact identity, intent and operation ID (0.2033ms)
✔ known failure persists public error and HTTP status (0.1527ms)
✔ database/ref errors propagate unchanged to the owning transaction (0.2169ms)
✔ invalid results cannot settle an operation (0.1542ms)
✔ append preserves tenant, actor, request, and correlation context (1.4274ms)
✔ claimBatch claims pending events and increments attemptCount (0.2148ms)
✔ markCompleted transitions a processing event to completed (0.3456ms)
✔ markFailed increments retry state and dead-letters after max retries (0.1879ms)
✔ outbox status flow is pending, processing, then completed or failed (0.1423ms)
ℹ tests 327
ℹ suites 0
ℹ pass 310
ℹ fail 1
ℹ cancelled 0
ℹ skipped 16
ℹ todo 0
ℹ duration_ms 16587.4913

✖ failing tests:

test at apps\api\src\http-server.test.ts:1:1
✖ apps\api\src\http-server.test.ts (255.3203ms)
  'test failed'
