
> test
> node --experimental-strip-types --test --test-concurrency=1

✔ summary assembles authorized source projections and returns transient advisory evidence without fabricated versions (3.1502ms)
✔ summary governance missing fails closed before reads/provider (0.3601ms)
✔ summary governance denied fails closed before reads/provider (0.2359ms)
✔ summary governance incomplete fails closed before reads/provider (0.1439ms)
✔ summary patient failure prevents partial-context provider dispatch (0.2627ms)
✔ summary encounters failure prevents partial-context provider dispatch (0.1487ms)
✔ summary knowledge failure prevents partial-context provider dispatch (0.21ms)
✔ summary provider failure is non-disclosing without fallback (0.3931ms)
✔ summary mandatory invoke audit failure prevents disclosure (0.7305ms)
✔ summary mandatory complete audit failure prevents disclosure (0.409ms)
✔ Phase 4B executable API contract is versioned under /v1 with one wire convention (8.5236ms)
✔ OpenAPI lists only runtime routes and domain gates never promise success (2.3713ms)
✔ parses exactly one strict Bearer credential (1.0929ms)
✔ rejects a malformed Authorization header before session lookup (0.9752ms)
✔ rejects an invalid or expired access session (0.2003ms)
✔ fails closed when the session user does not match the bound identity (0.1832ms)
✔ fails closed when the bound user is no longer active (0.1673ms)
✔ creates an authenticated RequestContext for one active membership (0.4222ms)
✔ requires explicit workspace selection when multiple memberships are active (0.2428ms)
✔ rejects a workspace without an active membership (0.172ms)
✔ selects the requested active workspace when multiple memberships exist (0.2002ms)
✔ ceilings never supply grants; unknown and out-of-ceiling stored grants confer no authority (1.0458ms)
✔ normal Patient resource checks deny missing durable Doctor relationship and unresolved receptionist purpose (0.2827ms)
✔ Doctor Patient resource authorization loads durable same-workspace state on every check (2.6095ms)
✔ Nurse demographic read does not require assignment; unknown stored results fail closed (1.1381ms)
✔ DOCTOR clinical reads require live durable state, exact grant and canonical Patient linkage (1.74ms)
✔ NURSE clinical reads require live durable state, exact grant and canonical Patient linkage (0.7248ms)
✔ Patient encounter list cannot authorize from requested Patient ID when no canonical row exists (0.2093ms)
✔ Admin, Receptionist and unclassified roles cannot use persisted clinical links (0.2686ms)
✔ read cursors authenticate tenant, filters, sort, purpose and permission revision (8.2637ms)
✔ Doctor canonical reads use exact grants, limit+1 and opaque keyset pages (2.2143ms)
✔ shift and appointment reads enforce ranges, filters, order and resource access (1.8398ms)
✔ clinical real adapters map IDs and versions; application guards history and encounter relationships (1.0599ms)
✔ Patient routes remain unavailable and existing reads do not touch Patient or idempotency stores (45.4051ms)
✔ ADMIN membership without grants cannot gain Patient read access during request composition (0.4661ms)
✔ workspace permission revision validation fails closed and detects stale context (0.1197ms)
✔ workspace request context authenticates and enforces permission revision (1.2002ms)
✔ workspace permissions load only after valid authenticated context (0.398ms)
✔ auth transaction is public, returns only client-safe fields and no-store (6.7493ms)
✔ auth session accepts only transaction, code and state and returns token bundle (4.2047ms)
✔ auth maps INVALID_AUTH_PROVIDER to 400 without internal details (3.6125ms)
✔ auth maps AUTH_PROVIDER_UNAVAILABLE to 503 without internal details (5.4126ms)
✔ auth maps INVALID_AUTH_TRANSACTION to 400 without internal details (5.8064ms)
✔ auth maps AUTH_TRANSACTION_EXPIRED to 401 without internal details (3.4224ms)
✔ auth maps AUTH_TRANSACTION_REPLAY to 401 without internal details (3.9074ms)
✔ auth maps OIDC_VERIFICATION_FAILED to 401 without internal details (3.4237ms)
✔ auth maps IDENTITY_NOT_PROVISIONED to 403 without internal details (4.0344ms)
✔ auth rejects client identity, role, issuer and purpose overrides before service invocation (6.9513ms)
✔ auth routes enforce method, JSON, body limit and input bounds (6.5506ms)
✔ missing provider fails closed while health remains available (3.5616ms)
✔ GET /v1/health returns a JSON health envelope (3.0369ms)
✔ GET /v1/me authenticates a valid bearer and workspace (2.8951ms)
✔ GET /v1/me rejects a missing Authorization header (3.4126ms)
✔ GET /v1/me requires workspace selection for ambiguous memberships (2.8708ms)
✔ GET /v1/me rejects a malformed workspace header (3.6501ms)
✔ GET /v1/me/memberships does not require a workspace header (2.7284ms)
✔ GET /v1/me/memberships rejects an invalid access token (3.4388ms)
✔ POST /v1/me returns method not allowed with Allow GET (2.9305ms)
✔ POST /v1/auth/session validates its JSON contract (2.8282ms)
✔ GET an unknown path returns not found (2.8847ms)
✔ GET /v1/health preserves one valid incoming correlation ID (5.2356ms)
✔ unexpected identity errors return a safe internal error (3.8206ms)
✔ POST /v1/auth/refresh rotates a valid refresh token (4.4272ms)
✔ POST /v1/auth/refresh rejects an invalid token (3.7026ms)
✔ POST /v1/auth/refresh rejects refresh-token replay (4.4244ms)
✔ POST /v1/auth/refresh rejects malformed JSON (5.1947ms)
✔ POST /v1/auth/refresh rejects a missing refreshToken (2.9902ms)
✔ POST /v1/auth/revoke revokes a valid Bearer session (4.5102ms)
✔ POST /v1/auth/revoke rejects a missing Bearer session (3.2834ms)
✔ POST /v1/auth/transactions validates its JSON contract (3.8689ms)
✔ POST /v1/auth/refresh rejects an oversized body (3.8536ms)
✔ Phase 5B domain routes authenticate once and fail closed without domain access (30.2192ms)
✔ BD-01 Patient HTTP reads enforce canonical roles, live grants, projection, audit and revocation (19.5933ms)
✔ BD-01 Pass 2 Doctor HTTP read uses only persisted relationships and next-request revocation (9.6458ms)
✔ BD-02 Patient HTTP mutations remain gated and DELETE is unavailable (7.0791ms)
✔ GET /me returns only the authenticated tenant context (1.5626ms)
✔ GET /me fails closed when tenant context is ambiguous (0.3098ms)
✔ GET /me/memberships returns only active memberships (0.2012ms)
✔ identity endpoints reject a missing subject (0.2697ms)
✔ authenticated GET /me accepts a valid bearer session (0.5949ms)
✔ authenticated GET /me rejects a missing bearer credential (0.1664ms)
✔ authenticated GET /me requires workspace selection when memberships are ambiguous (0.2198ms)
✔ authenticated GET /me/memberships does not require a workspace (0.1654ms)
✔ authenticated GET /me/memberships rejects an invalid access session (0.1553ms)
✔ recovery exposes the client key and metadata only, preserves unknown states without expiry (1.7359ms)
✔ OP02 and OP03 authorize result references before mandatory audit or disclosure (2.7623ms)
✔ OP01 rejects invalid filters, repeated parameters and tampered cursors before queries (0.878ms)
✔ returns an ETag and uses the composition-root patient presenter (1.9633ms)
✔ maps a stale patch to precondition failed (0.4496ms)
✔ creates a patient through the composition boundary with an ETag (7.0393ms)
✔ lists patients through the presenter without exposing the domain object (0.4574ms)
✔ BD-02 missing MRN maps unresolved automatic allocation to 503 (0.2022ms)
✔ patient authorization allows only exact loaded grants (0.7275ms)
✔ BD-02 unresolved Patient mutation grants remain denied (0.1914ms)
✔ BD-02 requires identity fields, permits old DOB and single Unicode names, rejects extra mutation fields (2.9733ms)
✔ P04 distinguishes missing, malformed and valid-but-stale opaque validators without numeric rounding (0.3031ms)
✔ BD-01 Patient mutations require grants, role ceilings and current Doctor relationship; receptionist purpose is closed (0.6283ms)
✔ Patient composition read authorization: exact read grant (2.2996ms)
✔ Patient composition read authorization: no grants (0.2189ms)
✔ Patient composition read authorization: unrelated grant (0.1058ms)
✔ Patient composition read authorization: create grant (0.0974ms)
✔ Patient composition read authorization: update grant (0.1367ms)
✔ Patient composition read authorization: case variants (0.1545ms)
✔ Patient composition read authorization: whitespace and wildcard variants (0.0979ms)
✔ Patient composition read authorization: role names (0.1084ms)
✔ composition preserves runtime instances and keeps authorization independent per request (0.35ms)
✔ directory composition preserves runtime protection and request-scoped exact grants (0.2577ms)
✔ P03 checks patient.read before repository access and again with the loaded Patient (0.8089ms)
✔ composed patient.read reaches tenant-scoped get/list without idempotency access (0.4441ms)
✔ composed dependencies deny get/list before repository access without patient.read (0.247ms)
✔ same intent returns original 201 receipt with reauthorization/audit and no duplicate mutation (4.485ms)
✔ deterministic FAILED repeat retains original failure without validation or side effects (0.8486ms)
✔ unknown transaction outcome stays pending and repeat cannot settle again (0.6167ms)
✔ MRN conflict is settled FAILED and replayed as 409 (0.6552ms)
✔ revoked replay authority and audit failure prevent receipt disclosure (0.9695ms)
✔ operation fingerprint sorts nested keys and preserves exact strings and array order (3.2403ms)
✔ identity requires canonical UTC and UUIDv4, rejecting calendar normalization (1.3689ms)
✔ receipt contains only durable IDs/versions and expires 24h after settlement (0.4865ms)
✔ directory rejects missing (1.5791ms)
✔ directory rejects non-string (0.1515ms)
✔ directory rejects blank (0.0818ms)
✔ directory rejects one code point (0.0696ms)
✔ directory rejects over 100 code points (0.3245ms)
✔ directory rejects invalid limit (0.1889ms)
✔ directory rejects unknown filter (0.3455ms)
✔ directory trims only edges and counts Unicode code points (1.1541ms)
✔ cursor round-trip is encrypted, randomized and context bound (1.2576ms)
✔ cursor rejects wrong tenantId (0.3832ms)
✔ cursor rejects wrong normalizedQuery (0.2273ms)
✔ cursor rejects wrong sort (0.2733ms)
✔ permission revision binding is exact and distinctly stale (0.4595ms)
✔ raw UUID, malformed, tampered and wrong-key cursors are rejected (0.4794ms)
✔ authenticated unsupported payload version is rejected (0.2483ms)
✔ cursor configuration is disabled when missing and rejects invalid keys (0.1361ms)
✔ first page overfetches one and cursors the last returned item, then continues by keyset (0.8895ms)
✔ final page of 0 items has no next cursor (0.1732ms)
✔ final page of 1 items has no next cursor (0.1046ms)
✔ final page of 2 items has no next cursor (0.0727ms)
✔ missing protection, denied permission, invalid query and foreign cursor fail before database reads (0.8452ms)
✔ BD-02 duplicate MRN becomes 409 and records a 409 idempotency failure (9.0627ms)
▶ Phase 6 Run 1 real PostgreSQL authorized reads, retrieval, summary and audit
  ✔ authorized Patient read excludes internal and contact fields (8.4375ms)
  ✔ unauthorized and cross-tenant Patient reads are non-disclosing (8.9756ms)
  ✔ Clinical reads reuse grant, role ceiling and relationship authorization (17.3685ms)
  ✔ approved retrieval excludes foreign, draft and unauthorized documents and retains metadata (4.458ms)
  ✔ knowledge relationship and vector constraints reject invalid writes and requests (4.7027ms)
  ✔ summary uses only authorized context and returns transient source identities (16.2166ms)
  ✔ summary denial prevents provider dispatch (2.5776ms)
  ✔ missing production governance fails closed for read retrieval and summary (3.95ms)
  ✔ audit records authenticated session, actor, scope and source IDs without payload (2.3373ms)
  ✔ session mismatches and expiry cannot bind (0.5228ms)
  ✔ real PostgreSQL audit rejection remains typed and blocks summary disclosure (30.5054ms)
✔ Phase 6 Run 1 real PostgreSQL authorized reads, retrieval, summary and audit (247.3527ms)
✔ BD-01 PostgreSQL durable care state, isolation, retained history and atomic audit (208.444ms)
✔ Phase 5B PostgreSQL real read mapping, isolation, filters, keysets and immutable history (80.9897ms)
✔ PostgreSQL idempotency concurrency, expiration, replay and scoped finalization (230.9213ms)
✔ runs the complete migration chain on PostgreSQL (896.345ms)
✔ P02 Patient create atomically settles patient, audit and operation evidence (892.8453ms)
✔ BD-02 PostgreSQL enforces tenant MRN uniqueness and atomic Patient OCC (221.5305ms)
✔ BD-02 PostgreSQL enforces canonical Patient sex and status value sets (106.9698ms)
✔ Phase 5B real PostgreSQL command/recovery races, replay, OCC, authorization and rollback (977.1282ms)
✔ GET tenant denies a substituted cross-tenant identifier (1.7466ms)
✔ public tenant resources omit the internal version while exposing a strong ETag (1.0913ms)
✔ protected tenant access fails closed without actor or tenant context (0.1623ms)
✔ PATCH tenant requires administrator role and current If-Match (0.5182ms)
✔ POST location rejects client ownership fields and accepts synthetic creation (0.5353ms)
✔ location creation is tenant-scoped and idempotent (1.0403ms)
✔ public location resources omit the internal version (0.4065ms)
✔ location list rejects malformed tenant identifiers and invalid pagination (0.2553ms)
✔ workspace permissions load exact tenant membership grants into a set (1.5924ms)
✔ foundation migrations are ordered, transactional, and dependency-shaped (6.6457ms)
✔ foundation status and idempotency contracts match the application contracts (1.348ms)
✔ domain migrations preserve the approved dependency and immutability boundaries (2.1633ms)
✔ migration 005 defines tenant-scoped immutable audit evidence (4.015ms)
✔ migration 005 delegates transaction ownership to the migration runner (1.8897ms)
✔ Phase 4B migration adds durable operation, auth, audit, clinical and AI foundations (3.657ms)
✔ Phase 4B persistence tables do not define request or prompt payload columns (2.4697ms)
✔ AI draft adapter uses parameterized SQL and tenant/OCC predicates (1.2164ms)
✔ AI draft adapter rejects missing tenant and stale version inputs (0.7131ms)
✔ AI gateway propagates mandatory audit failure without retry or disclosure (1.5551ms)
✔ registered typed tools retain validation when called through erased registry (0.2017ms)
✔ AI gateway fails closed without authenticated context (0.7793ms)
✔ AI gateway fails closed for malformed runtime context without throwing (0.2493ms)
✔ AI gateway denies unknown tools and invalid input (0.3006ms)
✔ AI gateway enforces explicit tenant/resource authorization (0.3417ms)
✔ AI gateway returns bounded output and records allowed access (0.3393ms)
✔ AI gateway rejects output exceeding the configured bound (0.3178ms)
✔ AI gateway fails closed when input validation or authorization throws (0.2163ms)
✔ completion mandatory audit failure propagates once on success (1.7664ms)
✔ completion mandatory audit failure propagates once on invalid (0.1267ms)
✔ completion mandatory audit failure propagates once on oversized (0.0898ms)
✔ completion mandatory audit failure propagates once on failure (0.1307ms)
✔ nested mandatory audit failure escapes tool error conversion (0.3621ms)
✔ nested mandatory audit failure escapes retrieval error conversion (0.2467ms)
✔ nested mandatory audit failure escapes provider error conversion (0.0981ms)
✔ completion port validates context, bounds output, and records metadata only (2.0017ms)
✔ completion port fails closed for invalid context, oversized output, and provider failure (0.5634ms)
✔ Dify adapter sends bounded provider request without exposing secret in payload (24.6987ms)
✔ Dify adapter fails closed on invalid context, provider failure, and malformed response (1.1115ms)
✔ Dify adapter maps timeout, caller cancellation, and secret-provider failures safely (4.0115ms)
✔ clinical draft tool is explicitly draft-only and requires approval (1.1153ms)
✔ clinical draft tool binds encounter resource to input (0.1761ms)
✔ clinical draft tool rejects incomplete or unknown input (0.1355ms)
✔ AI draft workflow enforces GENERATED → REVIEWING → APPROVED (1.606ms)
✔ AI draft workflow rejects approval before human review and supports rejection (0.8676ms)
✔ AI actor cannot perform human approval transitions (0.3472ms)
✔ RAG audit binds only the returned source identities without content (1.9416ms)
✔ RAG propagates mandatory audit failure without retry or results (0.5528ms)
✔ RAG retrieval fails closed without authenticated context (0.1891ms)
✔ RAG retrieval requires explicit permission (0.6726ms)
✔ RAG retrieval filters tenant and status before returning results (0.2036ms)
✔ RAG retrieval bounds query, result count, and snippets (0.1778ms)
✔ RAG retrieval does not expose source failure details (0.171ms)
✔ get_patient returns minimum necessary fields only (1.3512ms)
✔ get_recent_encounters filters tenant and bounds results (0.2623ms)
✔ read-only tools reject malformed or excessive input (0.1573ms)
✔ resource authorization matches the requested patient (0.1573ms)
✔ read-only tools accept public summaries without requiring private entity fields (0.2519ms)
✔ encounter summaries keep tenant and patient filtering before the result limit (0.1408ms)
✔ creates a tenant-scoped appointment and returns the repository result (8.5243ms)
✔ replays an idempotent appointment instead of creating a duplicate (1.844ms)
✔ rejects the same idempotency key when the request fingerprint conflicts (1.5939ms)
✔ maps a database scheduling conflict to a business conflict and records a 409 failure (1.1037ms)
✔ lists only appointments for the active tenant (0.4494ms)
✔ validates availability range before asking the scheduling provider (0.4372ms)
✔ requires a current version and valid lifecycle transition for check-in (0.866ms)
✔ preserves AppointmentSchedulingConflictError constructor identity through the compatibility export (0.6312ms)
✔ detects overlapping active appointments for the same doctor (0.6622ms)
✔ does not treat another doctor or terminal appointment as a double booking (0.1779ms)
✔ audit repository appends events and lists only the requested tenant (1.3656ms)
✔ audit repository applies a bounded result limit (0.1464ms)
✔ audit cursor is opaque, keyset-shaped, and tenant-bound (0.6508ms)
✔ audit repository uses the cursor as a createdAt and eventId keyset (0.17ms)
✔ audit cursor rejects malformed and non-opaque values (0.8285ms)
✔ audit repository replays identical events and conflicts on payload reuse (0.1891ms)
✔ repository validates list input defensively (0.1246ms)
✔ PostgreSQL audit adapter uses parameterized SQL and preserves replay/conflict semantics (7.9199ms)
✔ PostgreSQL audit adapter persists operation/session/resource-version linkage (0.3929ms)
✔ creates and replays a tenant-scoped encounter (7.3374ms)
✔ rejects a conflicting encounter idempotency key (1.1802ms)
✔ fails closed without authenticated tenant context (0.432ms)
✔ creates and replays the first draft medical record version (2.2028ms)
✔ rejects empty clinical content and unknown fields (0.5128ms)
✔ enforces DRAFT to IN_REVIEW to FINALIZED transitions (1.1098ms)
✔ creates an amendment version only from a finalized current version (0.7979ms)
✔ lists doctors only inside the active tenant (0.7648ms)
✔ rejects a substituted cross-tenant doctor identifier (0.3896ms)
✔ requires an authorized tenant context for shift access (0.2182ms)
✔ transaction creates unique secrets, hashed state, encrypted recoverable nonce/verifier, S256 and five minute TTL (4.6106ms)
✔ wrong state and expired transactions do not create sessions (1.0643ms)
✔ transaction tampering with pkceVerifierCiphertext is terminal (0.9317ms)
✔ transaction tampering with nonceCiphertext is terminal (0.5306ms)
✔ transaction tampering with codeChallenge is terminal (0.4194ms)
✔ transaction tampering with nonceHash is terminal (0.3505ms)
✔ transaction tampering with redirectUri is terminal (0.3395ms)
✔ concurrent completion creates only one session and blocks replay (0.8501ms)
✔ DISABLED identity cannot create a session (0.54ms)
✔ MISSING identity cannot create a session (0.4583ms)
✔ provider failure after claim is terminal, including unavailable/timeout (0.4806ms)
✔ client userId cannot override verified identity (0.3101ms)
✔ unconfigured provider/key and invalid provider fail closed (0.1871ms)
✔ establishes an authenticated actor and tenant context (0.7306ms)
✔ rejects an unauthenticated actor (0.3786ms)
✔ rejects an actor without an active membership (0.1202ms)
✔ does not establish tenant B from tenant A membership (0.1079ms)
✔ rejects an empty requested tenant identifier (0.1232ms)
✔ rejects ambiguous tenant context without a requested tenant (0.1027ms)
✔ real adapter exchanges PKCE code and verifies signed JWKS identity (29.5545ms)
✔ OIDC rejects issuer (2.7182ms)
✔ OIDC rejects audience (2.2357ms)
✔ OIDC rejects expired (1.6413ms)
✔ OIDC rejects futureIat (1.9193ms)
✔ OIDC rejects oldIat (2.0852ms)
✔ OIDC rejects missingIat (1.434ms)
✔ OIDC rejects missingExp (1.5328ms)
✔ OIDC rejects blankSubject (1.6803ms)
✔ OIDC rejects missingNonce (2.1272ms)
✔ OIDC rejects multiAudienceMissingAzp (1.6338ms)
✔ OIDC rejects badAzp (1.3534ms)
✔ nonce mismatch and unverified caller-supplied claims fail closed (1.4423ms)
✔ multi-audience with matching authorized party is accepted (3.2264ms)
✔ invalid signature, unknown key and disallowed algorithm fail closed (31.1451ms)
✔ upstream errors and network failures never leak response bodies (1.1585ms)
✔ configuration requires HTTPS and configured JWKS; redirect cannot be replaced (0.2572ms)
✔ creates a session with short access lifetime and fixed refresh lifetime (3.0885ms)
✔ authenticates a valid access token using only its SHA-256 hash (1.2353ms)
✔ rejects a malformed access token before repository lookup (0.257ms)
✔ returns INVALID when the access session lookup fails (0.3464ms)
✔ rotates a valid refresh token and returns a new token bundle (0.6623ms)
✔ rejects a malformed refresh token before repository lookup (0.1387ms)
✔ propagates refresh-token replay detection (0.3626ms)
✔ caps access expiry at the fixed session expiry (0.2304ms)
✔ revokes a valid access session (0.3087ms)
✔ rejects a malformed access token before lookup during revoke (0.2119ms)
✔ returns INVALID when the active access session lookup fails during revoke (0.2086ms)
✔ returns INVALID when repository revoke returns false (0.2374ms)
✔ creates opaque access tokens bound to a session id (1.6601ms)
✔ creates opaque refresh tokens bound to a refresh-token id (0.1655ms)
✔ hashes tokens without retaining plaintext (0.4983ms)
✔ rejects malformed tokens (0.337ms)
✔ grant reader uses a read-only query scoped by tenant and membership parameters (1.7968ms)
✔ grant reader preserves permission order from the database result (0.1477ms)
✔ grant reader passes the tenant scope on every call for the same membership (0.224ms)
✔ grant reader returns no permissions for empty rows (0.0984ms)
✔ grant reader propagates database failures without granting permissions (0.3634ms)
✔ PostgresIdentityContextStore resolves identity subjects and memberships (826.9631ms)
✔ PostgresSessionRepository creates, rotates, detects replay and revokes sessions (921.3177ms)
✔ creates once and replays the original patient for the same idempotency key (7.603ms)
✔ rejects a reused idempotency key with a different request (1.659ms)
✔ fails closed for missing authentication or tenant context (0.5568ms)
✔ does not read a tenant B patient from tenant A (0.3097ms)
✔ requires the current strong ETag for a Patient patch (0.4757ms)
✔ rejects unknown search fields and accepts only tenant-scoped list input (0.2912ms)
✔ BD-02 create enforces canonical Patient identity policy (2.2438ms)
✔ BD-02 create fails closed when automatic MRN allocation is unresolved (0.2697ms)
✔ BD-02 create rejects client-controlled status (0.1706ms)
✔ BD-02 create rejects non-canonical sex values (0.4079ms)
✔ BD-02 create rejects malformed, impossible and future dates of birth (0.2458ms)
✔ BD-02 generic patient.update rejects status mutation (0.1485ms)
✔ BD-02 Patient patch rejects non-canonical sex values (0.0858ms)
✔ BD-02 generic Patient patch rejects MRN and unresolved lifecycle fields (0.2827ms)
✔ BD-02 Patient patch rejects malformed, impossible and future dates of birth (0.334ms)
✔ accepts a Patient belonging to the requested tenant (0.826ms)
✔ fails closed when a Patient belongs to another tenant (0.4163ms)
✔ does not discover a Patient from another tenant through the repository port (1.077ms)
✔ directory SQL uses tenant-scoped parameterized name/id keysets and no OFFSET (3.4169ms)
✔ P03 findById binds both tenant and patient identity (0.2667ms)
✔ builds a metadata-first audit event without clinical payload (2.7171ms)
✔ rejects missing identity and invalid results (0.7369ms)
✔ emits only validated events through the sink (0.2659ms)
✔ builds an audit input from authenticated request context (0.3055ms)
✔ does not build an audit input without authenticated context (0.1873ms)
✔ preserves operation, session and resource-version attribution (0.8891ms)
✔ allows same-tenant access when the resource policy allows it (1.2443ms)
✔ denies same-tenant access when ownership or relationship policy denies it (0.3257ms)
✔ denies cross-tenant access before evaluating the policy (0.2596ms)
✔ denies missing actor context (0.2344ms)
✔ denies missing tenant context (0.1844ms)
✔ denies invalid tenant context (0.096ms)
✔ denies invalid resource scope (0.0831ms)
✔ denies ambiguous or absent policy by default (0.1628ms)
✔ denies policy failures instead of allowing access (0.1749ms)
✔ denies malformed action (0.174ms)
✔ denies malformed request and resource without throwing (0.121ms)
✔ destructive PostgreSQL suite refuses DATABASE_URL without disposable opt-in before connecting (505.2078ms)
✔ migration adapter keeps transaction statements on one client and closes once (3.6171ms)
✔ migration adapter closes a failed connection without retrying it (0.7821ms)
✔ closing an unused migration adapter does not open a connection (1.6259ms)
✔ migration adapter fails closed after a session error instead of reconnecting mid-transaction (0.5949ms)
✔ close during connection acquisition prevents a late query and ends the session once (0.4133ms)
✔ runs migrations in order under one transaction and records checksums (0.4173ms)
✔ reruns applied migrations without executing SQL again (0.288ms)
✔ rolls back when a recorded checksum differs (0.3409ms)
✔ rejects migrations that try to manage their own transaction (0.2907ms)
✔ Phase 4B PostgreSQL constraints reject cross-workspace links and duplicate identities (1117.781ms)
✔ Phase 4B PostgreSQL operation, clinical-version and AI handoff uniqueness constraints are present (862.7244ms)
✔ PostgreSQL migration upgrade, replay, checksum rejection and rollback preserve committed state (805.3408ms)
✔ PostgreSQL session stays pinned and close rolls back an unfinished transaction (108.2375ms)
✔ runtime transaction stays on one PostgreSQL session and commits (135.6932ms)
✔ runtime transaction rolls back all writes when work fails (65.4127ms)
✔ runtime database rejects queries after close (0.4943ms)
✔ accepts idempotency keys from 1 through 255 characters (0.9679ms)
✔ canonicalization sorts keys and trims strings (0.2322ms)
✔ canonicalization rejects non-plain or non-JSON data (0.7374ms)
✔ hashPayload is deterministic for logically equivalent payloads (4.1621ms)
✔ lookup returns NEW for an unknown identity (0.8403ms)
✔ begin, complete, and lookup provide replay behavior (0.3689ms)
✔ same key with a different hash returns conflict (0.1647ms)
✔ concurrent same-key begin is represented as in progress and must fail closed (0.1195ms)
✔ default TTL and expiration helper use 24 hours (0.2315ms)
✔ lookup unknown or expired identity returns NEW with an exclusive expiration bound (1.835ms)
✔ lookup PROCESSING with different hash returns CONFLICT (0.2161ms)
✔ lookup SUCCEEDED with different hash returns CONFLICT (0.1109ms)
✔ lookup PROCESSING with same hash returns IN_PROGRESS (0.1128ms)
✔ lookup SUCCEEDED with same hash returns REPLAY (0.1538ms)
✔ lookup FAILED with same hash returns REPLAY (0.1442ms)
✔ begin atomically inserts PROCESSING with a backend UUID and default TTL (0.5853ms)
✔ begin replaces expired identity and resets all attempt fields in the same upsert (0.2414ms)
✔ begin PROCESSING with same hash returns CONFLICT (0.1502ms)
✔ begin SUCCEEDED with different hash returns CONFLICT (0.2649ms)
✔ begin SUCCEEDED with same hash returns REPLAY (0.1608ms)
✔ begin FAILED with same hash returns REPLAY (0.1344ms)
✔ simultaneous begin responses map the database winner and loser without unique errors (0.3438ms)
✔ complete parameterizes all four identity fields and returns the canonical terminal record (0.2587ms)
✔ complete rejects missing, expired, terminal or differently scoped targets (0.5521ms)
✔ fail parameterizes all four identity fields and returns the canonical terminal record (0.1147ms)
✔ fail rejects missing, expired, terminal or differently scoped targets (0.0905ms)
✔ fail defaults both response fields to null (0.1003ms)
✔ all operations bind values rather than interpolating user input (0.1847ms)
✔ invalid key and TTL fail before querying; missing upsert result fails closed (0.3108ms)
✔ admission generates an operation ID and preserves the concurrent database winner (2.88ms)
✔ PROCESSING repeats preserve the original result and reject different intent (0.3223ms)
✔ INDETERMINATE repeats preserve the original result and reject different intent (0.115ms)
✔ SUCCEEDED repeats preserve the original result and reject different intent (0.1182ms)
✔ FAILED repeats preserve the original result and reject different intent (0.1333ms)
✔ CLOSED repeats preserve the original result and reject different intent (0.0862ms)
✔ invalid identity, fingerprint and timestamp fail before database access (0.6651ms)
✔ admission accepts exact timestamp window boundaries (0.1833ms)
✔ completion atomically links the primary resource and preserves bigint precision (0.3322ms)
✔ complete fences stale or terminal callers by exact identity, intent and operation ID (0.3823ms)
✔ fail fences stale or terminal callers by exact identity, intent and operation ID (0.223ms)
✔ known failure persists public error and HTTP status (0.152ms)
✔ database/ref errors propagate unchanged to the owning transaction (0.2155ms)
✔ invalid results cannot settle an operation (0.172ms)
✔ append preserves tenant, actor, request, and correlation context (1.3691ms)
✔ claimBatch claims pending events and increments attemptCount (0.3033ms)
✔ markCompleted transitions a processing event to completed (0.5267ms)
✔ markFailed increments retry state and dead-letters after max retries (0.2006ms)
✔ outbox status flow is pending, processing, then completed or failed (0.1675ms)
ℹ tests 408
ℹ suites 0
ℹ pass 408
ℹ fail 0
ℹ cancelled 0
ℹ skipped 0
ℹ todo 0
ℹ duration_ms 26028.7902
