
> test
> node --experimental-strip-types --test --test-concurrency=1

✔ draft generation accepts only canonical target/instruction, never actor or tenant (1.3954ms)
✔ draft generation rejects malformed/weak target tokens and oversized instruction (0.306ms)
✔ provider content must be exact bounded four-field ClinicalContent (0.9834ms)
✔ summary assembles authorized source projections and returns transient advisory evidence without fabricated versions (3.6334ms)
✔ summary governance missing fails closed before reads/provider (0.3189ms)
✔ summary governance denied fails closed before reads/provider (0.2255ms)
✔ summary governance incomplete fails closed before reads/provider (0.112ms)
✔ summary patient failure prevents partial-context provider dispatch (0.2077ms)
✔ summary encounters failure prevents partial-context provider dispatch (0.1077ms)
✔ summary knowledge failure prevents partial-context provider dispatch (0.1608ms)
✔ summary provider failure is non-disclosing without fallback (0.2715ms)
✔ summary mandatory invoke audit failure prevents disclosure (0.624ms)
✔ summary mandatory complete audit failure prevents disclosure (0.3777ms)
✔ Phase 4B executable API contract is versioned under /v1 with one wire convention (6.793ms)
✔ OpenAPI lists only runtime routes and domain gates never promise success (1.711ms)
✔ parses exactly one strict Bearer credential (1.2879ms)
✔ rejects a malformed Authorization header before session lookup (0.8061ms)
✔ rejects an invalid or expired access session (0.2021ms)
✔ fails closed when the session user does not match the bound identity (0.1624ms)
✔ fails closed when the bound user is no longer active (0.1438ms)
✔ creates an authenticated RequestContext for one active membership (0.4454ms)
✔ requires explicit workspace selection when multiple memberships are active (0.2281ms)
✔ rejects a workspace without an active membership (0.2066ms)
✔ selects the requested active workspace when multiple memberships exist (0.2153ms)
✔ ceilings never supply grants; unknown and out-of-ceiling stored grants confer no authority (1.183ms)
✔ normal Patient resource checks deny missing durable Doctor relationship and unresolved receptionist purpose (0.4901ms)
✔ Doctor Patient resource authorization loads durable same-workspace state on every check (3.24ms)
✔ Nurse demographic read does not require assignment; unknown stored results fail closed (1.173ms)
✔ DOCTOR clinical reads require live durable state, exact grant and canonical Patient linkage (2.5937ms)
✔ NURSE clinical reads require live durable state, exact grant and canonical Patient linkage (0.6417ms)
✔ Patient encounter list cannot authorize from requested Patient ID when no canonical row exists (0.2404ms)
✔ Admin, Receptionist and unclassified roles cannot use persisted clinical links (0.2661ms)
✔ read cursors authenticate tenant, filters, sort, purpose and permission revision (7.2849ms)
✔ Doctor canonical reads use exact grants, limit+1 and opaque keyset pages (1.3686ms)
✔ shift and appointment reads enforce ranges, filters, order and resource access (1.6622ms)
✔ clinical real adapters map IDs and versions; application guards history and encounter relationships (0.9939ms)
✔ Patient routes remain unavailable and existing reads do not touch Patient or idempotency stores (48.0569ms)
✔ ADMIN membership without grants cannot gain Patient read access during request composition (0.6706ms)
✔ workspace permission revision validation fails closed and detects stale context (0.1663ms)
✔ workspace request context authenticates and enforces permission revision (1.3661ms)
✔ workspace permissions load only after valid authenticated context (0.5224ms)
✔ auth transaction is public, returns only client-safe fields and no-store (7.9357ms)
✔ auth session accepts only transaction, code and state and returns token bundle (4.5553ms)
✔ auth maps INVALID_AUTH_PROVIDER to 400 without internal details (3.8866ms)
✔ auth maps AUTH_PROVIDER_UNAVAILABLE to 503 without internal details (5.2256ms)
✔ auth maps INVALID_AUTH_TRANSACTION to 400 without internal details (5.392ms)
✔ auth maps AUTH_TRANSACTION_EXPIRED to 401 without internal details (6.419ms)
✔ auth maps AUTH_TRANSACTION_REPLAY to 401 without internal details (4.0845ms)
✔ auth maps OIDC_VERIFICATION_FAILED to 401 without internal details (5.3075ms)
✔ auth maps IDENTITY_NOT_PROVISIONED to 403 without internal details (4.7404ms)
✔ auth rejects client identity, role, issuer and purpose overrides before service invocation (8.2554ms)
✔ auth routes enforce method, JSON, body limit and input bounds (10.2969ms)
✔ missing provider fails closed while health remains available (4.1358ms)
✔ GET /v1/health returns a JSON health envelope (4.7326ms)
✔ GET /v1/me authenticates a valid bearer and workspace (4.5803ms)
✔ GET /v1/me rejects a missing Authorization header (3.9624ms)
✔ GET /v1/me requires workspace selection for ambiguous memberships (4.2048ms)
✔ GET /v1/me rejects a malformed workspace header (3.2391ms)
✔ GET /v1/me/memberships does not require a workspace header (4.6031ms)
✔ GET /v1/me/memberships rejects an invalid access token (4.0246ms)
✔ POST /v1/me returns method not allowed with Allow GET (4.1026ms)
✔ POST /v1/auth/session validates its JSON contract (3.7693ms)
✔ GET an unknown path returns not found (3.8689ms)
✔ GET /v1/health preserves one valid incoming correlation ID (4.6769ms)
✔ unexpected identity errors return a safe internal error (5.3823ms)
✔ POST /v1/auth/refresh rotates a valid refresh token (4.0656ms)
✔ POST /v1/auth/refresh rejects an invalid token (4.3893ms)
✔ POST /v1/auth/refresh rejects refresh-token replay (3.4716ms)
✔ POST /v1/auth/refresh rejects malformed JSON (4.0695ms)
✔ POST /v1/auth/refresh rejects a missing refreshToken (3.7454ms)
✔ POST /v1/auth/revoke revokes a valid Bearer session (4.1722ms)
✔ POST /v1/auth/revoke rejects a missing Bearer session (3.7798ms)
✔ POST /v1/auth/transactions validates its JSON contract (3.4536ms)
✔ POST /v1/auth/refresh rejects an oversized body (4.5558ms)
✔ Phase 5B domain routes authenticate once and fail closed without domain access (28.1601ms)
✔ BD-01 Patient HTTP reads enforce canonical roles, live grants, projection, audit and revocation (14.0437ms)
✔ BD-01 Pass 2 Doctor HTTP read uses only persisted relationships and next-request revocation (7.143ms)
✔ BD-02 Patient HTTP mutations remain gated and DELETE is unavailable (5.7819ms)
✔ GET /me returns only the authenticated tenant context (1.3587ms)
✔ GET /me fails closed when tenant context is ambiguous (0.4063ms)
✔ GET /me/memberships returns only active memberships (0.2234ms)
✔ identity endpoints reject a missing subject (0.2132ms)
✔ authenticated GET /me accepts a valid bearer session (0.6708ms)
✔ authenticated GET /me rejects a missing bearer credential (0.2135ms)
✔ authenticated GET /me requires workspace selection when memberships are ambiguous (0.2091ms)
✔ authenticated GET /me/memberships does not require a workspace (0.1559ms)
✔ authenticated GET /me/memberships rejects an invalid access session (0.1849ms)
✔ recovery exposes the client key and metadata only, preserves unknown states without expiry (1.2235ms)
✔ OP02 and OP03 authorize result references before mandatory audit or disclosure (2.6164ms)
✔ OP01 rejects invalid filters, repeated parameters and tampered cursors before queries (0.779ms)
✔ returns an ETag and uses the composition-root patient presenter (1.851ms)
✔ maps a stale patch to precondition failed (0.6253ms)
✔ creates a patient through the composition boundary with an ETag (8.2177ms)
✔ lists patients through the presenter without exposing the domain object (0.4486ms)
✔ BD-02 missing MRN maps unresolved automatic allocation to 503 (0.1859ms)
✔ patient authorization allows only exact loaded grants (0.933ms)
✔ BD-02 unresolved Patient mutation grants remain denied (0.5228ms)
✔ BD-02 requires identity fields, permits old DOB and single Unicode names, rejects extra mutation fields (3.4634ms)
✔ P04 distinguishes missing, malformed and valid-but-stale opaque validators without numeric rounding (0.3526ms)
✔ BD-01 Patient mutations require grants, role ceilings and current Doctor relationship; receptionist purpose is closed (1.3089ms)
✔ Patient composition read authorization: exact read grant (1.3055ms)
✔ Patient composition read authorization: no grants (0.1312ms)
✔ Patient composition read authorization: unrelated grant (0.22ms)
✔ Patient composition read authorization: create grant (0.1724ms)
✔ Patient composition read authorization: update grant (0.2296ms)
✔ Patient composition read authorization: case variants (0.1469ms)
✔ Patient composition read authorization: whitespace and wildcard variants (0.116ms)
✔ Patient composition read authorization: role names (0.2468ms)
✔ composition preserves runtime instances and keeps authorization independent per request (0.3269ms)
✔ directory composition preserves runtime protection and request-scoped exact grants (0.2373ms)
✔ P03 checks patient.read before repository access and again with the loaded Patient (0.7637ms)
✔ composed patient.read reaches tenant-scoped get/list without idempotency access (0.4354ms)
✔ composed dependencies deny get/list before repository access without patient.read (0.1818ms)
✔ same intent returns original 201 receipt with reauthorization/audit and no duplicate mutation (2.4884ms)
✔ deterministic FAILED repeat retains original failure without validation or side effects (0.8053ms)
✔ unknown transaction outcome stays pending and repeat cannot settle again (0.5097ms)
✔ MRN conflict is settled FAILED and replayed as 409 (0.4587ms)
✔ revoked replay authority and audit failure prevent receipt disclosure (0.6751ms)
✔ operation fingerprint sorts nested keys and preserves exact strings and array order (2.8601ms)
✔ identity requires canonical UTC and UUIDv4, rejecting calendar normalization (1.1746ms)
✔ receipt contains only durable IDs/versions and expires 24h after settlement (0.4498ms)
✔ directory rejects missing (1.2855ms)
✔ directory rejects non-string (0.2728ms)
✔ directory rejects blank (0.136ms)
✔ directory rejects one code point (0.2007ms)
✔ directory rejects over 100 code points (0.2284ms)
✔ directory rejects invalid limit (0.2137ms)
✔ directory rejects unknown filter (0.3243ms)
✔ directory trims only edges and counts Unicode code points (1.1953ms)
✔ cursor round-trip is encrypted, randomized and context bound (1.6411ms)
✔ cursor rejects wrong tenantId (0.4515ms)
✔ cursor rejects wrong normalizedQuery (0.2443ms)
✔ cursor rejects wrong sort (0.2393ms)
✔ permission revision binding is exact and distinctly stale (0.7225ms)
✔ raw UUID, malformed, tampered and wrong-key cursors are rejected (0.8166ms)
✔ authenticated unsupported payload version is rejected (0.5689ms)
✔ cursor configuration is disabled when missing and rejects invalid keys (0.3475ms)
✔ first page overfetches one and cursors the last returned item, then continues by keyset (0.9842ms)
✔ final page of 0 items has no next cursor (0.18ms)
✔ final page of 1 items has no next cursor (0.1895ms)
✔ final page of 2 items has no next cursor (0.0973ms)
✔ missing protection, denied permission, invalid query and foreign cursor fail before database reads (0.6282ms)
✔ BD-02 duplicate MRN becomes 409 and records a 409 idempotency failure (7.5771ms)
▶ Phase 6 Run 2 PostgreSQL durable draft/provenance/audit, authorization, rollback and OCC
  ✔ durable generation binds canonical actor, patient, encounter, target, source, expiry and version (37.3905ms)
  ✔ same operation replays exact receipt without another provider call or draft (29.8629ms)
  ✔ missing governance/grants and unauthorized resources persist no output (5.255ms)
  ✔ target precondition and patient/encounter mismatch fail before provider (11.422ms)
  ✔ target changes during generation cannot commit stale draft (17.2532ms)
  ✔ invalid provider payload never persists (13.2885ms)
  ✔ ai_provenance failure rolls back draft, provenance and completed operation (24.0935ms)
  ✔ audit_events failure rolls back draft, provenance and completed operation (27.5042ms)
  ✔ provenance rejects mismatched source and target relationships (5.6327ms)
  ✔ wrong tenant and missing draft are indistinguishable; state/version predicates are atomic (50.338ms)
  ✔ real concurrent PostgreSQL updates have one winner and increment once (31.2536ms)
  ✔ bigint version precision survives persistence, reads and transitions (4.9987ms)
✔ Phase 6 Run 2 PostgreSQL durable draft/provenance/audit, authorization, rollback and OCC (532.7321ms)
▶ Phase 6 Run 1 real PostgreSQL authorized reads, retrieval, summary and audit
  ✔ authorized Patient read excludes internal and contact fields (8.7314ms)
  ✔ unauthorized and cross-tenant Patient reads are non-disclosing (9.9056ms)
  ✔ Clinical reads reuse grant, role ceiling and relationship authorization (18.6112ms)
  ✔ approved retrieval excludes foreign, draft and unauthorized documents and retains metadata (4.0681ms)
  ✔ knowledge relationship and vector constraints reject invalid writes and requests (5.1788ms)
  ✔ summary uses only authorized context and returns transient source identities (16.5181ms)
  ✔ summary denial prevents provider dispatch (3.3378ms)
  ✔ missing production governance fails closed for read retrieval and summary (4.1518ms)
  ✔ audit records authenticated session, actor, scope and source IDs without payload (2.5362ms)
  ✔ session mismatches and expiry cannot bind (0.5277ms)
  ✔ real PostgreSQL audit rejection remains typed and blocks summary disclosure (17.0909ms)
✔ Phase 6 Run 1 real PostgreSQL authorized reads, retrieval, summary and audit (265.1204ms)
✔ BD-01 PostgreSQL durable care state, isolation, retained history and atomic audit (205.357ms)
✔ Phase 5B PostgreSQL real read mapping, isolation, filters, keysets and immutable history (88.1353ms)
✔ PostgreSQL idempotency concurrency, expiration, replay and scoped finalization (240.837ms)
✔ runs the complete migration chain on PostgreSQL (902.3011ms)
✔ P02 Patient create atomically settles patient, audit and operation evidence (899.5397ms)
✔ BD-02 PostgreSQL enforces tenant MRN uniqueness and atomic Patient OCC (101.6279ms)
✔ BD-02 PostgreSQL enforces canonical Patient sex and status value sets (137.4669ms)
✔ Phase 5B real PostgreSQL command/recovery races, replay, OCC, authorization and rollback (1166.9532ms)
✔ GET tenant denies a substituted cross-tenant identifier (1.3746ms)
✔ public tenant resources omit the internal version while exposing a strong ETag (1.5576ms)
✔ protected tenant access fails closed without actor or tenant context (0.2584ms)
✔ PATCH tenant requires administrator role and current If-Match (0.6193ms)
✔ POST location rejects client ownership fields and accepts synthetic creation (0.591ms)
✔ location creation is tenant-scoped and idempotent (0.8798ms)
✔ public location resources omit the internal version (0.2916ms)
✔ location list rejects malformed tenant identifiers and invalid pagination (0.2197ms)
✔ workspace permissions load exact tenant membership grants into a set (1.3272ms)
✔ foundation migrations are ordered, transactional, and dependency-shaped (6.4059ms)
✔ foundation status and idempotency contracts match the application contracts (1.5652ms)
✔ domain migrations preserve the approved dependency and immutability boundaries (3.037ms)
✔ migration 005 defines tenant-scoped immutable audit evidence (5.0239ms)
✔ migration 005 delegates transaction ownership to the migration runner (2.4796ms)
✔ Phase 4B migration adds durable operation, auth, audit, clinical and AI foundations (4.3573ms)
✔ Phase 4B persistence tables do not define request or prompt payload columns (1.6435ms)
✔ AI draft adapter uses parameterized SQL and tenant/OCC predicates (1.7351ms)
✔ AI draft adapter rejects missing tenant and stale version inputs (0.5723ms)
✔ AI gateway propagates mandatory audit failure without retry or disclosure (1.3707ms)
✔ registered typed tools retain validation when called through erased registry (0.3077ms)
✔ AI gateway fails closed without authenticated context (0.8438ms)
✔ AI gateway fails closed for malformed runtime context without throwing (1.0913ms)
✔ AI gateway denies unknown tools and invalid input (0.1468ms)
✔ AI gateway enforces explicit tenant/resource authorization (0.2026ms)
✔ AI gateway returns bounded output and records allowed access (0.15ms)
✔ AI gateway rejects output exceeding the configured bound (0.1291ms)
✔ AI gateway fails closed when input validation or authorization throws (0.1258ms)
✔ completion mandatory audit failure propagates once on success (1.527ms)
✔ completion mandatory audit failure propagates once on invalid (0.2145ms)
✔ completion mandatory audit failure propagates once on oversized (0.1429ms)
✔ completion mandatory audit failure propagates once on failure (0.1887ms)
✔ nested mandatory audit failure escapes tool error conversion (0.4626ms)
✔ nested mandatory audit failure escapes retrieval error conversion (0.4119ms)
✔ nested mandatory audit failure escapes provider error conversion (0.1508ms)
✔ completion port validates context, bounds output, and records metadata only (1.2177ms)
✔ completion port fails closed for invalid context, oversized output, and provider failure (0.3194ms)
✔ Dify adapter sends bounded provider request without exposing secret in payload (38.7318ms)
✔ Dify adapter fails closed on invalid context, provider failure, and malformed response (1.1503ms)
✔ Dify adapter maps timeout, caller cancellation, and secret-provider failures safely (4.9993ms)
✔ clinical draft tool is explicitly draft-only and requires approval (1.2887ms)
✔ clinical draft tool binds encounter resource to input (0.1921ms)
✔ clinical draft tool rejects incomplete or unknown input (0.1437ms)
✔ AI draft workflow enforces GENERATED → REVIEWING → APPROVED (1.5039ms)
✔ AI draft workflow rejects approval before human review and supports rejection (0.6242ms)
✔ AI actor cannot perform human approval transitions (0.2311ms)
✔ RAG audit binds only the returned source identities without content (1.3483ms)
✔ RAG propagates mandatory audit failure without retry or results (0.4253ms)
✔ RAG retrieval fails closed without authenticated context (0.2031ms)
✔ RAG retrieval requires explicit permission (0.2475ms)
✔ RAG retrieval filters tenant and status before returning results (0.9978ms)
✔ RAG retrieval bounds query, result count, and snippets (0.3004ms)
✔ RAG retrieval does not expose source failure details (0.262ms)
✔ get_patient returns minimum necessary fields only (2.378ms)
✔ get_recent_encounters filters tenant and bounds results (0.3579ms)
✔ read-only tools reject malformed or excessive input (0.5146ms)
✔ resource authorization matches the requested patient (0.4356ms)
✔ read-only tools accept public summaries without requiring private entity fields (0.4917ms)
✔ encounter summaries keep tenant and patient filtering before the result limit (1.2592ms)
✔ creates a tenant-scoped appointment and returns the repository result (7.6471ms)
✔ replays an idempotent appointment instead of creating a duplicate (1.7415ms)
✔ rejects the same idempotency key when the request fingerprint conflicts (1.3806ms)
✔ maps a database scheduling conflict to a business conflict and records a 409 failure (0.8827ms)
✔ lists only appointments for the active tenant (0.3469ms)
✔ validates availability range before asking the scheduling provider (0.3321ms)
✔ requires a current version and valid lifecycle transition for check-in (0.6964ms)
✔ preserves AppointmentSchedulingConflictError constructor identity through the compatibility export (0.7551ms)
✔ detects overlapping active appointments for the same doctor (0.6314ms)
✔ does not treat another doctor or terminal appointment as a double booking (0.1458ms)
✔ audit repository appends events and lists only the requested tenant (1.4589ms)
✔ audit repository applies a bounded result limit (0.1979ms)
✔ audit cursor is opaque, keyset-shaped, and tenant-bound (0.9069ms)
✔ audit repository uses the cursor as a createdAt and eventId keyset (0.2713ms)
✔ audit cursor rejects malformed and non-opaque values (0.8593ms)
✔ audit repository replays identical events and conflicts on payload reuse (0.1794ms)
✔ repository validates list input defensively (0.1266ms)
✔ PostgreSQL audit adapter uses parameterized SQL and preserves replay/conflict semantics (8.127ms)
✔ PostgreSQL audit adapter persists operation/session/resource-version linkage (0.2923ms)
✔ creates and replays a tenant-scoped encounter (6.9903ms)
✔ rejects a conflicting encounter idempotency key (1.3053ms)
✔ fails closed without authenticated tenant context (0.3827ms)
✔ creates and replays the first draft medical record version (1.5721ms)
✔ rejects empty clinical content and unknown fields (0.5265ms)
✔ enforces DRAFT to IN_REVIEW to FINALIZED transitions (1.2447ms)
✔ creates an amendment version only from a finalized current version (1.288ms)
✔ lists doctors only inside the active tenant (0.9599ms)
✔ rejects a substituted cross-tenant doctor identifier (0.5031ms)
✔ requires an authorized tenant context for shift access (0.3032ms)
✔ transaction creates unique secrets, hashed state, encrypted recoverable nonce/verifier, S256 and five minute TTL (4.6408ms)
✔ wrong state and expired transactions do not create sessions (1.2722ms)
✔ transaction tampering with pkceVerifierCiphertext is terminal (0.5947ms)
✔ transaction tampering with nonceCiphertext is terminal (0.428ms)
✔ transaction tampering with codeChallenge is terminal (0.4137ms)
✔ transaction tampering with nonceHash is terminal (0.3968ms)
✔ transaction tampering with redirectUri is terminal (0.3638ms)
✔ concurrent completion creates only one session and blocks replay (0.6909ms)
✔ DISABLED identity cannot create a session (0.5041ms)
✔ MISSING identity cannot create a session (0.4402ms)
✔ provider failure after claim is terminal, including unavailable/timeout (0.533ms)
✔ client userId cannot override verified identity (0.3129ms)
✔ unconfigured provider/key and invalid provider fail closed (0.1961ms)
✔ establishes an authenticated actor and tenant context (1.0924ms)
✔ rejects an unauthenticated actor (0.661ms)
✔ rejects an actor without an active membership (0.1684ms)
✔ does not establish tenant B from tenant A membership (0.1444ms)
✔ rejects an empty requested tenant identifier (0.2242ms)
✔ rejects ambiguous tenant context without a requested tenant (0.1926ms)
✔ real adapter exchanges PKCE code and verifies signed JWKS identity (39.3499ms)
✔ OIDC rejects issuer (4.6966ms)
✔ OIDC rejects audience (2.543ms)
✔ OIDC rejects expired (2.6214ms)
✔ OIDC rejects futureIat (3.5028ms)
✔ OIDC rejects oldIat (1.9328ms)
✔ OIDC rejects missingIat (2.3237ms)
✔ OIDC rejects missingExp (2.0017ms)
✔ OIDC rejects blankSubject (3.0806ms)
✔ OIDC rejects missingNonce (2.4747ms)
✔ OIDC rejects multiAudienceMissingAzp (2.1365ms)
✔ OIDC rejects badAzp (1.8467ms)
✔ nonce mismatch and unverified caller-supplied claims fail closed (2.9058ms)
✔ multi-audience with matching authorized party is accepted (3.8046ms)
✔ invalid signature, unknown key and disallowed algorithm fail closed (52.4227ms)
✔ upstream errors and network failures never leak response bodies (1.0653ms)
✔ configuration requires HTTPS and configured JWKS; redirect cannot be replaced (0.2273ms)
✔ creates a session with short access lifetime and fixed refresh lifetime (3.3655ms)
✔ authenticates a valid access token using only its SHA-256 hash (1.0003ms)
✔ rejects a malformed access token before repository lookup (0.2459ms)
✔ returns INVALID when the access session lookup fails (0.349ms)
✔ rotates a valid refresh token and returns a new token bundle (0.7504ms)
✔ rejects a malformed refresh token before repository lookup (0.1651ms)
✔ propagates refresh-token replay detection (0.2829ms)
✔ caps access expiry at the fixed session expiry (0.2634ms)
✔ revokes a valid access session (0.2794ms)
✔ rejects a malformed access token before lookup during revoke (0.2165ms)
✔ returns INVALID when the active access session lookup fails during revoke (0.2033ms)
✔ returns INVALID when repository revoke returns false (0.1996ms)
✔ creates opaque access tokens bound to a session id (1.7574ms)
✔ creates opaque refresh tokens bound to a refresh-token id (0.2253ms)
✔ hashes tokens without retaining plaintext (0.572ms)
✔ rejects malformed tokens (0.342ms)
✔ grant reader uses a read-only query scoped by tenant and membership parameters (1.4008ms)
✔ grant reader preserves permission order from the database result (0.1741ms)
✔ grant reader passes the tenant scope on every call for the same membership (0.2389ms)
✔ grant reader returns no permissions for empty rows (0.1519ms)
✔ grant reader propagates database failures without granting permissions (0.4071ms)
✔ PostgresIdentityContextStore resolves identity subjects and memberships (829.9098ms)
✔ PostgresSessionRepository creates, rotates, detects replay and revokes sessions (892.7474ms)
✔ creates once and replays the original patient for the same idempotency key (7.2544ms)
✔ rejects a reused idempotency key with a different request (2.2401ms)
✔ fails closed for missing authentication or tenant context (0.432ms)
✔ does not read a tenant B patient from tenant A (0.3196ms)
✔ requires the current strong ETag for a Patient patch (0.5176ms)
✔ rejects unknown search fields and accepts only tenant-scoped list input (0.2933ms)
✔ BD-02 create enforces canonical Patient identity policy (2.2567ms)
✔ BD-02 create fails closed when automatic MRN allocation is unresolved (0.2826ms)
✔ BD-02 create rejects client-controlled status (0.1959ms)
✔ BD-02 create rejects non-canonical sex values (0.4978ms)
✔ BD-02 create rejects malformed, impossible and future dates of birth (0.5222ms)
✔ BD-02 generic patient.update rejects status mutation (0.2779ms)
✔ BD-02 Patient patch rejects non-canonical sex values (0.1521ms)
✔ BD-02 generic Patient patch rejects MRN and unresolved lifecycle fields (0.2819ms)
✔ BD-02 Patient patch rejects malformed, impossible and future dates of birth (0.3223ms)
✔ accepts a Patient belonging to the requested tenant (0.6653ms)
✔ fails closed when a Patient belongs to another tenant (0.4695ms)
✔ does not discover a Patient from another tenant through the repository port (0.9592ms)
✔ directory SQL uses tenant-scoped parameterized name/id keysets and no OFFSET (2.2852ms)
✔ P03 findById binds both tenant and patient identity (0.5594ms)
✔ builds a metadata-first audit event without clinical payload (1.9921ms)
✔ rejects missing identity and invalid results (0.4504ms)
✔ emits only validated events through the sink (0.2908ms)
✔ builds an audit input from authenticated request context (0.368ms)
✔ does not build an audit input without authenticated context (0.2262ms)
✔ preserves operation, session and resource-version attribution (0.2363ms)
✔ allows same-tenant access when the resource policy allows it (1.2552ms)
✔ denies same-tenant access when ownership or relationship policy denies it (0.1681ms)
✔ denies cross-tenant access before evaluating the policy (0.1279ms)
✔ denies missing actor context (0.1129ms)
✔ denies missing tenant context (0.0929ms)
✔ denies invalid tenant context (0.0878ms)
✔ denies invalid resource scope (0.6773ms)
✔ denies ambiguous or absent policy by default (0.1342ms)
✔ denies policy failures instead of allowing access (0.1674ms)
✔ denies malformed action (0.2116ms)
✔ denies malformed request and resource without throwing (0.1057ms)
✔ destructive PostgreSQL suite refuses DATABASE_URL without disposable opt-in before connecting (429.4063ms)
✔ migration adapter keeps transaction statements on one client and closes once (3.5058ms)
✔ migration adapter closes a failed connection without retrying it (0.8409ms)
✔ closing an unused migration adapter does not open a connection (0.9268ms)
✔ migration adapter fails closed after a session error instead of reconnecting mid-transaction (0.5491ms)
✔ close during connection acquisition prevents a late query and ends the session once (0.3561ms)
✔ runs migrations in order under one transaction and records checksums (0.4356ms)
✔ reruns applied migrations without executing SQL again (0.2852ms)
✔ rolls back when a recorded checksum differs (0.3967ms)
✔ rejects migrations that try to manage their own transaction (0.3309ms)
✔ Phase 4B PostgreSQL constraints reject cross-workspace links and duplicate identities (930.1615ms)
✔ Phase 4B PostgreSQL operation, clinical-version and AI handoff uniqueness constraints are present (775.7832ms)
✔ PostgreSQL migration upgrade, replay, checksum rejection and rollback preserve committed state (884.0278ms)
✔ PostgreSQL session stays pinned and close rolls back an unfinished transaction (121.301ms)
✔ runtime transaction stays on one PostgreSQL session and commits (47.629ms)
✔ runtime transaction rolls back all writes when work fails (55.8362ms)
✔ runtime database rejects queries after close (0.449ms)
✔ accepts idempotency keys from 1 through 255 characters (0.9837ms)
✔ canonicalization sorts keys and trims strings (0.2617ms)
✔ canonicalization rejects non-plain or non-JSON data (0.8125ms)
✔ hashPayload is deterministic for logically equivalent payloads (4.3918ms)
✔ lookup returns NEW for an unknown identity (0.77ms)
✔ begin, complete, and lookup provide replay behavior (0.3805ms)
✔ same key with a different hash returns conflict (0.1492ms)
✔ concurrent same-key begin is represented as in progress and must fail closed (0.1293ms)
✔ default TTL and expiration helper use 24 hours (0.2245ms)
✔ lookup unknown or expired identity returns NEW with an exclusive expiration bound (1.5079ms)
✔ lookup PROCESSING with different hash returns CONFLICT (0.2284ms)
✔ lookup SUCCEEDED with different hash returns CONFLICT (0.108ms)
✔ lookup PROCESSING with same hash returns IN_PROGRESS (0.1089ms)
✔ lookup SUCCEEDED with same hash returns REPLAY (0.1149ms)
✔ lookup FAILED with same hash returns REPLAY (0.0985ms)
✔ begin atomically inserts PROCESSING with a backend UUID and default TTL (0.5318ms)
✔ begin replaces expired identity and resets all attempt fields in the same upsert (0.2741ms)
✔ begin PROCESSING with same hash returns CONFLICT (0.1768ms)
✔ begin SUCCEEDED with different hash returns CONFLICT (0.1952ms)
✔ begin SUCCEEDED with same hash returns REPLAY (0.1014ms)
✔ begin FAILED with same hash returns REPLAY (0.1016ms)
✔ simultaneous begin responses map the database winner and loser without unique errors (0.3855ms)
✔ complete parameterizes all four identity fields and returns the canonical terminal record (0.2404ms)
✔ complete rejects missing, expired, terminal or differently scoped targets (0.4825ms)
✔ fail parameterizes all four identity fields and returns the canonical terminal record (0.0966ms)
✔ fail rejects missing, expired, terminal or differently scoped targets (0.1181ms)
✔ fail defaults both response fields to null (0.1049ms)
✔ all operations bind values rather than interpolating user input (0.1848ms)
✔ invalid key and TTL fail before querying; missing upsert result fails closed (0.2678ms)
✔ admission generates an operation ID and preserves the concurrent database winner (2.4563ms)
✔ PROCESSING repeats preserve the original result and reject different intent (0.3114ms)
✔ INDETERMINATE repeats preserve the original result and reject different intent (0.1256ms)
✔ SUCCEEDED repeats preserve the original result and reject different intent (0.1391ms)
✔ FAILED repeats preserve the original result and reject different intent (0.1468ms)
✔ CLOSED repeats preserve the original result and reject different intent (0.103ms)
✔ invalid identity, fingerprint and timestamp fail before database access (0.9754ms)
✔ admission accepts exact timestamp window boundaries (0.2961ms)
✔ completion atomically links the primary resource and preserves bigint precision (0.3624ms)
✔ complete fences stale or terminal callers by exact identity, intent and operation ID (0.5478ms)
✔ fail fences stale or terminal callers by exact identity, intent and operation ID (0.3844ms)
✔ known failure persists public error and HTTP status (0.2348ms)
✔ database/ref errors propagate unchanged to the owning transaction (0.2697ms)
✔ invalid results cannot settle an operation (0.1713ms)
✔ append preserves tenant, actor, request, and correlation context (1.6183ms)
✔ claimBatch claims pending events and increments attemptCount (0.3838ms)
✔ markCompleted transitions a processing event to completed (0.6105ms)
✔ markFailed increments retry state and dead-letters after max retries (0.4097ms)
✔ outbox status flow is pending, processing, then completed or failed (0.322ms)
ℹ tests 424
ℹ suites 0
ℹ pass 424
ℹ fail 0
ℹ cancelled 0
ℹ skipped 0
ℹ todo 0
ℹ duration_ms 27949.9018
