
> quality
> npm run lint && npm run typecheck && npm run build && npm test && npm run boundaries


> lint
> eslint apps libs database eslint.config.mjs


> typecheck
> tsc -p tsconfig.json


> build
> tsc -p tsconfig.build.json


> test
> node --experimental-strip-types --test --test-concurrency=1

✔ summary assembles authorized source projections and returns transient advisory evidence without fabricated versions (14.3475ms)
✔ summary governance missing fails closed before reads/provider (0.1872ms)
✔ summary governance denied fails closed before reads/provider (0.1347ms)
✔ summary governance incomplete fails closed before reads/provider (0.0867ms)
✔ summary patient failure prevents partial-context provider dispatch (0.1484ms)
✔ summary encounters failure prevents partial-context provider dispatch (0.0858ms)
✔ summary knowledge failure prevents partial-context provider dispatch (0.1137ms)
✔ summary provider failure is non-disclosing without fallback (0.2669ms)
✔ summary mandatory invoke audit failure prevents disclosure (0.4758ms)
✔ summary mandatory complete audit failure prevents disclosure (0.2789ms)
✔ Phase 4B executable API contract is versioned under /v1 with one wire convention (6.2599ms)
✔ OpenAPI lists only runtime routes and domain gates never promise success (1.7918ms)
✔ parses exactly one strict Bearer credential (0.9421ms)
✔ rejects a malformed Authorization header before session lookup (1.0287ms)
✔ rejects an invalid or expired access session (0.4812ms)
✔ fails closed when the session user does not match the bound identity (0.3043ms)
✔ fails closed when the bound user is no longer active (0.1521ms)
✔ creates an authenticated RequestContext for one active membership (0.5134ms)
✔ requires explicit workspace selection when multiple memberships are active (0.2232ms)
✔ rejects a workspace without an active membership (0.1771ms)
✔ selects the requested active workspace when multiple memberships exist (0.206ms)
✔ ceilings never supply grants; unknown and out-of-ceiling stored grants confer no authority (1.063ms)
✔ normal Patient resource checks deny missing durable Doctor relationship and unresolved receptionist purpose (0.807ms)
✔ Doctor Patient resource authorization loads durable same-workspace state on every check (2.6364ms)
✔ Nurse demographic read does not require assignment; unknown stored results fail closed (1.6874ms)
✔ DOCTOR clinical reads require live durable state, exact grant and canonical Patient linkage (2.2717ms)
✔ NURSE clinical reads require live durable state, exact grant and canonical Patient linkage (0.8681ms)
✔ Patient encounter list cannot authorize from requested Patient ID when no canonical row exists (0.2785ms)
✔ Admin, Receptionist and unclassified roles cannot use persisted clinical links (0.3625ms)
✔ read cursors authenticate tenant, filters, sort, purpose and permission revision (3.2329ms)
✔ Doctor canonical reads use exact grants, limit+1 and opaque keyset pages (1.3616ms)
✔ shift and appointment reads enforce ranges, filters, order and resource access (1.7021ms)
✔ clinical real adapters map IDs and versions; application guards history and encounter relationships (1.5599ms)
✔ Patient routes remain unavailable and existing reads do not touch Patient or idempotency stores (43.4295ms)
✔ ADMIN membership without grants cannot gain Patient read access during request composition (0.6419ms)
✔ workspace permission revision validation fails closed and detects stale context (0.1709ms)
✔ workspace request context authenticates and enforces permission revision (1.1513ms)
✔ workspace permissions load only after valid authenticated context (0.416ms)
✔ auth transaction is public, returns only client-safe fields and no-store (6.8849ms)
✔ auth session accepts only transaction, code and state and returns token bundle (4.5824ms)
✔ auth maps INVALID_AUTH_PROVIDER to 400 without internal details (3.9875ms)
✔ auth maps AUTH_PROVIDER_UNAVAILABLE to 503 without internal details (5.5723ms)
✔ auth maps INVALID_AUTH_TRANSACTION to 400 without internal details (6.8017ms)
✔ auth maps AUTH_TRANSACTION_EXPIRED to 401 without internal details (3.7392ms)
✔ auth maps AUTH_TRANSACTION_REPLAY to 401 without internal details (2.8173ms)
✔ auth maps OIDC_VERIFICATION_FAILED to 401 without internal details (2.8101ms)
✔ auth maps IDENTITY_NOT_PROVISIONED to 403 without internal details (4.3673ms)
✔ auth rejects client identity, role, issuer and purpose overrides before service invocation (6.7041ms)
✔ auth routes enforce method, JSON, body limit and input bounds (6.0874ms)
✔ missing provider fails closed while health remains available (2.9638ms)
✔ GET /v1/health returns a JSON health envelope (3.4644ms)
✔ GET /v1/me authenticates a valid bearer and workspace (2.636ms)
✔ GET /v1/me rejects a missing Authorization header (3.1381ms)
✔ GET /v1/me requires workspace selection for ambiguous memberships (2.5759ms)
✔ GET /v1/me rejects a malformed workspace header (2.2301ms)
✔ GET /v1/me/memberships does not require a workspace header (3.2507ms)
✔ GET /v1/me/memberships rejects an invalid access token (2.3723ms)
✔ POST /v1/me returns method not allowed with Allow GET (3.3025ms)
✔ POST /v1/auth/session validates its JSON contract (2.6032ms)
✔ GET an unknown path returns not found (2.5996ms)
✔ GET /v1/health preserves one valid incoming correlation ID (3.8246ms)
✔ unexpected identity errors return a safe internal error (2.6838ms)
✔ POST /v1/auth/refresh rotates a valid refresh token (3.6765ms)
✔ POST /v1/auth/refresh rejects an invalid token (2.2433ms)
✔ POST /v1/auth/refresh rejects refresh-token replay (3.3755ms)
✔ POST /v1/auth/refresh rejects malformed JSON (2.9484ms)
✔ POST /v1/auth/refresh rejects a missing refreshToken (3.5455ms)
✔ POST /v1/auth/revoke revokes a valid Bearer session (2.7109ms)
✔ POST /v1/auth/revoke rejects a missing Bearer session (2.6375ms)
✔ POST /v1/auth/transactions validates its JSON contract (2.6946ms)
✔ POST /v1/auth/refresh rejects an oversized body (2.2432ms)
✔ Phase 5B domain routes authenticate once and fail closed without domain access (18.6495ms)
✔ BD-01 Patient HTTP reads enforce canonical roles, live grants, projection, audit and revocation (10.8375ms)
✔ BD-01 Pass 2 Doctor HTTP read uses only persisted relationships and next-request revocation (5.9353ms)
✔ BD-02 Patient HTTP mutations remain gated and DELETE is unavailable (4.6696ms)
✔ GET /me returns only the authenticated tenant context (1.1673ms)
✔ GET /me fails closed when tenant context is ambiguous (0.2057ms)
✔ GET /me/memberships returns only active memberships (0.1561ms)
✔ identity endpoints reject a missing subject (0.1711ms)
✔ authenticated GET /me accepts a valid bearer session (0.5605ms)
✔ authenticated GET /me rejects a missing bearer credential (0.1655ms)
✔ authenticated GET /me requires workspace selection when memberships are ambiguous (0.1989ms)
✔ authenticated GET /me/memberships does not require a workspace (0.1517ms)
✔ authenticated GET /me/memberships rejects an invalid access session (0.1484ms)
✔ recovery exposes the client key and metadata only, preserves unknown states without expiry (1.4964ms)
✔ OP02 and OP03 authorize result references before mandatory audit or disclosure (1.8142ms)
✔ OP01 rejects invalid filters, repeated parameters and tampered cursors before queries (0.6519ms)
✔ returns an ETag and uses the composition-root patient presenter (1.5907ms)
✔ maps a stale patch to precondition failed (0.6102ms)
✔ creates a patient through the composition boundary with an ETag (5.5375ms)
✔ lists patients through the presenter without exposing the domain object (0.4543ms)
✔ BD-02 missing MRN maps unresolved automatic allocation to 503 (0.2127ms)
✔ patient authorization allows only exact loaded grants (1.1413ms)
✔ BD-02 unresolved Patient mutation grants remain denied (0.2511ms)
✔ BD-02 requires identity fields, permits old DOB and single Unicode names, rejects extra mutation fields (3.7513ms)
✔ P04 distinguishes missing, malformed and valid-but-stale opaque validators without numeric rounding (0.4155ms)
✔ BD-01 Patient mutations require grants, role ceilings and current Doctor relationship; receptionist purpose is closed (0.6114ms)
✔ Patient composition read authorization: exact read grant (1.5655ms)
✔ Patient composition read authorization: no grants (0.1596ms)
✔ Patient composition read authorization: unrelated grant (0.077ms)
✔ Patient composition read authorization: create grant (0.0718ms)
✔ Patient composition read authorization: update grant (0.0889ms)
✔ Patient composition read authorization: case variants (0.0742ms)
✔ Patient composition read authorization: whitespace and wildcard variants (0.2235ms)
✔ Patient composition read authorization: role names (0.19ms)
✔ composition preserves runtime instances and keeps authorization independent per request (0.3512ms)
✔ directory composition preserves runtime protection and request-scoped exact grants (0.2139ms)
✔ P03 checks patient.read before repository access and again with the loaded Patient (0.9ms)
✔ composed patient.read reaches tenant-scoped get/list without idempotency access (0.4224ms)
✔ composed dependencies deny get/list before repository access without patient.read (0.2563ms)
✔ same intent returns original 201 receipt with reauthorization/audit and no duplicate mutation (2.4493ms)
✔ deterministic FAILED repeat retains original failure without validation or side effects (0.3482ms)
✔ unknown transaction outcome stays pending and repeat cannot settle again (0.2341ms)
✔ MRN conflict is settled FAILED and replayed as 409 (0.3084ms)
✔ revoked replay authority and audit failure prevent receipt disclosure (0.8649ms)
✔ operation fingerprint sorts nested keys and preserves exact strings and array order (1.9227ms)
✔ identity requires canonical UTC and UUIDv4, rejecting calendar normalization (1.222ms)
✔ receipt contains only durable IDs/versions and expires 24h after settlement (0.2471ms)
✔ directory rejects missing (1.0768ms)
✔ directory rejects non-string (0.1406ms)
✔ directory rejects blank (0.1046ms)
✔ directory rejects one code point (0.102ms)
✔ directory rejects over 100 code points (0.1475ms)
✔ directory rejects invalid limit (0.503ms)
✔ directory rejects unknown filter (0.1674ms)
✔ directory trims only edges and counts Unicode code points (1.9469ms)
✔ cursor round-trip is encrypted, randomized and context bound (1.1346ms)
✔ cursor rejects wrong tenantId (0.4187ms)
✔ cursor rejects wrong normalizedQuery (0.2132ms)
✔ cursor rejects wrong sort (0.1671ms)
✔ permission revision binding is exact and distinctly stale (0.4584ms)
✔ raw UUID, malformed, tampered and wrong-key cursors are rejected (0.3962ms)
✔ authenticated unsupported payload version is rejected (0.2219ms)
✔ cursor configuration is disabled when missing and rejects invalid keys (0.132ms)
✔ first page overfetches one and cursors the last returned item, then continues by keyset (1.4761ms)
✔ final page of 0 items has no next cursor (0.2543ms)
✔ final page of 1 items has no next cursor (0.1593ms)
✔ final page of 2 items has no next cursor (0.0829ms)
✔ missing protection, denied permission, invalid query and foreign cursor fail before database reads (0.7051ms)
✔ BD-02 duplicate MRN becomes 409 and records a 409 idempotency failure (7.527ms)
▶ Phase 6 Run 1 real PostgreSQL authorized reads, retrieval, summary and audit
  ✔ authorized Patient read excludes internal and contact fields (6.1553ms)
  ✔ unauthorized and cross-tenant Patient reads are non-disclosing (7.2363ms)
  ✔ Clinical reads reuse grant, role ceiling and relationship authorization (13.5547ms)
  ✔ approved retrieval excludes foreign, draft and unauthorized documents and retains metadata (3.1112ms)
  ✔ knowledge relationship and vector constraints reject invalid writes and requests (4.0053ms)
  ✔ summary uses only authorized context and returns transient source identities (12.3483ms)
  ✔ summary denial prevents provider dispatch (2.8124ms)
  ✔ missing production governance fails closed for read retrieval and summary (3.4435ms)
  ✔ audit records authenticated session, actor, scope and source IDs without payload (1.8485ms)
  ✔ session mismatches and expiry cannot bind (0.455ms)
  ✔ real PostgreSQL audit rejection remains typed and blocks summary disclosure (12.6471ms)
✔ Phase 6 Run 1 real PostgreSQL authorized reads, retrieval, summary and audit (190.1386ms)
✔ BD-01 PostgreSQL durable care state, isolation, retained history and atomic audit (196.3734ms)
✔ Phase 5B PostgreSQL real read mapping, isolation, filters, keysets and immutable history (90.852ms)
✔ PostgreSQL idempotency concurrency, expiration, replay and scoped finalization (225.1166ms)
✔ runs the complete migration chain on PostgreSQL (991.9318ms)
✔ P02 Patient create atomically settles patient, audit and operation evidence (1382.3461ms)
✔ BD-02 PostgreSQL enforces tenant MRN uniqueness and atomic Patient OCC (117.2187ms)
✔ BD-02 PostgreSQL enforces canonical Patient sex and status value sets (128.7412ms)
✔ Phase 5B real PostgreSQL command/recovery races, replay, OCC, authorization and rollback (1185.2465ms)
✔ GET tenant denies a substituted cross-tenant identifier (1.8768ms)
✔ public tenant resources omit the internal version while exposing a strong ETag (0.3467ms)
✔ protected tenant access fails closed without actor or tenant context (0.1863ms)
✔ PATCH tenant requires administrator role and current If-Match (0.4347ms)
✔ POST location rejects client ownership fields and accepts synthetic creation (0.383ms)
✔ location creation is tenant-scoped and idempotent (0.7398ms)
✔ public location resources omit the internal version (0.2273ms)
✔ location list rejects malformed tenant identifiers and invalid pagination (0.1464ms)
✔ workspace permissions load exact tenant membership grants into a set (1.1726ms)
✔ foundation migrations are ordered, transactional, and dependency-shaped (6.8728ms)
✔ foundation status and idempotency contracts match the application contracts (1.5934ms)
✔ domain migrations preserve the approved dependency and immutability boundaries (3.3223ms)
✔ migration 005 defines tenant-scoped immutable audit evidence (3.6388ms)
✔ migration 005 delegates transaction ownership to the migration runner (1.919ms)
✔ Phase 4B migration adds durable operation, auth, audit, clinical and AI foundations (2.4851ms)
✔ Phase 4B persistence tables do not define request or prompt payload columns (0.5691ms)
✔ AI draft adapter uses parameterized SQL and tenant/OCC predicates (1.409ms)
✔ AI draft adapter rejects missing tenant and stale version inputs (0.6344ms)
✔ AI gateway propagates mandatory audit failure without retry or disclosure (1.698ms)
✔ registered typed tools retain validation when called through erased registry (0.3661ms)
✔ AI gateway fails closed without authenticated context (0.7903ms)
✔ AI gateway fails closed for malformed runtime context without throwing (0.4221ms)
✔ AI gateway denies unknown tools and invalid input (0.2044ms)
✔ AI gateway enforces explicit tenant/resource authorization (0.2878ms)
✔ AI gateway returns bounded output and records allowed access (0.2945ms)
✔ AI gateway rejects output exceeding the configured bound (0.2263ms)
✔ AI gateway fails closed when input validation or authorization throws (0.2988ms)
✔ completion mandatory audit failure propagates once on success (1.8112ms)
✔ completion mandatory audit failure propagates once on invalid (0.2804ms)
✔ completion mandatory audit failure propagates once on oversized (0.2431ms)
✔ completion mandatory audit failure propagates once on failure (0.499ms)
✔ nested mandatory audit failure escapes tool error conversion (1.2359ms)
✔ nested mandatory audit failure escapes retrieval error conversion (0.5338ms)
✔ nested mandatory audit failure escapes provider error conversion (0.2747ms)
✔ completion port validates context, bounds output, and records metadata only (2.2315ms)
✔ completion port fails closed for invalid context, oversized output, and provider failure (0.5332ms)
✔ Dify adapter sends bounded provider request without exposing secret in payload (22.3766ms)
✔ Dify adapter fails closed on invalid context, provider failure, and malformed response (1.2127ms)
✔ Dify adapter maps timeout, caller cancellation, and secret-provider failures safely (3.6982ms)
✔ clinical draft tool is explicitly draft-only and requires approval (1.5372ms)
✔ clinical draft tool binds encounter resource to input (0.5012ms)
✔ clinical draft tool rejects incomplete or unknown input (0.4131ms)
✔ AI draft workflow enforces GENERATED → REVIEWING → APPROVED (0.9884ms)
✔ AI draft workflow rejects approval before human review and supports rejection (1.1535ms)
✔ AI actor cannot perform human approval transitions (0.2465ms)
✔ RAG audit binds only the returned source identities without content (1.3273ms)
✔ RAG propagates mandatory audit failure without retry or results (0.4287ms)
✔ RAG retrieval fails closed without authenticated context (0.1977ms)
✔ RAG retrieval requires explicit permission (0.1473ms)
✔ RAG retrieval filters tenant and status before returning results (0.8952ms)
✔ RAG retrieval bounds query, result count, and snippets (0.2266ms)
✔ RAG retrieval does not expose source failure details (0.1792ms)
✔ get_patient returns minimum necessary fields only (1.1882ms)
✔ get_recent_encounters filters tenant and bounds results (0.2605ms)
✔ read-only tools reject malformed or excessive input (0.16ms)
✔ resource authorization matches the requested patient (0.1308ms)
✔ read-only tools accept public summaries without requiring private entity fields (0.2734ms)
✔ encounter summaries keep tenant and patient filtering before the result limit (0.1513ms)
✔ creates a tenant-scoped appointment and returns the repository result (5.8474ms)
✔ replays an idempotent appointment instead of creating a duplicate (0.7321ms)
✔ rejects the same idempotency key when the request fingerprint conflicts (0.8886ms)
✔ maps a database scheduling conflict to a business conflict and records a 409 failure (0.6234ms)
✔ lists only appointments for the active tenant (0.3042ms)
✔ validates availability range before asking the scheduling provider (0.2302ms)
✔ requires a current version and valid lifecycle transition for check-in (0.4998ms)
✔ preserves AppointmentSchedulingConflictError constructor identity through the compatibility export (0.5912ms)
✔ detects overlapping active appointments for the same doctor (0.6031ms)
✔ does not treat another doctor or terminal appointment as a double booking (0.1409ms)
✔ audit repository appends events and lists only the requested tenant (1.1828ms)
✔ audit repository applies a bounded result limit (0.1363ms)
✔ audit cursor is opaque, keyset-shaped, and tenant-bound (1.188ms)
✔ audit repository uses the cursor as a createdAt and eventId keyset (0.1991ms)
✔ audit cursor rejects malformed and non-opaque values (0.1583ms)
✔ audit repository replays identical events and conflicts on payload reuse (0.1365ms)
✔ repository validates list input defensively (0.1119ms)
✔ PostgreSQL audit adapter uses parameterized SQL and preserves replay/conflict semantics (7.0693ms)
✔ PostgreSQL audit adapter persists operation/session/resource-version linkage (0.2347ms)
✔ creates and replays a tenant-scoped encounter (5.2418ms)
✔ rejects a conflicting encounter idempotency key (0.9205ms)
✔ fails closed without authenticated tenant context (0.2885ms)
✔ creates and replays the first draft medical record version (1.2211ms)
✔ rejects empty clinical content and unknown fields (0.4436ms)
✔ enforces DRAFT to IN_REVIEW to FINALIZED transitions (1.0345ms)
✔ creates an amendment version only from a finalized current version (0.6846ms)
✔ lists doctors only inside the active tenant (0.8096ms)
✔ rejects a substituted cross-tenant doctor identifier (0.4411ms)
✔ requires an authorized tenant context for shift access (0.232ms)
✔ transaction creates unique secrets, hashed state, encrypted recoverable nonce/verifier, S256 and five minute TTL (5.6863ms)
✔ wrong state and expired transactions do not create sessions (1.1157ms)
✔ transaction tampering with pkceVerifierCiphertext is terminal (0.5334ms)
✔ transaction tampering with nonceCiphertext is terminal (0.4343ms)
✔ transaction tampering with codeChallenge is terminal (0.429ms)
✔ transaction tampering with nonceHash is terminal (0.6046ms)
✔ transaction tampering with redirectUri is terminal (0.5424ms)
✔ concurrent completion creates only one session and blocks replay (0.8589ms)
✔ DISABLED identity cannot create a session (0.5436ms)
✔ MISSING identity cannot create a session (0.4641ms)
✔ provider failure after claim is terminal, including unavailable/timeout (0.521ms)
✔ client userId cannot override verified identity (0.3183ms)
✔ unconfigured provider/key and invalid provider fail closed (0.2052ms)
✔ establishes an authenticated actor and tenant context (0.7105ms)
✔ rejects an unauthenticated actor (0.3844ms)
✔ rejects an actor without an active membership (0.1176ms)
✔ does not establish tenant B from tenant A membership (0.1088ms)
✔ rejects an empty requested tenant identifier (0.1272ms)
✔ rejects ambiguous tenant context without a requested tenant (0.104ms)
✔ real adapter exchanges PKCE code and verifies signed JWKS identity (25.9842ms)
✔ OIDC rejects issuer (2.5451ms)
✔ OIDC rejects audience (2.1154ms)
✔ OIDC rejects expired (1.8582ms)
✔ OIDC rejects futureIat (2.0149ms)
✔ OIDC rejects oldIat (1.4674ms)
✔ OIDC rejects missingIat (1.7283ms)
✔ OIDC rejects missingExp (1.631ms)
✔ OIDC rejects blankSubject (1.592ms)
✔ OIDC rejects missingNonce (1.7885ms)
✔ OIDC rejects multiAudienceMissingAzp (1.868ms)
✔ OIDC rejects badAzp (1.4866ms)
✔ nonce mismatch and unverified caller-supplied claims fail closed (1.4245ms)
✔ multi-audience with matching authorized party is accepted (2.6137ms)
✔ invalid signature, unknown key and disallowed algorithm fail closed (23.5676ms)
✔ upstream errors and network failures never leak response bodies (0.8378ms)
✔ configuration requires HTTPS and configured JWKS; redirect cannot be replaced (0.1652ms)
✔ creates a session with short access lifetime and fixed refresh lifetime (2.4363ms)
✔ authenticates a valid access token using only its SHA-256 hash (0.7902ms)
✔ rejects a malformed access token before repository lookup (0.1447ms)
✔ returns INVALID when the access session lookup fails (0.177ms)
✔ rotates a valid refresh token and returns a new token bundle (0.4355ms)
✔ rejects a malformed refresh token before repository lookup (0.1295ms)
✔ propagates refresh-token replay detection (0.2627ms)
✔ caps access expiry at the fixed session expiry (0.2979ms)
✔ revokes a valid access session (0.3836ms)
✔ rejects a malformed access token before lookup during revoke (0.2464ms)
✔ returns INVALID when the active access session lookup fails during revoke (0.2338ms)
✔ returns INVALID when repository revoke returns false (0.2319ms)
✔ creates opaque access tokens bound to a session id (1.0825ms)
✔ creates opaque refresh tokens bound to a refresh-token id (0.1655ms)
✔ hashes tokens without retaining plaintext (0.5062ms)
✔ rejects malformed tokens (0.3281ms)
✔ grant reader uses a read-only query scoped by tenant and membership parameters (2.2458ms)
✔ grant reader preserves permission order from the database result (0.1884ms)
✔ grant reader passes the tenant scope on every call for the same membership (0.2464ms)
✔ grant reader returns no permissions for empty rows (0.0978ms)
✔ grant reader propagates database failures without granting permissions (0.374ms)
✔ PostgresIdentityContextStore resolves identity subjects and memberships (843.0789ms)
✔ PostgresSessionRepository creates, rotates, detects replay and revokes sessions (896.4621ms)
✔ creates once and replays the original patient for the same idempotency key (6.2915ms)
✔ rejects a reused idempotency key with a different request (1.1762ms)
✔ fails closed for missing authentication or tenant context (0.2989ms)
✔ does not read a tenant B patient from tenant A (0.2365ms)
✔ requires the current strong ETag for a Patient patch (0.3938ms)
✔ rejects unknown search fields and accepts only tenant-scoped list input (0.2668ms)
✔ BD-02 create enforces canonical Patient identity policy (1.074ms)
✔ BD-02 create fails closed when automatic MRN allocation is unresolved (0.2557ms)
✔ BD-02 create rejects client-controlled status (0.1647ms)
✔ BD-02 create rejects non-canonical sex values (0.8659ms)
✔ BD-02 create rejects malformed, impossible and future dates of birth (1.2557ms)
✔ BD-02 generic patient.update rejects status mutation (0.2789ms)
✔ BD-02 Patient patch rejects non-canonical sex values (0.1521ms)
✔ BD-02 generic Patient patch rejects MRN and unresolved lifecycle fields (0.197ms)
✔ BD-02 Patient patch rejects malformed, impossible and future dates of birth (0.3272ms)
✔ accepts a Patient belonging to the requested tenant (0.7141ms)
✔ fails closed when a Patient belongs to another tenant (0.3539ms)
✔ does not discover a Patient from another tenant through the repository port (0.7106ms)
✔ directory SQL uses tenant-scoped parameterized name/id keysets and no OFFSET (1.1972ms)
✔ P03 findById binds both tenant and patient identity (0.2124ms)
✔ builds a metadata-first audit event without clinical payload (1.897ms)
✔ rejects missing identity and invalid results (0.3647ms)
✔ emits only validated events through the sink (0.1247ms)
✔ builds an audit input from authenticated request context (0.1838ms)
✔ does not build an audit input without authenticated context (0.1128ms)
✔ preserves operation, session and resource-version attribution (0.1752ms)
✔ allows same-tenant access when the resource policy allows it (1.22ms)
✔ denies same-tenant access when ownership or relationship policy denies it (0.1529ms)
✔ denies cross-tenant access before evaluating the policy (0.1551ms)
✔ denies missing actor context (0.1111ms)
✔ denies missing tenant context (0.0961ms)
✔ denies invalid tenant context (0.7784ms)
✔ denies invalid resource scope (0.1921ms)
✔ denies ambiguous or absent policy by default (0.1191ms)
✔ denies policy failures instead of allowing access (0.1866ms)
✔ denies malformed action (0.2024ms)
✔ denies malformed request and resource without throwing (0.1356ms)
✔ destructive PostgreSQL suite refuses DATABASE_URL without disposable opt-in before connecting (391.0835ms)
✔ migration adapter keeps transaction statements on one client and closes once (2.4858ms)
✔ migration adapter closes a failed connection without retrying it (0.4702ms)
✔ closing an unused migration adapter does not open a connection (0.8709ms)
✔ migration adapter fails closed after a session error instead of reconnecting mid-transaction (0.4608ms)
✔ close during connection acquisition prevents a late query and ends the session once (0.3232ms)
✔ runs migrations in order under one transaction and records checksums (0.3409ms)
✔ reruns applied migrations without executing SQL again (0.2215ms)
✔ rolls back when a recorded checksum differs (0.3057ms)
✔ rejects migrations that try to manage their own transaction (0.2426ms)
✔ Phase 4B PostgreSQL constraints reject cross-workspace links and duplicate identities (892.7217ms)
✔ Phase 4B PostgreSQL operation, clinical-version and AI handoff uniqueness constraints are present (978.3459ms)
✔ PostgreSQL migration upgrade, replay, checksum rejection and rollback preserve committed state (984.8279ms)
✔ PostgreSQL session stays pinned and close rolls back an unfinished transaction (108.5134ms)
✔ runtime transaction stays on one PostgreSQL session and commits (36.4104ms)
✔ runtime transaction rolls back all writes when work fails (53.1732ms)
✔ runtime database rejects queries after close (0.4277ms)
✔ accepts idempotency keys from 1 through 255 characters (1.2516ms)
✔ canonicalization sorts keys and trims strings (0.3478ms)
✔ canonicalization rejects non-plain or non-JSON data (0.9874ms)
✔ hashPayload is deterministic for logically equivalent payloads (4.4749ms)
✔ lookup returns NEW for an unknown identity (0.863ms)
✔ begin, complete, and lookup provide replay behavior (0.5086ms)
✔ same key with a different hash returns conflict (0.2019ms)
✔ concurrent same-key begin is represented as in progress and must fail closed (0.1823ms)
✔ default TTL and expiration helper use 24 hours (0.347ms)
✔ lookup unknown or expired identity returns NEW with an exclusive expiration bound (1.4421ms)
✔ lookup PROCESSING with different hash returns CONFLICT (0.2172ms)
✔ lookup SUCCEEDED with different hash returns CONFLICT (0.1086ms)
✔ lookup PROCESSING with same hash returns IN_PROGRESS (0.1095ms)
✔ lookup SUCCEEDED with same hash returns REPLAY (0.1196ms)
✔ lookup FAILED with same hash returns REPLAY (0.1019ms)
✔ begin atomically inserts PROCESSING with a backend UUID and default TTL (0.7276ms)
✔ begin replaces expired identity and resets all attempt fields in the same upsert (0.5545ms)
✔ begin PROCESSING with same hash returns CONFLICT (0.3292ms)
✔ begin SUCCEEDED with different hash returns CONFLICT (0.2545ms)
✔ begin SUCCEEDED with same hash returns REPLAY (0.1497ms)
✔ begin FAILED with same hash returns REPLAY (0.099ms)
✔ simultaneous begin responses map the database winner and loser without unique errors (0.5258ms)
✔ complete parameterizes all four identity fields and returns the canonical terminal record (0.2876ms)
✔ complete rejects missing, expired, terminal or differently scoped targets (0.5278ms)
✔ fail parameterizes all four identity fields and returns the canonical terminal record (0.1219ms)
✔ fail rejects missing, expired, terminal or differently scoped targets (0.0964ms)
✔ fail defaults both response fields to null (0.1028ms)
✔ all operations bind values rather than interpolating user input (0.2237ms)
✔ invalid key and TTL fail before querying; missing upsert result fails closed (0.3198ms)
✔ admission generates an operation ID and preserves the concurrent database winner (2.544ms)
✔ PROCESSING repeats preserve the original result and reject different intent (0.3884ms)
✔ INDETERMINATE repeats preserve the original result and reject different intent (0.1401ms)
✔ SUCCEEDED repeats preserve the original result and reject different intent (0.1392ms)
✔ FAILED repeats preserve the original result and reject different intent (0.1448ms)
✔ CLOSED repeats preserve the original result and reject different intent (0.0989ms)
✔ invalid identity, fingerprint and timestamp fail before database access (0.7786ms)
✔ admission accepts exact timestamp window boundaries (0.2333ms)
✔ completion atomically links the primary resource and preserves bigint precision (0.3618ms)
✔ complete fences stale or terminal callers by exact identity, intent and operation ID (0.5245ms)
✔ fail fences stale or terminal callers by exact identity, intent and operation ID (0.252ms)
✔ known failure persists public error and HTTP status (0.1653ms)
✔ database/ref errors propagate unchanged to the owning transaction (0.3303ms)
✔ invalid results cannot settle an operation (0.1996ms)
✔ append preserves tenant, actor, request, and correlation context (1.5115ms)
✔ claimBatch claims pending events and increments attemptCount (0.383ms)
✔ markCompleted transitions a processing event to completed (0.5118ms)
✔ markFailed increments retry state and dead-letters after max retries (0.2633ms)
✔ outbox status flow is pending, processing, then completed or failed (0.1831ms)
ℹ tests 408
ℹ suites 0
ℹ pass 408
ℹ fail 0
ℹ cancelled 0
ℹ skipped 0
ℹ todo 0
ℹ duration_ms 25926.1233

> boundaries
> node tools/validate-boundaries.mjs

Boundary validation passed for 52 Nx projects.
