✔ summary assembles authorized source projections and returns transient advisory evidence without fabricated versions (6.8026ms)
✔ summary governance missing fails closed before reads/provider (0.1931ms)
✔ summary governance denied fails closed before reads/provider (0.1195ms)
✔ summary governance incomplete fails closed before reads/provider (0.085ms)
✔ summary patient failure prevents partial-context provider dispatch (0.1503ms)
✔ summary encounters failure prevents partial-context provider dispatch (0.088ms)
✔ summary knowledge failure prevents partial-context provider dispatch (0.1142ms)
✔ summary provider failure is non-disclosing without fallback (0.5058ms)
✔ summary mandatory invoke audit failure prevents disclosure (0.4795ms)
✔ summary mandatory complete audit failure prevents disclosure (0.2591ms)
✔ AI gateway propagates mandatory audit failure without retry or disclosure (1.1706ms)
✔ registered typed tools retain validation when called through erased registry (0.1772ms)
✔ AI gateway fails closed without authenticated context (0.7629ms)
✔ AI gateway fails closed for malformed runtime context without throwing (1.8238ms)
✔ AI gateway denies unknown tools and invalid input (0.179ms)
✔ AI gateway enforces explicit tenant/resource authorization (0.2022ms)
✔ AI gateway returns bounded output and records allowed access (0.1669ms)
✔ AI gateway rejects output exceeding the configured bound (0.1395ms)
✔ AI gateway fails closed when input validation or authorization throws (0.1611ms)
✔ completion mandatory audit failure propagates once on success (1.8444ms)
✔ completion mandatory audit failure propagates once on invalid (0.1423ms)
✔ completion mandatory audit failure propagates once on oversized (0.1043ms)
✔ completion mandatory audit failure propagates once on failure (0.1469ms)
✔ nested mandatory audit failure escapes tool error conversion (0.6199ms)
✔ nested mandatory audit failure escapes retrieval error conversion (0.2748ms)
✔ nested mandatory audit failure escapes provider error conversion (0.1148ms)
✔ completion port validates context, bounds output, and records metadata only (2.383ms)
✔ completion port fails closed for invalid context, oversized output, and provider failure (0.411ms)
✔ RAG audit binds only the returned source identities without content (1.707ms)
✔ RAG propagates mandatory audit failure without retry or results (0.5653ms)
✔ RAG retrieval fails closed without authenticated context (0.3423ms)
✔ RAG retrieval requires explicit permission (0.2208ms)
✔ RAG retrieval filters tenant and status before returning results (1.3939ms)
✔ RAG retrieval bounds query, result count, and snippets (0.3974ms)
✔ RAG retrieval does not expose source failure details (0.302ms)
✔ get_patient returns minimum necessary fields only (2.0222ms)
✔ get_recent_encounters filters tenant and bounds results (0.3362ms)
✔ read-only tools reject malformed or excessive input (0.1744ms)
✔ resource authorization matches the requested patient (0.1597ms)
✔ read-only tools accept public summaries without requiring private entity fields (0.2655ms)
✔ encounter summaries keep tenant and patient filtering before the result limit (0.1681ms)
ℹ tests 41
ℹ suites 0
ℹ pass 41
ℹ fail 0
ℹ cancelled 0
ℹ skipped 0
ℹ todo 0
ℹ duration_ms 1604.5494
