
> test
> node --experimental-strip-types --test --test-concurrency=1

✔ draft generation accepts only canonical target/instruction, never actor or tenant (1.5492ms)
✔ draft generation rejects malformed/weak target tokens and oversized instruction (0.3587ms)
✔ provider content must be exact bounded four-field ClinicalContent (1.4029ms)
✔ human draft commands reject caller identity, provenance, status and target changes (1.6207ms)
✔ rejection is bounded and fails closed when reason retention is unavailable (0.2084ms)
✔ approval requires only exact target identity/token and excludes model approval identity (0.1294ms)
✔ summary assembles authorized source projections and returns transient advisory evidence without fabricated versions (5.4473ms)
✔ summary governance missing fails closed before reads/provider (0.2563ms)
✔ summary governance denied fails closed before reads/provider (0.1657ms)
✔ summary governance incomplete fails closed before reads/provider (0.0973ms)
✔ summary patient failure prevents partial-context provider dispatch (0.2229ms)
✔ summary encounters failure prevents partial-context provider dispatch (0.0913ms)
✔ summary knowledge failure prevents partial-context provider dispatch (0.1147ms)
✔ summary provider failure is non-disclosing without fallback (0.2434ms)
✔ summary mandatory invoke audit failure prevents disclosure (0.5183ms)
✔ summary mandatory complete audit failure prevents disclosure (0.2856ms)
✔ Phase 4B executable API contract is versioned under /v1 with one wire convention (6.8359ms)
✔ OpenAPI lists only runtime routes and domain gates never promise success (1.5062ms)
✔ parses exactly one strict Bearer credential (1.0477ms)
✔ rejects a malformed Authorization header before session lookup (0.6674ms)
✔ rejects an invalid or expired access session (0.1608ms)
✔ fails closed when the session user does not match the bound identity (0.1628ms)
✔ fails closed when the bound user is no longer active (0.1203ms)
✔ creates an authenticated RequestContext for one active membership (0.4189ms)
✔ requires explicit workspace selection when multiple memberships are active (0.2376ms)
✔ rejects a workspace without an active membership (0.1749ms)
✔ selects the requested active workspace when multiple memberships exist (0.16ms)
✔ ceilings never supply grants; unknown and out-of-ceiling stored grants confer no authority (1.3294ms)
✔ normal Patient resource checks deny missing durable Doctor relationship and unresolved receptionist purpose (0.3796ms)
✔ Doctor Patient resource authorization loads durable same-workspace state on every check (2.0686ms)
✔ Nurse demographic read does not require assignment; unknown stored results fail closed (1.4291ms)
✔ DOCTOR clinical reads require live durable state, exact grant and canonical Patient linkage (2.0814ms)
✔ NURSE clinical reads require live durable state, exact grant and canonical Patient linkage (1.0076ms)
✔ Patient encounter list cannot authorize from requested Patient ID when no canonical row exists (0.317ms)
✔ Admin, Receptionist and unclassified roles cannot use persisted clinical links (0.3167ms)
✔ read cursors authenticate tenant, filters, sort, purpose and permission revision (14.2182ms)
✔ Doctor canonical reads use exact grants, limit+1 and opaque keyset pages (1.4218ms)
✔ shift and appointment reads enforce ranges, filters, order and resource access (1.6758ms)
✔ clinical real adapters map IDs and versions; application guards history and encounter relationships (0.9917ms)
✔ Patient routes remain unavailable and existing reads do not touch Patient or idempotency stores (57.61ms)
✔ ADMIN membership without grants cannot gain Patient read access during request composition (0.7129ms)
✔ workspace permission revision validation fails closed and detects stale context (0.1718ms)
✔ workspace request context authenticates and enforces permission revision (1.7349ms)
✔ workspace permissions load only after valid authenticated context (0.7672ms)
✔ auth transaction is public, returns only client-safe fields and no-store (10.9994ms)
✔ auth session accepts only transaction, code and state and returns token bundle (9.7198ms)
✔ auth maps INVALID_AUTH_PROVIDER to 400 without internal details (5.7792ms)
✔ auth maps AUTH_PROVIDER_UNAVAILABLE to 503 without internal details (8.509ms)
✔ auth maps INVALID_AUTH_TRANSACTION to 400 without internal details (8.6721ms)
✔ auth maps AUTH_TRANSACTION_EXPIRED to 401 without internal details (5.2697ms)
✔ auth maps AUTH_TRANSACTION_REPLAY to 401 without internal details (5.1058ms)
✔ auth maps OIDC_VERIFICATION_FAILED to 401 without internal details (5.3468ms)
✔ auth maps IDENTITY_NOT_PROVISIONED to 403 without internal details (5.0194ms)
✔ auth rejects client identity, role, issuer and purpose overrides before service invocation (9.7261ms)
✔ auth routes enforce method, JSON, body limit and input bounds (8.6252ms)
✔ missing provider fails closed while health remains available (4.5449ms)
✔ GET /v1/health returns a JSON health envelope (4.1121ms)
✔ GET /v1/me authenticates a valid bearer and workspace (4.0504ms)
✔ GET /v1/me rejects a missing Authorization header (4.5772ms)
✔ GET /v1/me requires workspace selection for ambiguous memberships (5.1775ms)
✔ GET /v1/me rejects a malformed workspace header (4.9083ms)
✔ GET /v1/me/memberships does not require a workspace header (4.8469ms)
✔ GET /v1/me/memberships rejects an invalid access token (6.2407ms)
✔ POST /v1/me returns method not allowed with Allow GET (6.2189ms)
✔ POST /v1/auth/session validates its JSON contract (7.8781ms)
✔ GET an unknown path returns not found (6.7703ms)
✔ GET /v1/health preserves one valid incoming correlation ID (8.2414ms)
✔ unexpected identity errors return a safe internal error (5.4966ms)
✔ POST /v1/auth/refresh rotates a valid refresh token (5.2155ms)
✔ POST /v1/auth/refresh rejects an invalid token (4.8072ms)
✔ POST /v1/auth/refresh rejects refresh-token replay (5.8406ms)
✔ POST /v1/auth/refresh rejects malformed JSON (4.475ms)
✔ POST /v1/auth/refresh rejects a missing refreshToken (4.1789ms)
✔ POST /v1/auth/revoke revokes a valid Bearer session (4.419ms)
✔ POST /v1/auth/revoke rejects a missing Bearer session (3.9829ms)
✔ POST /v1/auth/transactions validates its JSON contract (5.49ms)
✔ POST /v1/auth/refresh rejects an oversized body (4.4626ms)
✔ Phase 5B domain routes authenticate once and fail closed without domain access (35.9144ms)
✔ BD-01 Patient HTTP reads enforce canonical roles, live grants, projection, audit and revocation (28.1753ms)
✔ BD-01 Pass 2 Doctor HTTP read uses only persisted relationships and next-request revocation (15.3934ms)
✔ BD-02 Patient HTTP mutations remain gated and DELETE is unavailable (8.2763ms)
✔ GET /me returns only the authenticated tenant context (1.8245ms)
✔ GET /me fails closed when tenant context is ambiguous (0.408ms)
✔ GET /me/memberships returns only active memberships (0.3006ms)
✔ identity endpoints reject a missing subject (0.3324ms)
✔ authenticated GET /me accepts a valid bearer session (0.9399ms)
✔ authenticated GET /me rejects a missing bearer credential (0.2459ms)
✔ authenticated GET /me requires workspace selection when memberships are ambiguous (0.2673ms)
✔ authenticated GET /me/memberships does not require a workspace (0.1876ms)
✔ authenticated GET /me/memberships rejects an invalid access session (0.2071ms)
✔ recovery exposes the client key and metadata only, preserves unknown states without expiry (1.8974ms)
✔ OP02 and OP03 authorize result references before mandatory audit or disclosure (3.4267ms)
✔ OP01 rejects invalid filters, repeated parameters and tampered cursors before queries (1.6105ms)
✔ returns an ETag and uses the composition-root patient presenter (3.7364ms)
✔ maps a stale patch to precondition failed (0.6622ms)
✔ creates a patient through the composition boundary with an ETag (29.0088ms)
✔ lists patients through the presenter without exposing the domain object (0.7056ms)
✔ BD-02 missing MRN maps unresolved automatic allocation to 503 (0.2959ms)
✔ patient authorization allows only exact loaded grants (1.2426ms)
✔ BD-02 unresolved Patient mutation grants remain denied (0.5178ms)
✔ BD-02 requires identity fields, permits old DOB and single Unicode names, rejects extra mutation fields (5.2514ms)
✔ P04 distinguishes missing, malformed and valid-but-stale opaque validators without numeric rounding (0.5612ms)
✔ BD-01 Patient mutations require grants, role ceilings and current Doctor relationship; receptionist purpose is closed (1.1504ms)
✔ Patient composition read authorization: exact read grant (2.5864ms)
✔ Patient composition read authorization: no grants (0.235ms)
✔ Patient composition read authorization: unrelated grant (0.1313ms)
✔ Patient composition read authorization: create grant (0.1264ms)
✔ Patient composition read authorization: update grant (0.1595ms)
✔ Patient composition read authorization: case variants (0.1128ms)
✔ Patient composition read authorization: whitespace and wildcard variants (0.123ms)
✔ Patient composition read authorization: role names (0.1742ms)
✔ composition preserves runtime instances and keeps authorization independent per request (0.4154ms)
✔ directory composition preserves runtime protection and request-scoped exact grants (0.5729ms)
✔ P03 checks patient.read before repository access and again with the loaded Patient (1.442ms)
✔ composed patient.read reaches tenant-scoped get/list without idempotency access (0.7671ms)
✔ composed dependencies deny get/list before repository access without patient.read (0.3839ms)
✔ same intent returns original 201 receipt with reauthorization/audit and no duplicate mutation (3.8797ms)
✔ deterministic FAILED repeat retains original failure without validation or side effects (0.5447ms)
✔ unknown transaction outcome stays pending and repeat cannot settle again (0.5828ms)
✔ MRN conflict is settled FAILED and replayed as 409 (0.9449ms)
✔ revoked replay authority and audit failure prevent receipt disclosure (1.2154ms)
✔ operation fingerprint sorts nested keys and preserves exact strings and array order (1.4244ms)
✔ identity requires canonical UTC and UUIDv4, rejecting calendar normalization (1.1408ms)
✔ receipt contains only durable IDs/versions and expires 24h after settlement (0.2566ms)
✔ directory rejects missing (1.1041ms)
✔ directory rejects non-string (0.1764ms)
✔ directory rejects blank (0.0764ms)
✔ directory rejects one code point (0.0632ms)
✔ directory rejects over 100 code points (0.118ms)
✔ directory rejects invalid limit (1.0883ms)
✔ directory rejects unknown filter (0.1349ms)
✔ directory trims only edges and counts Unicode code points (0.9088ms)
✔ cursor round-trip is encrypted, randomized and context bound (1.5803ms)
✔ cursor rejects wrong tenantId (0.5687ms)
✔ cursor rejects wrong normalizedQuery (0.2263ms)
✔ cursor rejects wrong sort (0.1827ms)
✔ permission revision binding is exact and distinctly stale (0.4554ms)
✔ raw UUID, malformed, tampered and wrong-key cursors are rejected (0.6667ms)
✔ authenticated unsupported payload version is rejected (0.5024ms)
✔ cursor configuration is disabled when missing and rejects invalid keys (0.2418ms)
✔ first page overfetches one and cursors the last returned item, then continues by keyset (0.9236ms)
✔ final page of 0 items has no next cursor (0.1401ms)
✔ final page of 1 items has no next cursor (0.0804ms)
✔ final page of 2 items has no next cursor (0.0647ms)
✔ missing protection, denied permission, invalid query and foreign cursor fail before database reads (0.4772ms)
✔ BD-02 duplicate MRN becomes 409 and records a 409 idempotency failure (9.1992ms)
▶ Phase 6 Run 2 PostgreSQL durable draft/provenance/audit, authorization, rollback and OCC
  ✔ durable generation binds canonical actor, patient, encounter, target, source, expiry and version (58.7763ms)
  ✔ same operation replays exact receipt without another provider call or draft (53.4515ms)
  ✔ missing governance/grants and unauthorized resources persist no output (6.3687ms)
  ✔ target precondition and patient/encounter mismatch fail before provider (16.0856ms)
  ✔ target changes during generation cannot commit stale draft (25.357ms)
  ✔ invalid provider payload never persists (17.6092ms)
  ✔ ai_provenance failure rolls back draft, provenance and completed operation (27.9279ms)
  ✔ audit_events failure rolls back draft, provenance and completed operation (27.2427ms)
  ✔ provenance rejects mismatched source and target relationships (6.6996ms)
  ✔ wrong tenant and missing draft are indistinguishable; state/version predicates are atomic (50.4927ms)
  ✔ real concurrent PostgreSQL updates have one winner and increment once (31.5988ms)
  ✔ bigint version precision survives persistence, reads and transitions (4.3012ms)
✔ Phase 6 Run 2 PostgreSQL durable draft/provenance/audit, authorization, rollback and OCC (503.0316ms)
▶ Phase 6 Run 1 real PostgreSQL authorized reads, retrieval, summary and audit
  ✔ authorized Patient read excludes internal and contact fields (9.2915ms)
  ✔ unauthorized and cross-tenant Patient reads are non-disclosing (10.3397ms)
  ✔ Clinical reads reuse grant, role ceiling and relationship authorization (17.8409ms)
  ✔ approved retrieval excludes foreign, draft and unauthorized documents and retains metadata (4.5005ms)
  ✔ knowledge relationship and vector constraints reject invalid writes and requests (4.9017ms)
  ✔ summary uses only authorized context and returns transient source identities (14.4686ms)
  ✔ summary denial prevents provider dispatch (4.2865ms)
  ✔ missing production governance fails closed for read retrieval and summary (3.3568ms)
  ✔ audit records authenticated session, actor, scope and source IDs without payload (2.4909ms)
  ✔ session mismatches and expiry cannot bind (0.5931ms)
  ✔ real PostgreSQL audit rejection remains typed and blocks summary disclosure (13.4849ms)
✔ Phase 6 Run 1 real PostgreSQL authorized reads, retrieval, summary and audit (261.1462ms)
▶ Phase 6 Run 3 PostgreSQL human review, assurance, exact-version approval and Clinical handoff
  ✔ human review atomically records reviewer, exact requested version and mandatory audit (85.7527ms)
  ✔ two concurrent human review commands have one valid winner (79.605ms)
  ✔ missing/expired authentication, AI actor, missing capabilities and governance deny (33.8645ms)
  ✔ revoked session and workspace revision deny before mutation (31.2969ms)
  ✔ cross-tenant and absent IDs are non-disclosing; wrong patient/encounter relationships deny (57.3658ms)
  ✔ rejection is exact-version human terminal action with no handoff (63.2438ms)
  ✔ unreviewed draft cannot obtain approval assurance or handoff (34.9128ms)
  ✔ MFA must be configured, fresh and bound to this actor/session/draft/version/target (69.5991ms)
  ✔ edit invalidates old reviewed token and old assurance; fresh exact version can hand off (167.9554ms)
  ✔ approval requires independent record.edit permission and Clinical write policy (51.7617ms)
  ✔ approve vs reject race produces one terminal result and at most one handoff (59.4889ms)
  ✔ duplicate approval operations and different-key races create one handoff/version (60.498ms)
  ✔ ai_handoffs rejection rolls back approval, Clinical version, assurance consumption and operation completion (55.9099ms)
  ✔ audit_events rejection rolls back approval, Clinical version, assurance consumption and operation completion (55.515ms)
  ✔ stale target, wrong target body and provenance corruption block handoff (63.583ms)
  ✔ review and rejection audit failures roll back their version transitions (72.6085ms)
  ✔ bigint review and approval bind exact tokens beyond Number precision (51.3358ms)
  ✔ two drafts targeting the same record cannot both hand off the old target version (104.2561ms)
  ✔ expired draft and expired/session-mismatched assurance cannot approve (83.4651ms)
  ✔ audit and operation metadata never contain Clinical payloads or assurance secrets (2.4268ms)
✔ Phase 6 Run 3 PostgreSQL human review, assurance, exact-version approval and Clinical handoff (1462.5589ms)
✔ BD-01 PostgreSQL durable care state, isolation, retained history and atomic audit (193.6659ms)
✔ Phase 5B PostgreSQL real read mapping, isolation, filters, keysets and immutable history (90.0708ms)
✔ PostgreSQL idempotency concurrency, expiration, replay and scoped finalization (368.4121ms)
✖ runs the complete migration chain on PostgreSQL (928.6562ms)
✔ P02 Patient create atomically settles patient, audit and operation evidence (877.8825ms)
✔ BD-02 PostgreSQL enforces tenant MRN uniqueness and atomic Patient OCC (117.0875ms)
✔ BD-02 PostgreSQL enforces canonical Patient sex and status value sets (177.7888ms)
✔ Phase 5B real PostgreSQL command/recovery races, replay, OCC, authorization and rollback (1073.1693ms)
✔ GET tenant denies a substituted cross-tenant identifier (1.0684ms)
✔ public tenant resources omit the internal version while exposing a strong ETag (0.2924ms)
✔ protected tenant access fails closed without actor or tenant context (0.1361ms)
✔ PATCH tenant requires administrator role and current If-Match (0.3559ms)
✔ POST location rejects client ownership fields and accepts synthetic creation (0.3409ms)
✔ location creation is tenant-scoped and idempotent (0.7001ms)
✔ public location resources omit the internal version (0.2205ms)
✔ location list rejects malformed tenant identifiers and invalid pagination (0.1335ms)
✔ workspace permissions load exact tenant membership grants into a set (1.0471ms)
✔ foundation migrations are ordered, transactional, and dependency-shaped (7.8341ms)
✔ foundation status and idempotency contracts match the application contracts (1.5335ms)
✔ domain migrations preserve the approved dependency and immutability boundaries (3.5497ms)
✔ migration 005 defines tenant-scoped immutable audit evidence (3.7815ms)
✔ migration 005 delegates transaction ownership to the migration runner (2.4429ms)
✔ Phase 4B migration adds durable operation, auth, audit, clinical and AI foundations (4.5819ms)
✔ Phase 4B persistence tables do not define request or prompt payload columns (2.8908ms)
✔ AI draft adapter uses parameterized SQL and tenant/OCC predicates (4.5805ms)
✔ AI draft adapter rejects missing tenant and stale version inputs (1.0398ms)
✔ AI gateway propagates mandatory audit failure without retry or disclosure (1.8068ms)
✔ registered typed tools retain validation when called through erased registry (0.3925ms)
✔ AI gateway fails closed without authenticated context (1.185ms)
✔ AI gateway fails closed for malformed runtime context without throwing (0.3448ms)
✔ AI gateway denies unknown tools and invalid input (0.1997ms)
✔ AI gateway enforces explicit tenant/resource authorization (0.2755ms)
✔ AI gateway returns bounded output and records allowed access (0.2473ms)
✔ AI gateway rejects output exceeding the configured bound (0.2146ms)
✔ AI gateway fails closed when input validation or authorization throws (0.2101ms)
✔ completion mandatory audit failure propagates once on success (2.4607ms)
✔ completion mandatory audit failure propagates once on invalid (0.2769ms)
✔ completion mandatory audit failure propagates once on oversized (0.1732ms)
✔ completion mandatory audit failure propagates once on failure (0.2539ms)
✔ nested mandatory audit failure escapes tool error conversion (0.6117ms)
✔ nested mandatory audit failure escapes retrieval error conversion (0.5812ms)
✔ nested mandatory audit failure escapes provider error conversion (0.1793ms)
✔ completion port validates context, bounds output, and records metadata only (2.3867ms)
✔ completion port fails closed for invalid context, oversized output, and provider failure (0.4935ms)
✔ Dify adapter sends bounded provider request without exposing secret in payload (20.0513ms)
✔ Dify adapter fails closed on invalid context, provider failure, and malformed response (0.9501ms)
✔ Dify adapter maps timeout, caller cancellation, and secret-provider failures safely (3.1115ms)
✔ clinical draft tool is explicitly draft-only and requires approval (1.3196ms)
✔ clinical draft tool binds encounter resource to input (0.203ms)
✔ clinical draft tool rejects incomplete or unknown input (0.3482ms)
✔ AI draft workflow enforces GENERATED → REVIEWING → APPROVED (1.0223ms)
✔ AI draft workflow rejects approval before human review and supports rejection (0.5183ms)
✔ AI actor cannot perform human approval transitions (0.2107ms)
✔ RAG audit binds only the returned source identities without content (2.9184ms)
✔ RAG propagates mandatory audit failure without retry or results (0.7696ms)
✔ RAG retrieval fails closed without authenticated context (0.2912ms)
✔ RAG retrieval requires explicit permission (0.1905ms)
✔ RAG retrieval filters tenant and status before returning results (10.2729ms)
✔ RAG retrieval bounds query, result count, and snippets (0.3007ms)
✔ RAG retrieval does not expose source failure details (0.2377ms)
✔ get_patient returns minimum necessary fields only (1.238ms)
✔ get_recent_encounters filters tenant and bounds results (0.4072ms)
✔ read-only tools reject malformed or excessive input (0.1797ms)
✔ resource authorization matches the requested patient (0.1469ms)
✔ read-only tools accept public summaries without requiring private entity fields (0.392ms)
✔ encounter summaries keep tenant and patient filtering before the result limit (0.1724ms)
✔ creates a tenant-scoped appointment and returns the repository result (6.756ms)
✔ replays an idempotent appointment instead of creating a duplicate (0.9902ms)
✔ rejects the same idempotency key when the request fingerprint conflicts (0.9908ms)
✔ maps a database scheduling conflict to a business conflict and records a 409 failure (0.7547ms)
✔ lists only appointments for the active tenant (0.3171ms)
✔ validates availability range before asking the scheduling provider (0.312ms)
✔ requires a current version and valid lifecycle transition for check-in (0.5732ms)
✔ preserves AppointmentSchedulingConflictError constructor identity through the compatibility export (0.5505ms)
✔ detects overlapping active appointments for the same doctor (0.6174ms)
✔ does not treat another doctor or terminal appointment as a double booking (0.1466ms)
✔ audit repository appends events and lists only the requested tenant (1.217ms)
✔ audit repository applies a bounded result limit (0.142ms)
✔ audit cursor is opaque, keyset-shaped, and tenant-bound (0.6547ms)
✔ audit repository uses the cursor as a createdAt and eventId keyset (0.1824ms)
✔ audit cursor rejects malformed and non-opaque values (0.2793ms)
✔ audit repository replays identical events and conflicts on payload reuse (0.8844ms)
✔ repository validates list input defensively (0.1805ms)
✔ PostgreSQL audit adapter uses parameterized SQL and preserves replay/conflict semantics (7.885ms)
✔ PostgreSQL audit adapter persists operation/session/resource-version linkage (0.2918ms)
✔ creates and replays a tenant-scoped encounter (6.8354ms)
✔ rejects a conflicting encounter idempotency key (1.0257ms)
✔ fails closed without authenticated tenant context (0.4272ms)
✔ creates and replays the first draft medical record version (1.3528ms)
✔ rejects empty clinical content and unknown fields (0.546ms)
✔ enforces DRAFT to IN_REVIEW to FINALIZED transitions (1.1118ms)
✔ creates an amendment version only from a finalized current version (0.7662ms)
✔ lists doctors only inside the active tenant (0.7895ms)
✔ rejects a substituted cross-tenant doctor identifier (0.5186ms)
✔ requires an authorized tenant context for shift access (0.2872ms)
✔ transaction creates unique secrets, hashed state, encrypted recoverable nonce/verifier, S256 and five minute TTL (5.2381ms)
✔ wrong state and expired transactions do not create sessions (1.137ms)
✔ transaction tampering with pkceVerifierCiphertext is terminal (0.4726ms)
✔ transaction tampering with nonceCiphertext is terminal (0.3728ms)
✔ transaction tampering with codeChallenge is terminal (0.4283ms)
✔ transaction tampering with nonceHash is terminal (0.3559ms)
✔ transaction tampering with redirectUri is terminal (0.4027ms)
✔ concurrent completion creates only one session and blocks replay (0.798ms)
✔ DISABLED identity cannot create a session (0.8328ms)
✔ MISSING identity cannot create a session (0.8324ms)
✔ provider failure after claim is terminal, including unavailable/timeout (0.6983ms)
✔ client userId cannot override verified identity (0.3998ms)
✔ unconfigured provider/key and invalid provider fail closed (0.2408ms)
✔ establishes an authenticated actor and tenant context (0.7596ms)
✔ rejects an unauthenticated actor (0.4508ms)
✔ rejects an actor without an active membership (0.1431ms)
✔ does not establish tenant B from tenant A membership (0.1114ms)
✔ rejects an empty requested tenant identifier (0.1645ms)
✔ rejects ambiguous tenant context without a requested tenant (0.1096ms)
✔ real adapter exchanges PKCE code and verifies signed JWKS identity (25.8603ms)
✔ OIDC rejects issuer (2.5931ms)
✔ OIDC rejects audience (1.7588ms)
✔ OIDC rejects expired (1.6481ms)
✔ OIDC rejects futureIat (2.0798ms)
✔ OIDC rejects oldIat (1.5708ms)
✔ OIDC rejects missingIat (1.7576ms)
✔ OIDC rejects missingExp (2.1773ms)
✔ OIDC rejects blankSubject (1.8558ms)
✔ OIDC rejects missingNonce (1.9322ms)
✔ OIDC rejects multiAudienceMissingAzp (1.7461ms)
✔ OIDC rejects badAzp (1.2804ms)
✔ nonce mismatch and unverified caller-supplied claims fail closed (1.3588ms)
✔ multi-audience with matching authorized party is accepted (2.3894ms)
✔ invalid signature, unknown key and disallowed algorithm fail closed (94.4949ms)
✔ upstream errors and network failures never leak response bodies (0.8654ms)
✔ configuration requires HTTPS and configured JWKS; redirect cannot be replaced (0.1718ms)
✔ creates a session with short access lifetime and fixed refresh lifetime (2.8203ms)
✔ authenticates a valid access token using only its SHA-256 hash (0.8858ms)
✔ rejects a malformed access token before repository lookup (0.1566ms)
✔ returns INVALID when the access session lookup fails (0.1984ms)
✔ rotates a valid refresh token and returns a new token bundle (0.6229ms)
✔ rejects a malformed refresh token before repository lookup (0.1335ms)
✔ propagates refresh-token replay detection (0.2443ms)
✔ caps access expiry at the fixed session expiry (0.2257ms)
✔ revokes a valid access session (0.3146ms)
✔ rejects a malformed access token before lookup during revoke (0.29ms)
✔ returns INVALID when the active access session lookup fails during revoke (0.2749ms)
✔ returns INVALID when repository revoke returns false (0.221ms)
✔ creates opaque access tokens bound to a session id (1.2575ms)
✔ creates opaque refresh tokens bound to a refresh-token id (0.2573ms)
✔ hashes tokens without retaining plaintext (0.6175ms)
✔ rejects malformed tokens (0.4091ms)
✔ grant reader uses a read-only query scoped by tenant and membership parameters (1.743ms)
✔ grant reader preserves permission order from the database result (0.8345ms)
✔ grant reader passes the tenant scope on every call for the same membership (0.3075ms)
✔ grant reader returns no permissions for empty rows (0.119ms)
✔ grant reader propagates database failures without granting permissions (0.5319ms)
✔ PostgresIdentityContextStore resolves identity subjects and memberships (786.8254ms)
✔ PostgresSessionRepository creates, rotates, detects replay and revokes sessions (783.3066ms)
✔ creates once and replays the original patient for the same idempotency key (7.9778ms)
✔ rejects a reused idempotency key with a different request (1.5964ms)
✔ fails closed for missing authentication or tenant context (0.3428ms)
✔ does not read a tenant B patient from tenant A (0.311ms)
✔ requires the current strong ETag for a Patient patch (0.4562ms)
✔ rejects unknown search fields and accepts only tenant-scoped list input (0.2905ms)
✔ BD-02 create enforces canonical Patient identity policy (10.5326ms)
✔ BD-02 create fails closed when automatic MRN allocation is unresolved (0.2756ms)
✔ BD-02 create rejects client-controlled status (0.2289ms)
✔ BD-02 create rejects non-canonical sex values (0.3665ms)
✔ BD-02 create rejects malformed, impossible and future dates of birth (0.2474ms)
✔ BD-02 generic patient.update rejects status mutation (0.1354ms)
✔ BD-02 Patient patch rejects non-canonical sex values (0.1016ms)
✔ BD-02 generic Patient patch rejects MRN and unresolved lifecycle fields (0.1502ms)
✔ BD-02 Patient patch rejects malformed, impossible and future dates of birth (0.2162ms)
✔ accepts a Patient belonging to the requested tenant (0.7084ms)
✔ fails closed when a Patient belongs to another tenant (0.4952ms)
✔ does not discover a Patient from another tenant through the repository port (0.975ms)
✔ directory SQL uses tenant-scoped parameterized name/id keysets and no OFFSET (1.4623ms)
✔ P03 findById binds both tenant and patient identity (0.2287ms)
✔ builds a metadata-first audit event without clinical payload (2.1089ms)
✔ rejects missing identity and invalid results (0.4348ms)
✔ emits only validated events through the sink (0.1433ms)
✔ builds an audit input from authenticated request context (0.1991ms)
✔ does not build an audit input without authenticated context (0.1216ms)
✔ preserves operation, session and resource-version attribution (0.1391ms)
✔ allows same-tenant access when the resource policy allows it (1.276ms)
✔ denies same-tenant access when ownership or relationship policy denies it (0.1673ms)
✔ denies cross-tenant access before evaluating the policy (0.1829ms)
✔ denies missing actor context (0.1652ms)
✔ denies missing tenant context (0.1181ms)
✔ denies invalid tenant context (0.1126ms)
✔ denies invalid resource scope (0.8626ms)
✔ denies ambiguous or absent policy by default (0.1482ms)
✔ denies policy failures instead of allowing access (0.2044ms)
✔ denies malformed action (0.211ms)
✔ denies malformed request and resource without throwing (0.1474ms)
✔ destructive PostgreSQL suite refuses DATABASE_URL without disposable opt-in before connecting (394.1375ms)
✔ migration adapter keeps transaction statements on one client and closes once (3.1015ms)
✔ migration adapter closes a failed connection without retrying it (0.6907ms)
✔ closing an unused migration adapter does not open a connection (1.1272ms)
✔ migration adapter fails closed after a session error instead of reconnecting mid-transaction (0.6453ms)
✔ close during connection acquisition prevents a late query and ends the session once (0.4401ms)
✔ runs migrations in order under one transaction and records checksums (0.4145ms)
✔ reruns applied migrations without executing SQL again (0.2352ms)
✔ rolls back when a recorded checksum differs (0.3587ms)
✔ rejects migrations that try to manage their own transaction (0.3603ms)
✔ Phase 4B PostgreSQL constraints reject cross-workspace links and duplicate identities (714.3055ms)
✔ Phase 4B PostgreSQL operation, clinical-version and AI handoff uniqueness constraints are present (728.382ms)
✖ PostgreSQL migration upgrade, replay, checksum rejection and rollback preserve committed state (1124.1171ms)
✔ PostgreSQL session stays pinned and close rolls back an unfinished transaction (207.0878ms)
✔ runtime transaction stays on one PostgreSQL session and commits (43.5859ms)
✔ runtime transaction rolls back all writes when work fails (66.824ms)
✔ runtime database rejects queries after close (0.4194ms)
✔ accepts idempotency keys from 1 through 255 characters (1.1586ms)
✔ canonicalization sorts keys and trims strings (0.2914ms)
✔ canonicalization rejects non-plain or non-JSON data (0.8868ms)
✔ hashPayload is deterministic for logically equivalent payloads (4.8657ms)
✔ lookup returns NEW for an unknown identity (0.8853ms)
✔ begin, complete, and lookup provide replay behavior (0.4855ms)
✔ same key with a different hash returns conflict (0.1643ms)
✔ concurrent same-key begin is represented as in progress and must fail closed (0.1264ms)
✔ default TTL and expiration helper use 24 hours (0.2312ms)
✔ lookup unknown or expired identity returns NEW with an exclusive expiration bound (1.4928ms)
✔ lookup PROCESSING with different hash returns CONFLICT (0.2296ms)
✔ lookup SUCCEEDED with different hash returns CONFLICT (0.1211ms)
✔ lookup PROCESSING with same hash returns IN_PROGRESS (0.1532ms)
✔ lookup SUCCEEDED with same hash returns REPLAY (0.14ms)
✔ lookup FAILED with same hash returns REPLAY (0.1194ms)
✔ begin atomically inserts PROCESSING with a backend UUID and default TTL (0.5439ms)
✔ begin replaces expired identity and resets all attempt fields in the same upsert (0.208ms)
✔ begin PROCESSING with same hash returns CONFLICT (0.1739ms)
✔ begin SUCCEEDED with different hash returns CONFLICT (0.1629ms)
✔ begin SUCCEEDED with same hash returns REPLAY (0.1442ms)
✔ begin FAILED with same hash returns REPLAY (0.0876ms)
✔ simultaneous begin responses map the database winner and loser without unique errors (0.301ms)
✔ complete parameterizes all four identity fields and returns the canonical terminal record (0.2144ms)
✔ complete rejects missing, expired, terminal or differently scoped targets (0.4947ms)
✔ fail parameterizes all four identity fields and returns the canonical terminal record (0.1319ms)
✔ fail rejects missing, expired, terminal or differently scoped targets (0.0819ms)
✔ fail defaults both response fields to null (0.0981ms)
✔ all operations bind values rather than interpolating user input (0.1495ms)
✔ invalid key and TTL fail before querying; missing upsert result fails closed (0.3075ms)
✔ admission generates an operation ID and preserves the concurrent database winner (2.1769ms)
✔ PROCESSING repeats preserve the original result and reject different intent (0.3227ms)
✔ INDETERMINATE repeats preserve the original result and reject different intent (0.1066ms)
✔ SUCCEEDED repeats preserve the original result and reject different intent (0.1043ms)
✔ FAILED repeats preserve the original result and reject different intent (0.1223ms)
✔ CLOSED repeats preserve the original result and reject different intent (0.0851ms)
✔ invalid identity, fingerprint and timestamp fail before database access (0.7157ms)
✔ admission accepts exact timestamp window boundaries (0.2253ms)
✔ completion atomically links the primary resource and preserves bigint precision (0.4565ms)
✔ complete fences stale or terminal callers by exact identity, intent and operation ID (0.5011ms)
✔ fail fences stale or terminal callers by exact identity, intent and operation ID (0.2854ms)
✔ known failure persists public error and HTTP status (0.2034ms)
✔ database/ref errors propagate unchanged to the owning transaction (0.2191ms)
✔ invalid results cannot settle an operation (0.154ms)
✔ append preserves tenant, actor, request, and correlation context (2.4103ms)
✔ claimBatch claims pending events and increments attemptCount (0.3877ms)
✔ markCompleted transitions a processing event to completed (0.4344ms)
✔ markFailed increments retry state and dead-letters after max retries (0.2278ms)
✔ outbox status flow is pending, processing, then completed or failed (0.2051ms)
ℹ tests 448
ℹ suites 0
ℹ pass 446
ℹ fail 2
ℹ cancelled 0
ℹ skipped 0
ℹ todo 0
ℹ duration_ms 31891.4017

✖ failing tests:

test at apps\api\src\postgres-migration-composition.integration.test.ts:31:1
✖ runs the complete migration chain on PostgreSQL (928.6562ms)
  AssertionError [ERR_ASSERTION]: Expected values to be strictly deep-equal:
  + actual - expected
  ... Skipped lines
  
    [
      '001',
      '002',
      '003',
      '004',
  ...
      '022',
  +   '023'
    ]
  
      at TestContext.<anonymous> (file:///C:/Users/LAPTOP/Viora-Mobile-App/backend/apps/api/src/postgres-migration-composition.integration.test.ts:41:12)
      at process.processTicksAndRejections (node:internal/process/task_queues:104:5)
      at async Test.run (node:internal/test_runner/test:1389:7)
      at async startSubtestAfterBootstrap (node:internal/test_runner/harness:387:3) {
    generatedMessage: true,
    code: 'ERR_ASSERTION',
    actual: [
      '001', '002', '003', '004',
      '005', '006', '007', '008',
      '009', '010', '011', '012',
      '013', '014', '015', '016',
      '017', '018', '019', '020',
      '021', '022', '023'
    ],
    expected: [
      '001', '002', '003', '004',
      '005', '006', '007', '008',
      '009', '010', '011', '012',
      '013', '014', '015', '016',
      '017', '018', '019', '020',
      '021', '022'
    ],
    operator: 'deepStrictEqual',
    diff: 'simple'
  }

test at libs\platform\database\src\postgres-migration.integration.test.ts:21:1
✖ PostgreSQL migration upgrade, replay, checksum rejection and rollback preserve committed state (1124.1171ms)
  AssertionError [ERR_ASSERTION]: Expected values to be strictly equal:
  
  23 !== 22
  
      at TestContext.<anonymous> (file:///C:/Users/LAPTOP/Viora-Mobile-App/backend/libs/platform/database/src/postgres-migration.integration.test.ts:35:12)
      at process.processTicksAndRejections (node:internal/process/task_queues:104:5)
      at async Test.run (node:internal/test_runner/test:1389:7)
      at async startSubtestAfterBootstrap (node:internal/test_runner/harness:387:3) {
    generatedMessage: true,
    code: 'ERR_ASSERTION',
    actual: 23,
    expected: 22,
    operator: 'strictEqual',
    diff: 'simple'
  }
