
> quality
> npm run lint && npm run typecheck && npm run build && npm test && npm run boundaries


> lint
> eslint apps libs database eslint.config.mjs


> typecheck
> tsc -p tsconfig.json


> build
> tsc -p tsconfig.build.json


> test
> node --experimental-strip-types --test --test-concurrency=1

✔ draft generation accepts only canonical target/instruction, never actor or tenant (5.6207ms)
✔ draft generation rejects malformed/weak target tokens and oversized instruction (0.5019ms)
✔ provider content must be exact bounded four-field ClinicalContent (3.1794ms)
✔ summary assembles authorized source projections and returns transient advisory evidence without fabricated versions (3.6395ms)
✔ summary governance missing fails closed before reads/provider (0.1839ms)
✔ summary governance denied fails closed before reads/provider (0.1641ms)
✔ summary governance incomplete fails closed before reads/provider (0.1036ms)
✔ summary patient failure prevents partial-context provider dispatch (0.1801ms)
✔ summary encounters failure prevents partial-context provider dispatch (0.1131ms)
✔ summary knowledge failure prevents partial-context provider dispatch (0.1308ms)
✔ summary provider failure is non-disclosing without fallback (0.259ms)
✔ summary mandatory invoke audit failure prevents disclosure (0.4991ms)
✔ summary mandatory complete audit failure prevents disclosure (0.2768ms)
✔ Phase 4B executable API contract is versioned under /v1 with one wire convention (6.3044ms)
✔ OpenAPI lists only runtime routes and domain gates never promise success (1.666ms)
✔ parses exactly one strict Bearer credential (1.2294ms)
✔ rejects a malformed Authorization header before session lookup (0.8741ms)
✔ rejects an invalid or expired access session (0.2322ms)
✔ fails closed when the session user does not match the bound identity (0.2311ms)
✔ fails closed when the bound user is no longer active (0.1858ms)
✔ creates an authenticated RequestContext for one active membership (0.5394ms)
✔ requires explicit workspace selection when multiple memberships are active (0.242ms)
✔ rejects a workspace without an active membership (0.1686ms)
✔ selects the requested active workspace when multiple memberships exist (0.2131ms)
✔ ceilings never supply grants; unknown and out-of-ceiling stored grants confer no authority (1.2085ms)
✔ normal Patient resource checks deny missing durable Doctor relationship and unresolved receptionist purpose (0.3161ms)
✔ Doctor Patient resource authorization loads durable same-workspace state on every check (1.9679ms)
✔ Nurse demographic read does not require assignment; unknown stored results fail closed (2.0555ms)
✔ DOCTOR clinical reads require live durable state, exact grant and canonical Patient linkage (2.5208ms)
✔ NURSE clinical reads require live durable state, exact grant and canonical Patient linkage (0.6883ms)
✔ Patient encounter list cannot authorize from requested Patient ID when no canonical row exists (0.2496ms)
✔ Admin, Receptionist and unclassified roles cannot use persisted clinical links (0.2948ms)
✔ read cursors authenticate tenant, filters, sort, purpose and permission revision (5.4193ms)
✔ Doctor canonical reads use exact grants, limit+1 and opaque keyset pages (1.755ms)
✔ shift and appointment reads enforce ranges, filters, order and resource access (2.0163ms)
✔ clinical real adapters map IDs and versions; application guards history and encounter relationships (1.0013ms)
✔ Patient routes remain unavailable and existing reads do not touch Patient or idempotency stores (62.4783ms)
✔ ADMIN membership without grants cannot gain Patient read access during request composition (0.4917ms)
✔ workspace permission revision validation fails closed and detects stale context (0.1494ms)
✔ workspace request context authenticates and enforces permission revision (1.3622ms)
✔ workspace permissions load only after valid authenticated context (0.64ms)
✔ auth transaction is public, returns only client-safe fields and no-store (7.9156ms)
✔ auth session accepts only transaction, code and state and returns token bundle (4.1289ms)
✔ auth maps INVALID_AUTH_PROVIDER to 400 without internal details (4.5508ms)
✔ auth maps AUTH_PROVIDER_UNAVAILABLE to 503 without internal details (6.2755ms)
✔ auth maps INVALID_AUTH_TRANSACTION to 400 without internal details (6.3021ms)
✔ auth maps AUTH_TRANSACTION_EXPIRED to 401 without internal details (3.0242ms)
✔ auth maps AUTH_TRANSACTION_REPLAY to 401 without internal details (3.3085ms)
✔ auth maps OIDC_VERIFICATION_FAILED to 401 without internal details (3.1732ms)
✔ auth maps IDENTITY_NOT_PROVISIONED to 403 without internal details (4.5905ms)
✔ auth rejects client identity, role, issuer and purpose overrides before service invocation (6.698ms)
✔ auth routes enforce method, JSON, body limit and input bounds (6.4933ms)
✔ missing provider fails closed while health remains available (3.3306ms)
✔ GET /v1/health returns a JSON health envelope (3.2345ms)
✔ GET /v1/me authenticates a valid bearer and workspace (2.8892ms)
✔ GET /v1/me rejects a missing Authorization header (2.9194ms)
✔ GET /v1/me requires workspace selection for ambiguous memberships (3.1424ms)
✔ GET /v1/me rejects a malformed workspace header (2.2654ms)
✔ GET /v1/me/memberships does not require a workspace header (3.8758ms)
✔ GET /v1/me/memberships rejects an invalid access token (3.0884ms)
✔ POST /v1/me returns method not allowed with Allow GET (3.3221ms)
✔ POST /v1/auth/session validates its JSON contract (2.5699ms)
✔ GET an unknown path returns not found (2.7862ms)
✔ GET /v1/health preserves one valid incoming correlation ID (3.5013ms)
✔ unexpected identity errors return a safe internal error (2.8764ms)
✔ POST /v1/auth/refresh rotates a valid refresh token (2.771ms)
✔ POST /v1/auth/refresh rejects an invalid token (2.3421ms)
✔ POST /v1/auth/refresh rejects refresh-token replay (2.6036ms)
✔ POST /v1/auth/refresh rejects malformed JSON (2.3819ms)
✔ POST /v1/auth/refresh rejects a missing refreshToken (2.0958ms)
✔ POST /v1/auth/revoke revokes a valid Bearer session (2.7991ms)
✔ POST /v1/auth/revoke rejects a missing Bearer session (2.1977ms)
✔ POST /v1/auth/transactions validates its JSON contract (2.1684ms)
✔ POST /v1/auth/refresh rejects an oversized body (2.7436ms)
✔ Phase 5B domain routes authenticate once and fail closed without domain access (18.0575ms)
✔ BD-01 Patient HTTP reads enforce canonical roles, live grants, projection, audit and revocation (11.3749ms)
✔ BD-01 Pass 2 Doctor HTTP read uses only persisted relationships and next-request revocation (6.4111ms)
✔ BD-02 Patient HTTP mutations remain gated and DELETE is unavailable (4.2069ms)
✔ GET /me returns only the authenticated tenant context (1.291ms)
✔ GET /me fails closed when tenant context is ambiguous (0.1869ms)
✔ GET /me/memberships returns only active memberships (0.1471ms)
✔ identity endpoints reject a missing subject (0.1688ms)
✔ authenticated GET /me accepts a valid bearer session (0.5438ms)
✔ authenticated GET /me rejects a missing bearer credential (0.1744ms)
✔ authenticated GET /me requires workspace selection when memberships are ambiguous (0.2137ms)
✔ authenticated GET /me/memberships does not require a workspace (0.149ms)
✔ authenticated GET /me/memberships rejects an invalid access session (0.1702ms)
✔ recovery exposes the client key and metadata only, preserves unknown states without expiry (1.2123ms)
✔ OP02 and OP03 authorize result references before mandatory audit or disclosure (1.9803ms)
✔ OP01 rejects invalid filters, repeated parameters and tampered cursors before queries (0.6749ms)
✔ returns an ETag and uses the composition-root patient presenter (1.7169ms)
✔ maps a stale patch to precondition failed (0.5168ms)
✔ creates a patient through the composition boundary with an ETag (17.0899ms)
✔ lists patients through the presenter without exposing the domain object (0.5789ms)
✔ BD-02 missing MRN maps unresolved automatic allocation to 503 (0.2456ms)
✔ patient authorization allows only exact loaded grants (0.7052ms)
✔ BD-02 unresolved Patient mutation grants remain denied (0.1818ms)
✔ BD-02 requires identity fields, permits old DOB and single Unicode names, rejects extra mutation fields (3.2698ms)
✔ P04 distinguishes missing, malformed and valid-but-stale opaque validators without numeric rounding (0.3477ms)
✔ BD-01 Patient mutations require grants, role ceilings and current Doctor relationship; receptionist purpose is closed (0.7503ms)
✔ Patient composition read authorization: exact read grant (2.8451ms)
✔ Patient composition read authorization: no grants (0.182ms)
✔ Patient composition read authorization: unrelated grant (0.1006ms)
✔ Patient composition read authorization: create grant (0.099ms)
✔ Patient composition read authorization: update grant (0.1315ms)
✔ Patient composition read authorization: case variants (0.0909ms)
✔ Patient composition read authorization: whitespace and wildcard variants (0.08ms)
✔ Patient composition read authorization: role names (0.124ms)
✔ composition preserves runtime instances and keeps authorization independent per request (0.3319ms)
✔ directory composition preserves runtime protection and request-scoped exact grants (0.3282ms)
✔ P03 checks patient.read before repository access and again with the loaded Patient (0.7702ms)
✔ composed patient.read reaches tenant-scoped get/list without idempotency access (0.4804ms)
✔ composed dependencies deny get/list before repository access without patient.read (0.2438ms)
✔ same intent returns original 201 receipt with reauthorization/audit and no duplicate mutation (2.5215ms)
✔ deterministic FAILED repeat retains original failure without validation or side effects (0.3046ms)
✔ unknown transaction outcome stays pending and repeat cannot settle again (0.2273ms)
✔ MRN conflict is settled FAILED and replayed as 409 (0.2976ms)
✔ revoked replay authority and audit failure prevent receipt disclosure (0.4644ms)
✔ operation fingerprint sorts nested keys and preserves exact strings and array order (1.3234ms)
✔ identity requires canonical UTC and UUIDv4, rejecting calendar normalization (1.0637ms)
✔ receipt contains only durable IDs/versions and expires 24h after settlement (0.2151ms)
✔ directory rejects missing (1.522ms)
✔ directory rejects non-string (0.1376ms)
✔ directory rejects blank (0.0823ms)
✔ directory rejects one code point (0.0634ms)
✔ directory rejects over 100 code points (0.0814ms)
✔ directory rejects invalid limit (0.095ms)
✔ directory rejects unknown filter (1.1037ms)
✔ directory trims only edges and counts Unicode code points (0.7077ms)
✔ cursor round-trip is encrypted, randomized and context bound (1.3471ms)
✔ cursor rejects wrong tenantId (0.3605ms)
✔ cursor rejects wrong normalizedQuery (0.2296ms)
✔ cursor rejects wrong sort (0.2321ms)
✔ permission revision binding is exact and distinctly stale (0.5079ms)
✔ raw UUID, malformed, tampered and wrong-key cursors are rejected (0.4486ms)
✔ authenticated unsupported payload version is rejected (0.2253ms)
✔ cursor configuration is disabled when missing and rejects invalid keys (0.1375ms)
✔ first page overfetches one and cursors the last returned item, then continues by keyset (0.7696ms)
✔ final page of 0 items has no next cursor (0.1339ms)
✔ final page of 1 items has no next cursor (0.0885ms)
✔ final page of 2 items has no next cursor (0.0638ms)
✔ missing protection, denied permission, invalid query and foreign cursor fail before database reads (0.4869ms)
✔ BD-02 duplicate MRN becomes 409 and records a 409 idempotency failure (7.51ms)
▶ Phase 6 Run 2 PostgreSQL durable draft/provenance/audit, authorization, rollback and OCC
  ✔ durable generation binds canonical actor, patient, encounter, target, source, expiry and version (78.207ms)
  ✔ same operation replays exact receipt without another provider call or draft (36.0545ms)
  ✔ missing governance/grants and unauthorized resources persist no output (4.7502ms)
  ✔ target precondition and patient/encounter mismatch fail before provider (12.9678ms)
  ✔ target changes during generation cannot commit stale draft (17.4209ms)
  ✔ invalid provider payload never persists (10.1036ms)
  ✔ ai_provenance failure rolls back draft, provenance and completed operation (33.5953ms)
  ✔ audit_events failure rolls back draft, provenance and completed operation (21.9108ms)
  ✔ provenance rejects mismatched source and target relationships (5.5527ms)
  ✔ wrong tenant and missing draft are indistinguishable; state/version predicates are atomic (159.1185ms)
  ✔ real concurrent PostgreSQL updates have one winner and increment once (31.1444ms)
  ✔ bigint version precision survives persistence, reads and transitions (4.972ms)
✔ Phase 6 Run 2 PostgreSQL durable draft/provenance/audit, authorization, rollback and OCC (712.2026ms)
▶ Phase 6 Run 1 real PostgreSQL authorized reads, retrieval, summary and audit
  ✔ authorized Patient read excludes internal and contact fields (8.3844ms)
  ✔ unauthorized and cross-tenant Patient reads are non-disclosing (8.2541ms)
  ✔ Clinical reads reuse grant, role ceiling and relationship authorization (17.8923ms)
  ✔ approved retrieval excludes foreign, draft and unauthorized documents and retains metadata (5.4234ms)
  ✔ knowledge relationship and vector constraints reject invalid writes and requests (5.8014ms)
  ✔ summary uses only authorized context and returns transient source identities (15.1796ms)
  ✔ summary denial prevents provider dispatch (4.1305ms)
  ✔ missing production governance fails closed for read retrieval and summary (3.5442ms)
  ✔ audit records authenticated session, actor, scope and source IDs without payload (2.2365ms)
  ✔ session mismatches and expiry cannot bind (0.5815ms)
  ✔ real PostgreSQL audit rejection remains typed and blocks summary disclosure (13.4904ms)
✔ Phase 6 Run 1 real PostgreSQL authorized reads, retrieval, summary and audit (248.2664ms)
✔ BD-01 PostgreSQL durable care state, isolation, retained history and atomic audit (251.3403ms)
✔ Phase 5B PostgreSQL real read mapping, isolation, filters, keysets and immutable history (89.0905ms)
✔ PostgreSQL idempotency concurrency, expiration, replay and scoped finalization (215.9744ms)
✔ runs the complete migration chain on PostgreSQL (879.786ms)
✔ P02 Patient create atomically settles patient, audit and operation evidence (866.1874ms)
✔ BD-02 PostgreSQL enforces tenant MRN uniqueness and atomic Patient OCC (105.9392ms)
✔ BD-02 PostgreSQL enforces canonical Patient sex and status value sets (122.9723ms)
✔ Phase 5B real PostgreSQL command/recovery races, replay, OCC, authorization and rollback (1187.7192ms)
✔ GET tenant denies a substituted cross-tenant identifier (1.2416ms)
✔ public tenant resources omit the internal version while exposing a strong ETag (0.2988ms)
✔ protected tenant access fails closed without actor or tenant context (0.1431ms)
✔ PATCH tenant requires administrator role and current If-Match (0.4434ms)
✔ POST location rejects client ownership fields and accepts synthetic creation (0.3515ms)
✔ location creation is tenant-scoped and idempotent (0.6885ms)
✔ public location resources omit the internal version (0.2146ms)
✔ location list rejects malformed tenant identifiers and invalid pagination (0.1365ms)
✔ workspace permissions load exact tenant membership grants into a set (2.1123ms)
✔ foundation migrations are ordered, transactional, and dependency-shaped (6.0572ms)
✔ foundation status and idempotency contracts match the application contracts (1.2187ms)
✔ domain migrations preserve the approved dependency and immutability boundaries (3.0658ms)
✔ migration 005 defines tenant-scoped immutable audit evidence (12.9691ms)
✔ migration 005 delegates transaction ownership to the migration runner (2.1862ms)
✔ Phase 4B migration adds durable operation, auth, audit, clinical and AI foundations (9.4392ms)
✔ Phase 4B persistence tables do not define request or prompt payload columns (1.5747ms)
✔ AI draft adapter uses parameterized SQL and tenant/OCC predicates (1.3329ms)
✔ AI draft adapter rejects missing tenant and stale version inputs (0.6534ms)
✔ AI gateway propagates mandatory audit failure without retry or disclosure (1.4557ms)
✔ registered typed tools retain validation when called through erased registry (0.2022ms)
✔ AI gateway fails closed without authenticated context (0.6537ms)
✔ AI gateway fails closed for malformed runtime context without throwing (0.9564ms)
✔ AI gateway denies unknown tools and invalid input (0.131ms)
✔ AI gateway enforces explicit tenant/resource authorization (0.1781ms)
✔ AI gateway returns bounded output and records allowed access (0.1496ms)
✔ AI gateway rejects output exceeding the configured bound (0.1287ms)
✔ AI gateway fails closed when input validation or authorization throws (0.136ms)
✔ completion mandatory audit failure propagates once on success (2.2558ms)
✔ completion mandatory audit failure propagates once on invalid (0.1885ms)
✔ completion mandatory audit failure propagates once on oversized (0.1336ms)
✔ completion mandatory audit failure propagates once on failure (0.206ms)
✔ nested mandatory audit failure escapes tool error conversion (0.5722ms)
✔ nested mandatory audit failure escapes retrieval error conversion (0.3148ms)
✔ nested mandatory audit failure escapes provider error conversion (0.1324ms)
✔ completion port validates context, bounds output, and records metadata only (1.1875ms)
✔ completion port fails closed for invalid context, oversized output, and provider failure (0.3054ms)
✔ Dify adapter sends bounded provider request without exposing secret in payload (21.2295ms)
✔ Dify adapter fails closed on invalid context, provider failure, and malformed response (1.0031ms)
✔ Dify adapter maps timeout, caller cancellation, and secret-provider failures safely (3.6541ms)
✔ clinical draft tool is explicitly draft-only and requires approval (1.654ms)
✔ clinical draft tool binds encounter resource to input (0.3462ms)
✔ clinical draft tool rejects incomplete or unknown input (0.3993ms)
✔ AI draft workflow enforces GENERATED → REVIEWING → APPROVED (1.1398ms)
✔ AI draft workflow rejects approval before human review and supports rejection (0.578ms)
✔ AI actor cannot perform human approval transitions (0.2534ms)
✔ RAG audit binds only the returned source identities without content (1.365ms)
✔ RAG propagates mandatory audit failure without retry or results (0.4526ms)
✔ RAG retrieval fails closed without authenticated context (0.1872ms)
✔ RAG retrieval requires explicit permission (0.1377ms)
✔ RAG retrieval filters tenant and status before returning results (0.7759ms)
✔ RAG retrieval bounds query, result count, and snippets (0.1936ms)
✔ RAG retrieval does not expose source failure details (0.16ms)
✔ get_patient returns minimum necessary fields only (2.7299ms)
✔ get_recent_encounters filters tenant and bounds results (0.3812ms)
✔ read-only tools reject malformed or excessive input (0.1856ms)
✔ resource authorization matches the requested patient (0.1752ms)
✔ read-only tools accept public summaries without requiring private entity fields (0.3504ms)
✔ encounter summaries keep tenant and patient filtering before the result limit (0.2476ms)
✔ creates a tenant-scoped appointment and returns the repository result (7.3751ms)
✔ replays an idempotent appointment instead of creating a duplicate (0.73ms)
✔ rejects the same idempotency key when the request fingerprint conflicts (0.9138ms)
✔ maps a database scheduling conflict to a business conflict and records a 409 failure (0.8896ms)
✔ lists only appointments for the active tenant (0.5314ms)
✔ validates availability range before asking the scheduling provider (0.2671ms)
✔ requires a current version and valid lifecycle transition for check-in (0.5531ms)
✔ preserves AppointmentSchedulingConflictError constructor identity through the compatibility export (0.9799ms)
✔ detects overlapping active appointments for the same doctor (0.6175ms)
✔ does not treat another doctor or terminal appointment as a double booking (0.1383ms)
✔ audit repository appends events and lists only the requested tenant (1.464ms)
✔ audit repository applies a bounded result limit (0.1558ms)
✔ audit cursor is opaque, keyset-shaped, and tenant-bound (0.6348ms)
✔ audit repository uses the cursor as a createdAt and eventId keyset (0.1719ms)
✔ audit cursor rejects malformed and non-opaque values (0.216ms)
✔ audit repository replays identical events and conflicts on payload reuse (0.1541ms)
✔ repository validates list input defensively (0.1123ms)
✔ PostgreSQL audit adapter uses parameterized SQL and preserves replay/conflict semantics (7.9145ms)
✔ PostgreSQL audit adapter persists operation/session/resource-version linkage (0.2916ms)
✔ creates and replays a tenant-scoped encounter (9.127ms)
✔ rejects a conflicting encounter idempotency key (1.0954ms)
✔ fails closed without authenticated tenant context (0.5352ms)
✔ creates and replays the first draft medical record version (1.8694ms)
✔ rejects empty clinical content and unknown fields (0.5689ms)
✔ enforces DRAFT to IN_REVIEW to FINALIZED transitions (1.4489ms)
✔ creates an amendment version only from a finalized current version (1.0179ms)
✔ lists doctors only inside the active tenant (0.9615ms)
✔ rejects a substituted cross-tenant doctor identifier (0.5667ms)
✔ requires an authorized tenant context for shift access (0.3068ms)
✔ transaction creates unique secrets, hashed state, encrypted recoverable nonce/verifier, S256 and five minute TTL (4.9636ms)
✔ wrong state and expired transactions do not create sessions (1.7648ms)
✔ transaction tampering with pkceVerifierCiphertext is terminal (0.6489ms)
✔ transaction tampering with nonceCiphertext is terminal (0.4455ms)
✔ transaction tampering with codeChallenge is terminal (0.5475ms)
✔ transaction tampering with nonceHash is terminal (0.5487ms)
✔ transaction tampering with redirectUri is terminal (0.5754ms)
✔ concurrent completion creates only one session and blocks replay (0.8959ms)
✔ DISABLED identity cannot create a session (0.8596ms)
✔ MISSING identity cannot create a session (1.287ms)
✔ provider failure after claim is terminal, including unavailable/timeout (0.9472ms)
✔ client userId cannot override verified identity (0.5185ms)
✔ unconfigured provider/key and invalid provider fail closed (0.2802ms)
✔ establishes an authenticated actor and tenant context (0.7618ms)
✔ rejects an unauthenticated actor (0.4104ms)
✔ rejects an actor without an active membership (0.1289ms)
✔ does not establish tenant B from tenant A membership (0.1135ms)
✔ rejects an empty requested tenant identifier (0.1304ms)
✔ rejects ambiguous tenant context without a requested tenant (0.1032ms)
✔ real adapter exchanges PKCE code and verifies signed JWKS identity (27.9264ms)
✔ OIDC rejects issuer (2.7092ms)
✔ OIDC rejects audience (2.2782ms)
✔ OIDC rejects expired (1.7011ms)
✔ OIDC rejects futureIat (2.0462ms)
✔ OIDC rejects oldIat (2.0908ms)
✔ OIDC rejects missingIat (1.8025ms)
✔ OIDC rejects missingExp (1.6057ms)
✔ OIDC rejects blankSubject (2.5522ms)
✔ OIDC rejects missingNonce (1.8673ms)
✔ OIDC rejects multiAudienceMissingAzp (1.4581ms)
✔ OIDC rejects badAzp (1.4284ms)
✔ nonce mismatch and unverified caller-supplied claims fail closed (2.3038ms)
✔ multi-audience with matching authorized party is accepted (3.0859ms)
✔ invalid signature, unknown key and disallowed algorithm fail closed (24.8672ms)
✔ upstream errors and network failures never leak response bodies (1.0212ms)
✔ configuration requires HTTPS and configured JWKS; redirect cannot be replaced (0.1962ms)
✔ creates a session with short access lifetime and fixed refresh lifetime (3.3554ms)
✔ authenticates a valid access token using only its SHA-256 hash (0.9202ms)
✔ rejects a malformed access token before repository lookup (0.1627ms)
✔ returns INVALID when the access session lookup fails (0.2037ms)
✔ rotates a valid refresh token and returns a new token bundle (0.4863ms)
✔ rejects a malformed refresh token before repository lookup (0.122ms)
✔ propagates refresh-token replay detection (0.2532ms)
✔ caps access expiry at the fixed session expiry (0.2031ms)
✔ revokes a valid access session (0.4105ms)
✔ rejects a malformed access token before lookup during revoke (0.4656ms)
✔ returns INVALID when the active access session lookup fails during revoke (0.4478ms)
✔ returns INVALID when repository revoke returns false (0.2986ms)
✔ creates opaque access tokens bound to a session id (1.5226ms)
✔ creates opaque refresh tokens bound to a refresh-token id (0.2554ms)
✔ hashes tokens without retaining plaintext (0.784ms)
✔ rejects malformed tokens (0.5028ms)
✔ grant reader uses a read-only query scoped by tenant and membership parameters (1.5253ms)
✔ grant reader preserves permission order from the database result (0.8374ms)
✔ grant reader passes the tenant scope on every call for the same membership (0.3061ms)
✔ grant reader returns no permissions for empty rows (0.1157ms)
✔ grant reader propagates database failures without granting permissions (0.4027ms)
✔ PostgresIdentityContextStore resolves identity subjects and memberships (917.7784ms)
✔ PostgresSessionRepository creates, rotates, detects replay and revokes sessions (855.0928ms)
✔ creates once and replays the original patient for the same idempotency key (7.6377ms)
✔ rejects a reused idempotency key with a different request (1.2954ms)
✔ fails closed for missing authentication or tenant context (0.4172ms)
✔ does not read a tenant B patient from tenant A (0.3031ms)
✔ requires the current strong ETag for a Patient patch (0.5131ms)
✔ rejects unknown search fields and accepts only tenant-scoped list input (0.2781ms)
✔ BD-02 create enforces canonical Patient identity policy (10.6669ms)
✔ BD-02 create fails closed when automatic MRN allocation is unresolved (0.2953ms)
✔ BD-02 create rejects client-controlled status (0.1749ms)
✔ BD-02 create rejects non-canonical sex values (0.373ms)
✔ BD-02 create rejects malformed, impossible and future dates of birth (0.2841ms)
✔ BD-02 generic patient.update rejects status mutation (0.1501ms)
✔ BD-02 Patient patch rejects non-canonical sex values (0.0844ms)
✔ BD-02 generic Patient patch rejects MRN and unresolved lifecycle fields (0.1704ms)
✔ BD-02 Patient patch rejects malformed, impossible and future dates of birth (0.2214ms)
✔ accepts a Patient belonging to the requested tenant (0.6512ms)
✔ fails closed when a Patient belongs to another tenant (0.338ms)
✔ does not discover a Patient from another tenant through the repository port (0.7676ms)
✔ directory SQL uses tenant-scoped parameterized name/id keysets and no OFFSET (1.9685ms)
✔ P03 findById binds both tenant and patient identity (0.2799ms)
✔ builds a metadata-first audit event without clinical payload (2.3339ms)
✔ rejects missing identity and invalid results (0.4293ms)
✔ emits only validated events through the sink (0.1448ms)
✔ builds an audit input from authenticated request context (0.1868ms)
✔ does not build an audit input without authenticated context (0.1218ms)
✔ preserves operation, session and resource-version attribution (0.1422ms)
✔ allows same-tenant access when the resource policy allows it (2.0695ms)
✔ denies same-tenant access when ownership or relationship policy denies it (0.1811ms)
✔ denies cross-tenant access before evaluating the policy (0.15ms)
✔ denies missing actor context (0.1283ms)
✔ denies missing tenant context (0.0986ms)
✔ denies invalid tenant context (0.1149ms)
✔ denies invalid resource scope (0.0951ms)
✔ denies ambiguous or absent policy by default (0.7155ms)
✔ denies policy failures instead of allowing access (0.2218ms)
✔ denies malformed action (0.2093ms)
✔ denies malformed request and resource without throwing (0.1506ms)
✔ destructive PostgreSQL suite refuses DATABASE_URL without disposable opt-in before connecting (416.2419ms)
✔ migration adapter keeps transaction statements on one client and closes once (2.77ms)
✔ migration adapter closes a failed connection without retrying it (0.6517ms)
✔ closing an unused migration adapter does not open a connection (1.0859ms)
✔ migration adapter fails closed after a session error instead of reconnecting mid-transaction (0.5333ms)
✔ close during connection acquisition prevents a late query and ends the session once (0.3535ms)
✔ runs migrations in order under one transaction and records checksums (0.3965ms)
✔ reruns applied migrations without executing SQL again (0.2169ms)
✔ rolls back when a recorded checksum differs (0.32ms)
✔ rejects migrations that try to manage their own transaction (0.2962ms)
✔ Phase 4B PostgreSQL constraints reject cross-workspace links and duplicate identities (1147.7829ms)
✔ Phase 4B PostgreSQL operation, clinical-version and AI handoff uniqueness constraints are present (973.6708ms)
✔ PostgreSQL migration upgrade, replay, checksum rejection and rollback preserve committed state (841.9052ms)
✔ PostgreSQL session stays pinned and close rolls back an unfinished transaction (126.1699ms)
✔ runtime transaction stays on one PostgreSQL session and commits (45.5939ms)
✔ runtime transaction rolls back all writes when work fails (63.1368ms)
✔ runtime database rejects queries after close (0.5154ms)
✔ accepts idempotency keys from 1 through 255 characters (1.8151ms)
✔ canonicalization sorts keys and trims strings (0.398ms)
✔ canonicalization rejects non-plain or non-JSON data (1.039ms)
✔ hashPayload is deterministic for logically equivalent payloads (6.0497ms)
✔ lookup returns NEW for an unknown identity (1.0205ms)
✔ begin, complete, and lookup provide replay behavior (0.7264ms)
✔ same key with a different hash returns conflict (0.2698ms)
✔ concurrent same-key begin is represented as in progress and must fail closed (0.2062ms)
✔ default TTL and expiration helper use 24 hours (0.3377ms)
✔ lookup unknown or expired identity returns NEW with an exclusive expiration bound (1.3453ms)
✔ lookup PROCESSING with different hash returns CONFLICT (0.3272ms)
✔ lookup SUCCEEDED with different hash returns CONFLICT (0.2117ms)
✔ lookup PROCESSING with same hash returns IN_PROGRESS (0.2107ms)
✔ lookup SUCCEEDED with same hash returns REPLAY (0.2097ms)
✔ lookup FAILED with same hash returns REPLAY (0.1458ms)
✔ begin atomically inserts PROCESSING with a backend UUID and default TTL (0.6166ms)
✔ begin replaces expired identity and resets all attempt fields in the same upsert (0.2656ms)
✔ begin PROCESSING with same hash returns CONFLICT (0.1562ms)
✔ begin SUCCEEDED with different hash returns CONFLICT (0.1531ms)
✔ begin SUCCEEDED with same hash returns REPLAY (0.095ms)
✔ begin FAILED with same hash returns REPLAY (0.0891ms)
✔ simultaneous begin responses map the database winner and loser without unique errors (0.3284ms)
✔ complete parameterizes all four identity fields and returns the canonical terminal record (0.204ms)
✔ complete rejects missing, expired, terminal or differently scoped targets (0.4598ms)
✔ fail parameterizes all four identity fields and returns the canonical terminal record (0.1079ms)
✔ fail rejects missing, expired, terminal or differently scoped targets (0.0771ms)
✔ fail defaults both response fields to null (0.0823ms)
✔ all operations bind values rather than interpolating user input (0.1361ms)
✔ invalid key and TTL fail before querying; missing upsert result fails closed (0.2705ms)
✔ admission generates an operation ID and preserves the concurrent database winner (2.3194ms)
✔ PROCESSING repeats preserve the original result and reject different intent (0.4138ms)
✔ INDETERMINATE repeats preserve the original result and reject different intent (0.1283ms)
✔ SUCCEEDED repeats preserve the original result and reject different intent (0.1464ms)
✔ FAILED repeats preserve the original result and reject different intent (0.1472ms)
✔ CLOSED repeats preserve the original result and reject different intent (0.1028ms)
✔ invalid identity, fingerprint and timestamp fail before database access (0.7389ms)
✔ admission accepts exact timestamp window boundaries (0.1846ms)
✔ completion atomically links the primary resource and preserves bigint precision (0.3631ms)
✔ complete fences stale or terminal callers by exact identity, intent and operation ID (0.454ms)
✔ fail fences stale or terminal callers by exact identity, intent and operation ID (0.2301ms)
✔ known failure persists public error and HTTP status (0.1703ms)
✔ database/ref errors propagate unchanged to the owning transaction (0.2397ms)
✔ invalid results cannot settle an operation (0.1613ms)
✔ append preserves tenant, actor, request, and correlation context (1.6619ms)
✔ claimBatch claims pending events and increments attemptCount (0.2651ms)
✔ markCompleted transitions a processing event to completed (0.3546ms)
✔ markFailed increments retry state and dead-letters after max retries (0.2728ms)
✔ outbox status flow is pending, processing, then completed or failed (0.2821ms)
ℹ tests 424
ℹ suites 0
ℹ pass 424
ℹ fail 0
ℹ cancelled 0
ℹ skipped 0
ℹ todo 0
ℹ duration_ms 27839.4345

> boundaries
> node tools/validate-boundaries.mjs

Boundary validation passed for 52 Nx projects.
