✔ Patient routes remain unavailable and existing reads do not touch Patient or idempotency stores (51.4094ms)
✔ ADMIN membership without grants cannot gain Patient read access during request composition (0.3837ms)
✔ workspace permission revision validation fails closed and detects stale context (0.1487ms)
✔ workspace request context authenticates and enforces permission revision (1.2291ms)
✔ workspace permissions load only after valid authenticated context (0.4015ms)
✔ auth transaction is public, returns only client-safe fields and no-store (6.3425ms)
✔ auth session accepts only transaction, code and state and returns token bundle (4.4875ms)
✔ auth maps INVALID_AUTH_PROVIDER to 400 without internal details (5.021ms)
✔ auth maps AUTH_PROVIDER_UNAVAILABLE to 503 without internal details (4.4878ms)
✔ auth maps INVALID_AUTH_TRANSACTION to 400 without internal details (4.7891ms)
✔ auth maps AUTH_TRANSACTION_EXPIRED to 401 without internal details (5.8224ms)
✔ auth maps AUTH_TRANSACTION_REPLAY to 401 without internal details (3.2277ms)
✔ auth maps OIDC_VERIFICATION_FAILED to 401 without internal details (3.1373ms)
✔ auth maps IDENTITY_NOT_PROVISIONED to 403 without internal details (3.1982ms)
✔ auth rejects client identity, role, issuer and purpose overrides before service invocation (5.2769ms)
✔ auth routes enforce method, JSON, body limit and input bounds (5.4222ms)
✔ missing provider fails closed while health remains available (2.9766ms)
✔ GET /v1/health returns a JSON health envelope (2.7492ms)
✔ GET /v1/me authenticates a valid bearer and workspace (3.1193ms)
✔ GET /v1/me rejects a missing Authorization header (2.6689ms)
✔ GET /v1/me requires workspace selection for ambiguous memberships (2.7312ms)
✔ GET /v1/me rejects a malformed workspace header (2.408ms)
✔ GET /v1/me/memberships does not require a workspace header (2.6369ms)
✔ GET /v1/me/memberships rejects an invalid access token (2.4997ms)
✔ POST /v1/me returns method not allowed with Allow GET (2.2599ms)
✔ POST /v1/auth/session validates its JSON contract (2.2661ms)
✔ GET an unknown path returns not found (2.1501ms)
✔ GET /v1/health preserves one valid incoming correlation ID (2.3079ms)
✔ unexpected identity errors return a safe internal error (3.0001ms)
✔ POST /v1/auth/refresh rotates a valid refresh token (3.0047ms)
✔ POST /v1/auth/refresh rejects an invalid token (2.9805ms)
✔ POST /v1/auth/refresh rejects refresh-token replay (2.6655ms)
✔ POST /v1/auth/refresh rejects malformed JSON (2.9397ms)
✔ POST /v1/auth/refresh rejects a missing refreshToken (2.6328ms)
✔ POST /v1/auth/revoke revokes a valid Bearer session (2.8155ms)
✔ POST /v1/auth/revoke rejects a missing Bearer session (2.4481ms)
✔ POST /v1/auth/transactions validates its JSON contract (2.3438ms)
✔ POST /v1/auth/refresh rejects an oversized body (2.3225ms)
✔ Phase 5B domain routes authenticate once and fail closed without domain access (20.8153ms)
✔ BD-01 Patient HTTP reads enforce canonical roles, live grants, projection, audit and revocation (14.2271ms)
✔ BD-01 Pass 2 Doctor HTTP read uses only persisted relationships and next-request revocation (7.9421ms)
✔ BD-02 Patient HTTP mutations remain gated and DELETE is unavailable (5.2494ms)
✔ same intent returns original 201 receipt with reauthorization/audit and no duplicate mutation (4.1055ms)
✔ deterministic FAILED repeat retains original failure without validation or side effects (0.6515ms)
✔ unknown transaction outcome stays pending and repeat cannot settle again (0.6133ms)
✔ MRN conflict is settled FAILED and replayed as 409 (0.5399ms)
✔ revoked replay authority and audit failure prevent receipt disclosure (1.4346ms)
✔ operation fingerprint sorts nested keys and preserves exact strings and array order (2.0454ms)
✔ identity requires canonical UTC and UUIDv4, rejecting calendar normalization (1.2716ms)
✔ receipt contains only durable IDs/versions and expires 24h after settlement (0.3243ms)
ℹ tests 50
ℹ suites 0
ℹ pass 50
ℹ fail 0
ℹ cancelled 0
ℹ skipped 0
ℹ todo 0
ℹ duration_ms 541.8247
