Starting a Gradle Daemon, 1 busy and 1 incompatible Daemons could not be reused, use --status for details

> Configure project :app
WARNING: The option setting 'android.usesSdkInManifest.disallowed=false' is deprecated.
The current default is 'true'.
It will be removed in version 10.0 of the Android Gradle plugin.
Add android.sync.suppressAgpWarnings=UNSUPPORTED_PROJECT_OPTION_USE to the gradle.properties file to suppress this warning.
WARNING: The option setting 'android.sdk.defaultTargetSdkToCompileSdkIfUnset=false' is deprecated.
The current default is 'true'.
It will be removed in version 10.0 of the Android Gradle plugin.
Add android.sync.suppressAgpWarnings=UNSUPPORTED_PROJECT_OPTION_USE to the gradle.properties file to suppress this warning.
WARNING: The option setting 'android.enableAppCompileTimeRClass=false' is deprecated.
The current default is 'true'.
It will be removed in version 10.0 of the Android Gradle plugin.
Add android.sync.suppressAgpWarnings=UNSUPPORTED_PROJECT_OPTION_USE to the gradle.properties file to suppress this warning.
WARNING: The option setting 'android.builtInKotlin=false' is deprecated.
The current default is 'true'.
It will be removed in version 10.0 of the Android Gradle plugin.
Add android.sync.suppressAgpWarnings=UNSUPPORTED_PROJECT_OPTION_USE to the gradle.properties file to suppress this warning.
WARNING: The option setting 'android.newDsl=false' is deprecated.
The current default is 'true'.
It will be removed in version 10.0 of the Android Gradle plugin.
Add android.sync.suppressAgpWarnings=UNSUPPORTED_PROJECT_OPTION_USE to the gradle.properties file to suppress this warning.
WARNING: The option setting 'android.r8.optimizedResourceShrinking=false' is deprecated.
The current default is 'true'.
It will be removed in version 10.0 of the Android Gradle plugin.
Add android.sync.suppressAgpWarnings=UNSUPPORTED_PROJECT_OPTION_USE to the gradle.properties file to suppress this warning.
WARNING: The option setting 'android.defaults.buildfeatures.resvalues=true' is deprecated.
The current default is 'false'.
It will be removed in version 10.0 of the Android Gradle plugin.
Add android.sync.suppressAgpWarnings=UNSUPPORTED_PROJECT_OPTION_USE to the gradle.properties file to suppress this warning.
WARNING: API 'applicationVariants' is obsolete and has been replaced with 'AndroidComponentsExtension'.
It will be removed in version 10.0 of the Android Gradle plugin.
The legacy variant API is disabled by default in AGP 9.0, but can be re-enabled by adding 
    android.newDsl=false
to this project's gradle.properties file.
For more information, see http://developer.android.com/build/r/new-dsl.

To determine what is calling applicationVariants, use -Pandroid.debug.obsoleteApi=true on the command line to display more information.
Add android.sync.suppressAgpWarnings=DEPRECATED_DSL to the gradle.properties file to suppress this warning.
WARNING: API 'testVariants' is obsolete and has been replaced with 'AndroidComponentsExtension'.
It will be removed in version 10.0 of the Android Gradle plugin.
The legacy variant API is disabled by default in AGP 9.0, but can be re-enabled by adding 
    android.newDsl=false
to this project's gradle.properties file.
For more information, see http://developer.android.com/build/r/new-dsl.

To determine what is calling testVariants, use -Pandroid.debug.obsoleteApi=true on the command line to display more information.
Add android.sync.suppressAgpWarnings=DEPRECATED_DSL to the gradle.properties file to suppress this warning.
WARNING: API 'unitTestVariants' is obsolete and has been replaced with 'AndroidComponentsExtension'.
It will be removed in version 10.0 of the Android Gradle plugin.
The legacy variant API is disabled by default in AGP 9.0, but can be re-enabled by adding 
    android.newDsl=false
to this project's gradle.properties file.
For more information, see http://developer.android.com/build/r/new-dsl.

To determine what is calling unitTestVariants, use -Pandroid.debug.obsoleteApi=true on the command line to display more information.
Add android.sync.suppressAgpWarnings=DEPRECATED_DSL to the gradle.properties file to suppress this warning.
WARNING: The property android.dependency.excludeLibraryComponentsFromConstraints improves project import performance for very large projects. It should be enabled to improve performance.
To suppress this warning, add android.generateSyncIssueWhenLibraryConstraintsAreEnabled=false to gradle.properties
Add android.sync.suppressAgpWarnings=LIBRARY_CONSTRAINTS_SHOULD_BE_DISABLED to the gradle.properties file to suppress this warning.
WARNING: The property android.dependency.excludeLibraryComponentsFromConstraints improves project import performance for very large projects. It should be enabled to improve performance.
To suppress this warning, add android.generateSyncIssueWhenLibraryConstraintsAreEnabled=false to gradle.properties
Add android.sync.suppressAgpWarnings=LIBRARY_CONSTRAINTS_SHOULD_BE_DISABLED to the gradle.properties file to suppress this warning.
WARNING: The property android.dependency.excludeLibraryComponentsFromConstraints improves project import performance for very large projects. It should be enabled to improve performance.
To suppress this warning, add android.generateSyncIssueWhenLibraryConstraintsAreEnabled=false to gradle.properties
Add android.sync.suppressAgpWarnings=LIBRARY_CONSTRAINTS_SHOULD_BE_DISABLED to the gradle.properties file to suppress this warning.
WARNING: The property android.dependency.excludeLibraryComponentsFromConstraints improves project import performance for very large projects. It should be enabled to improve performance.
To suppress this warning, add android.generateSyncIssueWhenLibraryConstraintsAreEnabled=false to gradle.properties
Add android.sync.suppressAgpWarnings=LIBRARY_CONSTRAINTS_SHOULD_BE_DISABLED to the gradle.properties file to suppress this warning.
WARNING: The property android.dependency.excludeLibraryComponentsFromConstraints improves project import performance for very large projects. It should be enabled to improve performance.
To suppress this warning, add android.generateSyncIssueWhenLibraryConstraintsAreEnabled=false to gradle.properties
Add android.sync.suppressAgpWarnings=LIBRARY_CONSTRAINTS_SHOULD_BE_DISABLED to the gradle.properties file to suppress this warning.
WARNING: The property android.dependency.excludeLibraryComponentsFromConstraints improves project import performance for very large projects. It should be enabled to improve performance.
To suppress this warning, add android.generateSyncIssueWhenLibraryConstraintsAreEnabled=false to gradle.properties
Add android.sync.suppressAgpWarnings=LIBRARY_CONSTRAINTS_SHOULD_BE_DISABLED to the gradle.properties file to suppress this warning.
WARNING: The property android.dependency.excludeLibraryComponentsFromConstraints improves project import performance for very large projects. It should be enabled to improve performance.
To suppress this warning, add android.generateSyncIssueWhenLibraryConstraintsAreEnabled=false to gradle.properties
Add android.sync.suppressAgpWarnings=LIBRARY_CONSTRAINTS_SHOULD_BE_DISABLED to the gradle.properties file to suppress this warning.
w: Deprecated 'org.jetbrains.kotlin.android' plugin usage
The 'org.jetbrains.kotlin.android' plugin in project ':app' is no longer required for Kotlin support since AGP 9.0.
Solution:
Remove both `android.builtInKotlin=true` and `android.newDsl=false` from `gradle.properties`, then migrate to built-in Kotlin.
See https://kotl.in/gradle/agp-built-in-kotlin for more details.


> Task :app:checkKotlinGradlePluginConfigurationErrors SKIPPED
> Task :app:preBuild UP-TO-DATE
> Task :app:preDevDebugBuild UP-TO-DATE
> Task :app:generateDevDebugBuildConfig UP-TO-DATE
> Task :app:checkDevDebugAarMetadata UP-TO-DATE
> Task :app:generateDevDebugResValues UP-TO-DATE
> Task :app:mapDevDebugSourceSetPaths UP-TO-DATE
> Task :app:processDevDebugNavigationResources UP-TO-DATE
> Task :app:compileDevDebugNavigationResources UP-TO-DATE
> Task :app:generateDevDebugResources UP-TO-DATE
> Task :app:mergeDevDebugResources UP-TO-DATE
> Task :app:packageDevDebugResources UP-TO-DATE
> Task :app:parseDevDebugLocalResources UP-TO-DATE
> Task :app:createDevDebugCompatibleScreenManifests UP-TO-DATE
> Task :app:extractDeepLinksDevDebug UP-TO-DATE
> Task :app:processDevDebugMainManifest UP-TO-DATE
> Task :app:processDevDebugManifest UP-TO-DATE
> Task :app:processDevDebugManifestForPackage UP-TO-DATE
> Task :app:processDevDebugResources UP-TO-DATE
> Task :app:javaPreCompileDevDebug UP-TO-DATE
> Task :app:preDevDebugUnitTestBuild UP-TO-DATE
> Task :app:javaPreCompileDevDebugUnitTest UP-TO-DATE
> Task :app:preStagingDebugBuild UP-TO-DATE
> Task :app:generateStagingDebugBuildConfig UP-TO-DATE
> Task :app:checkStagingDebugAarMetadata UP-TO-DATE
> Task :app:generateStagingDebugResValues UP-TO-DATE
> Task :app:mapStagingDebugSourceSetPaths UP-TO-DATE
> Task :app:processStagingDebugNavigationResources UP-TO-DATE
> Task :app:compileStagingDebugNavigationResources UP-TO-DATE
> Task :app:generateStagingDebugResources UP-TO-DATE
> Task :app:mergeStagingDebugResources UP-TO-DATE
> Task :app:packageStagingDebugResources UP-TO-DATE
> Task :app:parseStagingDebugLocalResources UP-TO-DATE
> Task :app:createStagingDebugCompatibleScreenManifests UP-TO-DATE
> Task :app:extractDeepLinksStagingDebug UP-TO-DATE
> Task :app:processStagingDebugMainManifest UP-TO-DATE
> Task :app:processStagingDebugManifest UP-TO-DATE
> Task :app:processStagingDebugManifestForPackage UP-TO-DATE
> Task :app:processStagingDebugResources UP-TO-DATE
> Task :app:compileDevDebugKotlin
> Task :app:compileStagingDebugKotlin

> Task :app:compileDevDebugKotlin
w: file:///C:/Users/LAPTOP/Viora-Mobile-App/app/src/main/java/com/viora/mobile/app/AppGraph.kt:35:24 This cast can never succeed.
w: file:///C:/Users/LAPTOP/Viora-Mobile-App/app/src/devDebug/java/com/viora/mobile/feature/assistant/data/SyntheticAssistantBackend.kt:71:42 Unchecked cast of 'ApiResult<T (of fun <T> value)>' to 'ApiResult<Nothing>'.
w: file:///C:/Users/LAPTOP/Viora-Mobile-App/app/src/main/java/com/viora/mobile/app/AppGraph.kt:35:24 This cast can never succeed.
w: file:///C:/Users/LAPTOP/Viora-Mobile-App/app/src/main/java/com/viora/mobile/feature/assistant/domain/AssistantRepository.kt:43:35 Unchecked cast of 'ApiResult<Patient>' to 'ApiResult<Nothing>'.
w: file:///C:/Users/LAPTOP/Viora-Mobile-App/app/src/main/java/com/viora/mobile/feature/assistant/domain/AssistantRepository.kt:50:35 Unchecked cast of 'ApiResult<Encounter>' to 'ApiResult<Nothing>'.
w: file:///C:/Users/LAPTOP/Viora-Mobile-App/app/src/main/java/com/viora/mobile/feature/assistant/domain/AssistantRepository.kt:55:35 Unchecked cast of 'ApiResult<ClinicalRecord>' to 'ApiResult<Nothing>'.

> Task :app:compileStagingDebugKotlin
w: file:///C:/Users/LAPTOP/Viora-Mobile-App/app/src/main/java/com/viora/mobile/app/AppGraph.kt:33:39 This cast can never succeed.
w: file:///C:/Users/LAPTOP/Viora-Mobile-App/app/src/main/java/com/viora/mobile/app/AppGraph.kt:33:39 This cast can never succeed.
w: file:///C:/Users/LAPTOP/Viora-Mobile-App/app/src/main/java/com/viora/mobile/feature/assistant/domain/AssistantRepository.kt:43:35 Unchecked cast of 'ApiResult<Patient>' to 'ApiResult<Nothing>'.
w: file:///C:/Users/LAPTOP/Viora-Mobile-App/app/src/main/java/com/viora/mobile/feature/assistant/domain/AssistantRepository.kt:50:35 Unchecked cast of 'ApiResult<Encounter>' to 'ApiResult<Nothing>'.
w: file:///C:/Users/LAPTOP/Viora-Mobile-App/app/src/main/java/com/viora/mobile/feature/assistant/domain/AssistantRepository.kt:55:35 Unchecked cast of 'ApiResult<ClinicalRecord>' to 'ApiResult<Nothing>'.

> Task :app:compileDevDebugJavaWithJavac UP-TO-DATE
> Task :app:bundleDevDebugClassesToRuntimeJar
> Task :app:bundleDevDebugClassesToCompileJar
> Task :app:processDevDebugJavaRes
> Task :app:javaPreCompileStagingDebug UP-TO-DATE
> Task :app:compileStagingDebugJavaWithJavac UP-TO-DATE
> Task :app:bundleStagingDebugClassesToRuntimeJar
> Task :app:bundleStagingDebugClassesToCompileJar
> Task :app:compileStagingDebugUnitTestKotlin
> Task :app:preStagingDebugUnitTestBuild UP-TO-DATE
> Task :app:javaPreCompileStagingDebugUnitTest UP-TO-DATE
> Task :app:compileStagingDebugUnitTestJavaWithJavac NO-SOURCE
> Task :app:processStagingDebugJavaRes
> Task :app:processStagingDebugUnitTestJavaRes UP-TO-DATE

> Task :app:compileDevDebugUnitTestKotlin
w: file:///C:/Users/LAPTOP/Viora-Mobile-App/app/src/testDevDebug/java/com/viora/mobile/app/OperationalIntegrationTest.kt:41:40 Unnecessary non-null assertion (!!) on a non-null receiver of type 'WorkspaceContext'.
w: file:///C:/Users/LAPTOP/Viora-Mobile-App/app/src/testDevDebug/java/com/viora/mobile/app/OperationalIntegrationTest.kt:69:35 The corresponding parameter in the supertype 'OperationalNavigator' is named 'route'. This may cause problems when calling this function with named arguments.

> Task :app:testStagingDebugUnitTest
> Task :app:compileDevDebugUnitTestJavaWithJavac NO-SOURCE
> Task :app:processDevDebugUnitTestJavaRes UP-TO-DATE
> Task :app:testDevDebugUnitTest

[Incubating] Problems report is available at: file:///C:/Users/LAPTOP/Viora-Mobile-App/build/reports/problems/problems-report.html

BUILD SUCCESSFUL in 2m 20s
52 actionable tasks: 12 executed, 40 up-to-date
Consider enabling configuration cache to speed up this build: https://docs.gradle.org/9.6.0/userguide/configuration_cache_enabling.html
