
> Configure project :app
WARNING: The option setting 'android.usesSdkInManifest.disallowed=false' is deprecated.
The current default is 'true'.
It will be removed in version 10.0 of the Android Gradle plugin.
Add android.sync.suppressAgpWarnings=UNSUPPORTED_PROJECT_OPTION_USE to the gradle.properties file to suppress this warning.
WARNING: The option setting 'android.sdk.defaultTargetSdkToCompileSdkIfUnset=false' is deprecated.
The current default is 'true'.
It will be removed in version 10.0 of the Android Gradle plugin.
Add android.sync.suppressAgpWarnings=UNSUPPORTED_PROJECT_OPTION_USE to the gradle.properties file to suppress this warning.
WARNING: The option setting 'android.enableAppCompileTimeRClass=false' is deprecated.
The current default is 'true'.
It will be removed in version 10.0 of the Android Gradle plugin.
Add android.sync.suppressAgpWarnings=UNSUPPORTED_PROJECT_OPTION_USE to the gradle.properties file to suppress this warning.
WARNING: The option setting 'android.builtInKotlin=false' is deprecated.
The current default is 'true'.
It will be removed in version 10.0 of the Android Gradle plugin.
Add android.sync.suppressAgpWarnings=UNSUPPORTED_PROJECT_OPTION_USE to the gradle.properties file to suppress this warning.
WARNING: The option setting 'android.newDsl=false' is deprecated.
The current default is 'true'.
It will be removed in version 10.0 of the Android Gradle plugin.
Add android.sync.suppressAgpWarnings=UNSUPPORTED_PROJECT_OPTION_USE to the gradle.properties file to suppress this warning.
WARNING: The option setting 'android.r8.optimizedResourceShrinking=false' is deprecated.
The current default is 'true'.
It will be removed in version 10.0 of the Android Gradle plugin.
Add android.sync.suppressAgpWarnings=UNSUPPORTED_PROJECT_OPTION_USE to the gradle.properties file to suppress this warning.
WARNING: The option setting 'android.defaults.buildfeatures.resvalues=true' is deprecated.
The current default is 'false'.
It will be removed in version 10.0 of the Android Gradle plugin.
Add android.sync.suppressAgpWarnings=UNSUPPORTED_PROJECT_OPTION_USE to the gradle.properties file to suppress this warning.
WARNING: API 'applicationVariants' is obsolete and has been replaced with 'AndroidComponentsExtension'.
It will be removed in version 10.0 of the Android Gradle plugin.
The legacy variant API is disabled by default in AGP 9.0, but can be re-enabled by adding 
    android.newDsl=false
to this project's gradle.properties file.
For more information, see http://developer.android.com/build/r/new-dsl.

To determine what is calling applicationVariants, use -Pandroid.debug.obsoleteApi=true on the command line to display more information.
Add android.sync.suppressAgpWarnings=DEPRECATED_DSL to the gradle.properties file to suppress this warning.
WARNING: API 'testVariants' is obsolete and has been replaced with 'AndroidComponentsExtension'.
It will be removed in version 10.0 of the Android Gradle plugin.
The legacy variant API is disabled by default in AGP 9.0, but can be re-enabled by adding 
    android.newDsl=false
to this project's gradle.properties file.
For more information, see http://developer.android.com/build/r/new-dsl.

To determine what is calling testVariants, use -Pandroid.debug.obsoleteApi=true on the command line to display more information.
Add android.sync.suppressAgpWarnings=DEPRECATED_DSL to the gradle.properties file to suppress this warning.
WARNING: API 'unitTestVariants' is obsolete and has been replaced with 'AndroidComponentsExtension'.
It will be removed in version 10.0 of the Android Gradle plugin.
The legacy variant API is disabled by default in AGP 9.0, but can be re-enabled by adding 
    android.newDsl=false
to this project's gradle.properties file.
For more information, see http://developer.android.com/build/r/new-dsl.

To determine what is calling unitTestVariants, use -Pandroid.debug.obsoleteApi=true on the command line to display more information.
Add android.sync.suppressAgpWarnings=DEPRECATED_DSL to the gradle.properties file to suppress this warning.
WARNING: The property android.dependency.excludeLibraryComponentsFromConstraints improves project import performance for very large projects. It should be enabled to improve performance.
To suppress this warning, add android.generateSyncIssueWhenLibraryConstraintsAreEnabled=false to gradle.properties
Add android.sync.suppressAgpWarnings=LIBRARY_CONSTRAINTS_SHOULD_BE_DISABLED to the gradle.properties file to suppress this warning.
WARNING: The property android.dependency.excludeLibraryComponentsFromConstraints improves project import performance for very large projects. It should be enabled to improve performance.
To suppress this warning, add android.generateSyncIssueWhenLibraryConstraintsAreEnabled=false to gradle.properties
Add android.sync.suppressAgpWarnings=LIBRARY_CONSTRAINTS_SHOULD_BE_DISABLED to the gradle.properties file to suppress this warning.
WARNING: The property android.dependency.excludeLibraryComponentsFromConstraints improves project import performance for very large projects. It should be enabled to improve performance.
To suppress this warning, add android.generateSyncIssueWhenLibraryConstraintsAreEnabled=false to gradle.properties
Add android.sync.suppressAgpWarnings=LIBRARY_CONSTRAINTS_SHOULD_BE_DISABLED to the gradle.properties file to suppress this warning.
WARNING: The property android.dependency.excludeLibraryComponentsFromConstraints improves project import performance for very large projects. It should be enabled to improve performance.
To suppress this warning, add android.generateSyncIssueWhenLibraryConstraintsAreEnabled=false to gradle.properties
Add android.sync.suppressAgpWarnings=LIBRARY_CONSTRAINTS_SHOULD_BE_DISABLED to the gradle.properties file to suppress this warning.
WARNING: The property android.dependency.excludeLibraryComponentsFromConstraints improves project import performance for very large projects. It should be enabled to improve performance.
To suppress this warning, add android.generateSyncIssueWhenLibraryConstraintsAreEnabled=false to gradle.properties
Add android.sync.suppressAgpWarnings=LIBRARY_CONSTRAINTS_SHOULD_BE_DISABLED to the gradle.properties file to suppress this warning.
WARNING: The property android.dependency.excludeLibraryComponentsFromConstraints improves project import performance for very large projects. It should be enabled to improve performance.
To suppress this warning, add android.generateSyncIssueWhenLibraryConstraintsAreEnabled=false to gradle.properties
Add android.sync.suppressAgpWarnings=LIBRARY_CONSTRAINTS_SHOULD_BE_DISABLED to the gradle.properties file to suppress this warning.
WARNING: The property android.dependency.excludeLibraryComponentsFromConstraints improves project import performance for very large projects. It should be enabled to improve performance.
To suppress this warning, add android.generateSyncIssueWhenLibraryConstraintsAreEnabled=false to gradle.properties
Add android.sync.suppressAgpWarnings=LIBRARY_CONSTRAINTS_SHOULD_BE_DISABLED to the gradle.properties file to suppress this warning.
w: Deprecated 'org.jetbrains.kotlin.android' plugin usage
The 'org.jetbrains.kotlin.android' plugin in project ':app' is no longer required for Kotlin support since AGP 9.0.
Solution:
Remove both `android.builtInKotlin=true` and `android.newDsl=false` from `gradle.properties`, then migrate to built-in Kotlin.
See https://kotl.in/gradle/agp-built-in-kotlin for more details.


> Task :app:checkKotlinGradlePluginConfigurationErrors SKIPPED
> Task :app:preBuild UP-TO-DATE
> Task :app:preDevDebugBuild UP-TO-DATE
> Task :app:generateDevDebugBuildConfig UP-TO-DATE
> Task :app:checkDevDebugAarMetadata UP-TO-DATE
> Task :app:generateDevDebugResValues UP-TO-DATE
> Task :app:mapDevDebugSourceSetPaths UP-TO-DATE
> Task :app:processDevDebugNavigationResources UP-TO-DATE
> Task :app:compileDevDebugNavigationResources UP-TO-DATE
> Task :app:generateDevDebugResources UP-TO-DATE
> Task :app:mergeDevDebugResources UP-TO-DATE
> Task :app:packageDevDebugResources UP-TO-DATE
> Task :app:parseDevDebugLocalResources UP-TO-DATE
> Task :app:createDevDebugCompatibleScreenManifests UP-TO-DATE
> Task :app:extractDeepLinksDevDebug UP-TO-DATE
> Task :app:processDevDebugMainManifest UP-TO-DATE
> Task :app:processDevDebugManifest UP-TO-DATE
> Task :app:processDevDebugManifestForPackage UP-TO-DATE
> Task :app:processDevDebugResources UP-TO-DATE
> Task :app:compileDevDebugKotlin UP-TO-DATE
> Task :app:javaPreCompileDevDebug UP-TO-DATE
> Task :app:compileDevDebugJavaWithJavac UP-TO-DATE
> Task :app:bundleDevDebugClassesToRuntimeJar UP-TO-DATE
> Task :app:bundleDevDebugClassesToCompileJar UP-TO-DATE
> Task :app:preDevDebugUnitTestBuild UP-TO-DATE
> Task :app:javaPreCompileDevDebugUnitTest UP-TO-DATE
> Task :app:processDevDebugJavaRes UP-TO-DATE
> Task :app:preStagingDebugBuild UP-TO-DATE
> Task :app:generateStagingDebugBuildConfig UP-TO-DATE
> Task :app:checkStagingDebugAarMetadata UP-TO-DATE
> Task :app:generateStagingDebugResValues UP-TO-DATE
> Task :app:mapStagingDebugSourceSetPaths UP-TO-DATE
> Task :app:processStagingDebugNavigationResources UP-TO-DATE
> Task :app:compileStagingDebugNavigationResources UP-TO-DATE
> Task :app:generateStagingDebugResources UP-TO-DATE
> Task :app:mergeStagingDebugResources UP-TO-DATE
> Task :app:packageStagingDebugResources UP-TO-DATE
> Task :app:parseStagingDebugLocalResources UP-TO-DATE
> Task :app:createStagingDebugCompatibleScreenManifests UP-TO-DATE
> Task :app:extractDeepLinksStagingDebug UP-TO-DATE
> Task :app:processStagingDebugMainManifest UP-TO-DATE
> Task :app:processStagingDebugManifest UP-TO-DATE
> Task :app:processStagingDebugManifestForPackage UP-TO-DATE
> Task :app:processStagingDebugResources UP-TO-DATE
> Task :app:compileStagingDebugKotlin UP-TO-DATE
> Task :app:javaPreCompileStagingDebug UP-TO-DATE
> Task :app:compileStagingDebugJavaWithJavac UP-TO-DATE
> Task :app:bundleStagingDebugClassesToRuntimeJar UP-TO-DATE
> Task :app:bundleStagingDebugClassesToCompileJar UP-TO-DATE
> Task :app:compileDevDebugUnitTestKotlin
> Task :app:compileDevDebugUnitTestJavaWithJavac NO-SOURCE
> Task :app:processDevDebugUnitTestJavaRes UP-TO-DATE
> Task :app:compileStagingDebugUnitTestKotlin
> Task :app:testDevDebugUnitTest
> Task :app:preStagingDebugUnitTestBuild UP-TO-DATE
> Task :app:javaPreCompileStagingDebugUnitTest UP-TO-DATE
> Task :app:compileStagingDebugUnitTestJavaWithJavac NO-SOURCE
> Task :app:processStagingDebugJavaRes UP-TO-DATE
> Task :app:processStagingDebugUnitTestJavaRes UP-TO-DATE
> Task :app:testStagingDebugUnitTest
> Task :app:mergeDevDebugNativeDebugMetadata NO-SOURCE
> Task :app:generateDevDebugAssets UP-TO-DATE
> Task :app:mergeDevDebugAssets UP-TO-DATE
> Task :app:compressDevDebugAssets UP-TO-DATE
> Task :app:generateDevDebugGlobalSynthetics UP-TO-DATE
> Task :app:checkDevDebugDuplicateClasses UP-TO-DATE
> Task :app:desugarDevDebugFileDependencies UP-TO-DATE
> Task :app:mergeExtDexDevDebug UP-TO-DATE
> Task :app:mergeLibDexDevDebug UP-TO-DATE
> Task :app:mergeDevDebugJavaResource
> Task :app:dexBuilderDevDebug
> Task :app:mergeDevDebugJniLibFolders UP-TO-DATE
> Task :app:mergeDevDebugNativeLibs UP-TO-DATE
> Task :app:stripDevDebugDebugSymbols UP-TO-DATE
> Task :app:validateSigningDevDebug UP-TO-DATE
> Task :app:writeDevDebugAppMetadata UP-TO-DATE
> Task :app:writeDevDebugSigningConfigVersions UP-TO-DATE
> Task :app:mergeStagingDebugNativeDebugMetadata NO-SOURCE
> Task :app:generateStagingDebugAssets UP-TO-DATE
> Task :app:mergeStagingDebugAssets UP-TO-DATE
> Task :app:compressStagingDebugAssets UP-TO-DATE
> Task :app:generateStagingDebugGlobalSynthetics UP-TO-DATE
> Task :app:checkStagingDebugDuplicateClasses UP-TO-DATE
> Task :app:desugarStagingDebugFileDependencies UP-TO-DATE
> Task :app:mergeExtDexStagingDebug UP-TO-DATE
> Task :app:mergeLibDexStagingDebug UP-TO-DATE
> Task :app:mergeProjectDexDevDebug
> Task :app:dexBuilderStagingDebug
> Task :app:packageDevDebug
> Task :app:createDevDebugApkListingFileRedirect UP-TO-DATE
> Task :app:assembleDevDebug
> Task :app:mergeProjectDexStagingDebug
> Task :app:mergeStagingDebugJniLibFolders UP-TO-DATE
> Task :app:mergeStagingDebugNativeLibs UP-TO-DATE
> Task :app:stripStagingDebugDebugSymbols UP-TO-DATE
> Task :app:validateSigningStagingDebug UP-TO-DATE
> Task :app:writeStagingDebugAppMetadata UP-TO-DATE
> Task :app:writeStagingDebugSigningConfigVersions UP-TO-DATE
> Task :app:preDevDebugAndroidTestBuild SKIPPED
> Task :app:mergeDevDebugAndroidTestManifest UP-TO-DATE
> Task :app:processDevDebugAndroidTestManifest UP-TO-DATE
> Task :app:generateDevDebugAndroidTestBuildConfig UP-TO-DATE
> Task :app:checkDevDebugAndroidTestAarMetadata UP-TO-DATE
> Task :app:generateDevDebugAndroidTestResValues UP-TO-DATE
> Task :app:mapDevDebugAndroidTestSourceSetPaths UP-TO-DATE
> Task :app:processDevDebugAndroidTestNavigationResources UP-TO-DATE
> Task :app:compileDevDebugAndroidTestNavigationResources UP-TO-DATE
> Task :app:generateDevDebugAndroidTestResources UP-TO-DATE
> Task :app:mergeDevDebugAndroidTestResources UP-TO-DATE
> Task :app:processDevDebugAndroidTestResources UP-TO-DATE
> Task :app:mergeStagingDebugJavaResource
> Task :app:packageStagingDebug
> Task :app:createStagingDebugApkListingFileRedirect UP-TO-DATE
> Task :app:assembleStagingDebug
> Task :app:preStagingDebugAndroidTestBuild SKIPPED
> Task :app:mergeStagingDebugAndroidTestManifest UP-TO-DATE
> Task :app:processStagingDebugAndroidTestManifest UP-TO-DATE
> Task :app:generateStagingDebugAndroidTestBuildConfig UP-TO-DATE
> Task :app:checkStagingDebugAndroidTestAarMetadata UP-TO-DATE
> Task :app:generateStagingDebugAndroidTestResValues UP-TO-DATE
> Task :app:mapStagingDebugAndroidTestSourceSetPaths UP-TO-DATE
> Task :app:processStagingDebugAndroidTestNavigationResources UP-TO-DATE
> Task :app:compileStagingDebugAndroidTestNavigationResources UP-TO-DATE
> Task :app:generateStagingDebugAndroidTestResources UP-TO-DATE
> Task :app:mergeStagingDebugAndroidTestResources UP-TO-DATE
> Task :app:processStagingDebugAndroidTestResources UP-TO-DATE
> Task :app:compileDevDebugAndroidTestKotlin
> Task :app:compileStagingDebugAndroidTestKotlin

[Incubating] Problems report is available at: file:///C:/Users/LAPTOP/Viora-Mobile-App/build/reports/problems/problems-report.html

BUILD SUCCESSFUL in 1m 49s
112 actionable tasks: 14 executed, 98 up-to-date
Consider enabling configuration cache to speed up this build: https://docs.gradle.org/9.6.0/userguide/configuration_cache_enabling.html
