
> Configure project :app
WARNING: The option setting 'android.usesSdkInManifest.disallowed=false' is deprecated.
The current default is 'true'.
It will be removed in version 10.0 of the Android Gradle plugin.
Add android.sync.suppressAgpWarnings=UNSUPPORTED_PROJECT_OPTION_USE to the gradle.properties file to suppress this warning.
WARNING: The option setting 'android.sdk.defaultTargetSdkToCompileSdkIfUnset=false' is deprecated.
The current default is 'true'.
It will be removed in version 10.0 of the Android Gradle plugin.
Add android.sync.suppressAgpWarnings=UNSUPPORTED_PROJECT_OPTION_USE to the gradle.properties file to suppress this warning.
WARNING: The option setting 'android.enableAppCompileTimeRClass=false' is deprecated.
The current default is 'true'.
It will be removed in version 10.0 of the Android Gradle plugin.
Add android.sync.suppressAgpWarnings=UNSUPPORTED_PROJECT_OPTION_USE to the gradle.properties file to suppress this warning.
WARNING: The option setting 'android.builtInKotlin=false' is deprecated.
The current default is 'true'.
It will be removed in version 10.0 of the Android Gradle plugin.
Add android.sync.suppressAgpWarnings=UNSUPPORTED_PROJECT_OPTION_USE to the gradle.properties file to suppress this warning.
WARNING: The option setting 'android.newDsl=false' is deprecated.
The current default is 'true'.
It will be removed in version 10.0 of the Android Gradle plugin.
Add android.sync.suppressAgpWarnings=UNSUPPORTED_PROJECT_OPTION_USE to the gradle.properties file to suppress this warning.
WARNING: The option setting 'android.r8.optimizedResourceShrinking=false' is deprecated.
The current default is 'true'.
It will be removed in version 10.0 of the Android Gradle plugin.
Add android.sync.suppressAgpWarnings=UNSUPPORTED_PROJECT_OPTION_USE to the gradle.properties file to suppress this warning.
WARNING: The option setting 'android.defaults.buildfeatures.resvalues=true' is deprecated.
The current default is 'false'.
It will be removed in version 10.0 of the Android Gradle plugin.
Add android.sync.suppressAgpWarnings=UNSUPPORTED_PROJECT_OPTION_USE to the gradle.properties file to suppress this warning.
WARNING: API 'applicationVariants' is obsolete and has been replaced with 'AndroidComponentsExtension'.
It will be removed in version 10.0 of the Android Gradle plugin.
The legacy variant API is disabled by default in AGP 9.0, but can be re-enabled by adding 
    android.newDsl=false
to this project's gradle.properties file.
For more information, see http://developer.android.com/build/r/new-dsl.

To determine what is calling applicationVariants, use -Pandroid.debug.obsoleteApi=true on the command line to display more information.
Add android.sync.suppressAgpWarnings=DEPRECATED_DSL to the gradle.properties file to suppress this warning.
WARNING: API 'testVariants' is obsolete and has been replaced with 'AndroidComponentsExtension'.
It will be removed in version 10.0 of the Android Gradle plugin.
The legacy variant API is disabled by default in AGP 9.0, but can be re-enabled by adding 
    android.newDsl=false
to this project's gradle.properties file.
For more information, see http://developer.android.com/build/r/new-dsl.

To determine what is calling testVariants, use -Pandroid.debug.obsoleteApi=true on the command line to display more information.
Add android.sync.suppressAgpWarnings=DEPRECATED_DSL to the gradle.properties file to suppress this warning.
WARNING: API 'unitTestVariants' is obsolete and has been replaced with 'AndroidComponentsExtension'.
It will be removed in version 10.0 of the Android Gradle plugin.
The legacy variant API is disabled by default in AGP 9.0, but can be re-enabled by adding 
    android.newDsl=false
to this project's gradle.properties file.
For more information, see http://developer.android.com/build/r/new-dsl.

To determine what is calling unitTestVariants, use -Pandroid.debug.obsoleteApi=true on the command line to display more information.
Add android.sync.suppressAgpWarnings=DEPRECATED_DSL to the gradle.properties file to suppress this warning.
WARNING: The property android.dependency.excludeLibraryComponentsFromConstraints improves project import performance for very large projects. It should be enabled to improve performance.
To suppress this warning, add android.generateSyncIssueWhenLibraryConstraintsAreEnabled=false to gradle.properties
Add android.sync.suppressAgpWarnings=LIBRARY_CONSTRAINTS_SHOULD_BE_DISABLED to the gradle.properties file to suppress this warning.
WARNING: The property android.dependency.excludeLibraryComponentsFromConstraints improves project import performance for very large projects. It should be enabled to improve performance.
To suppress this warning, add android.generateSyncIssueWhenLibraryConstraintsAreEnabled=false to gradle.properties
Add android.sync.suppressAgpWarnings=LIBRARY_CONSTRAINTS_SHOULD_BE_DISABLED to the gradle.properties file to suppress this warning.
WARNING: The property android.dependency.excludeLibraryComponentsFromConstraints improves project import performance for very large projects. It should be enabled to improve performance.
To suppress this warning, add android.generateSyncIssueWhenLibraryConstraintsAreEnabled=false to gradle.properties
Add android.sync.suppressAgpWarnings=LIBRARY_CONSTRAINTS_SHOULD_BE_DISABLED to the gradle.properties file to suppress this warning.
WARNING: The property android.dependency.excludeLibraryComponentsFromConstraints improves project import performance for very large projects. It should be enabled to improve performance.
To suppress this warning, add android.generateSyncIssueWhenLibraryConstraintsAreEnabled=false to gradle.properties
Add android.sync.suppressAgpWarnings=LIBRARY_CONSTRAINTS_SHOULD_BE_DISABLED to the gradle.properties file to suppress this warning.
WARNING: The property android.dependency.excludeLibraryComponentsFromConstraints improves project import performance for very large projects. It should be enabled to improve performance.
To suppress this warning, add android.generateSyncIssueWhenLibraryConstraintsAreEnabled=false to gradle.properties
Add android.sync.suppressAgpWarnings=LIBRARY_CONSTRAINTS_SHOULD_BE_DISABLED to the gradle.properties file to suppress this warning.
WARNING: The property android.dependency.excludeLibraryComponentsFromConstraints improves project import performance for very large projects. It should be enabled to improve performance.
To suppress this warning, add android.generateSyncIssueWhenLibraryConstraintsAreEnabled=false to gradle.properties
Add android.sync.suppressAgpWarnings=LIBRARY_CONSTRAINTS_SHOULD_BE_DISABLED to the gradle.properties file to suppress this warning.
WARNING: The property android.dependency.excludeLibraryComponentsFromConstraints improves project import performance for very large projects. It should be enabled to improve performance.
To suppress this warning, add android.generateSyncIssueWhenLibraryConstraintsAreEnabled=false to gradle.properties
Add android.sync.suppressAgpWarnings=LIBRARY_CONSTRAINTS_SHOULD_BE_DISABLED to the gradle.properties file to suppress this warning.
w: Deprecated 'org.jetbrains.kotlin.android' plugin usage
The 'org.jetbrains.kotlin.android' plugin in project ':app' is no longer required for Kotlin support since AGP 9.0.
Solution:
Remove both `android.builtInKotlin=true` and `android.newDsl=false` from `gradle.properties`, then migrate to built-in Kotlin.
See https://kotl.in/gradle/agp-built-in-kotlin for more details.


> Task :app:checkKotlinGradlePluginConfigurationErrors SKIPPED
> Task :app:preBuild UP-TO-DATE
> Task :app:preStagingDebugBuild UP-TO-DATE
> Task :app:generateStagingDebugBuildConfig UP-TO-DATE
> Task :app:checkStagingDebugAarMetadata UP-TO-DATE
> Task :app:generateStagingDebugResValues UP-TO-DATE
> Task :app:mapStagingDebugSourceSetPaths UP-TO-DATE
> Task :app:processStagingDebugNavigationResources UP-TO-DATE
> Task :app:compileStagingDebugNavigationResources UP-TO-DATE
> Task :app:generateStagingDebugResources UP-TO-DATE
> Task :app:mergeStagingDebugResources UP-TO-DATE
> Task :app:packageStagingDebugResources UP-TO-DATE
> Task :app:parseStagingDebugLocalResources UP-TO-DATE
> Task :app:createStagingDebugCompatibleScreenManifests UP-TO-DATE
> Task :app:extractDeepLinksStagingDebug UP-TO-DATE
> Task :app:processStagingDebugMainManifest UP-TO-DATE
> Task :app:processStagingDebugManifest UP-TO-DATE
> Task :app:processStagingDebugManifestForPackage UP-TO-DATE
> Task :app:processStagingDebugResources UP-TO-DATE
> Task :app:compileStagingDebugKotlin UP-TO-DATE
> Task :app:javaPreCompileStagingDebug UP-TO-DATE
> Task :app:compileStagingDebugJavaWithJavac UP-TO-DATE
> Task :app:bundleStagingDebugClassesToCompileJar UP-TO-DATE
> Task :app:preStagingDebugAndroidTestBuild SKIPPED
> Task :app:mergeStagingDebugAndroidTestManifest UP-TO-DATE
> Task :app:processStagingDebugAndroidTestManifest UP-TO-DATE
> Task :app:generateStagingDebugAndroidTestBuildConfig UP-TO-DATE
> Task :app:checkStagingDebugAndroidTestAarMetadata UP-TO-DATE
> Task :app:generateStagingDebugAndroidTestResValues UP-TO-DATE
> Task :app:mapStagingDebugAndroidTestSourceSetPaths UP-TO-DATE
> Task :app:processStagingDebugAndroidTestNavigationResources UP-TO-DATE
> Task :app:compileStagingDebugAndroidTestNavigationResources UP-TO-DATE
> Task :app:generateStagingDebugAndroidTestResources UP-TO-DATE
> Task :app:mergeStagingDebugAndroidTestResources UP-TO-DATE
> Task :app:processStagingDebugAndroidTestResources UP-TO-DATE
> Task :app:compileStagingDebugAndroidTestKotlin UP-TO-DATE
> Task :app:javaPreCompileStagingDebugAndroidTest UP-TO-DATE
> Task :app:compileStagingDebugAndroidTestJavaWithJavac UP-TO-DATE
> Task :app:generateStagingDebugAssets UP-TO-DATE
> Task :app:mergeStagingDebugAssets UP-TO-DATE
> Task :app:compressStagingDebugAssets UP-TO-DATE
> Task :app:generateStagingDebugGlobalSynthetics UP-TO-DATE
> Task :app:checkStagingDebugDuplicateClasses UP-TO-DATE
> Task :app:desugarStagingDebugFileDependencies UP-TO-DATE
> Task :app:mergeExtDexStagingDebug UP-TO-DATE
> Task :app:mergeLibDexStagingDebug UP-TO-DATE
> Task :app:dexBuilderStagingDebug UP-TO-DATE
> Task :app:mergeProjectDexStagingDebug UP-TO-DATE
> Task :app:processStagingDebugJavaRes UP-TO-DATE
> Task :app:mergeStagingDebugJavaResource UP-TO-DATE
> Task :app:mergeStagingDebugJniLibFolders UP-TO-DATE
> Task :app:mergeStagingDebugNativeLibs UP-TO-DATE
> Task :app:stripStagingDebugDebugSymbols UP-TO-DATE
> Task :app:validateSigningStagingDebug UP-TO-DATE
> Task :app:writeStagingDebugAppMetadata UP-TO-DATE
> Task :app:writeStagingDebugSigningConfigVersions UP-TO-DATE
> Task :app:packageStagingDebug UP-TO-DATE
> Task :app:createStagingDebugApkListingFileRedirect UP-TO-DATE
> Task :app:generateStagingDebugAndroidTestAssets UP-TO-DATE
> Task :app:mergeStagingDebugAndroidTestAssets UP-TO-DATE
> Task :app:compressStagingDebugAndroidTestAssets UP-TO-DATE
> Task :app:generateStagingDebugAndroidTestGlobalSynthetics UP-TO-DATE
> Task :app:checkStagingDebugAndroidTestDuplicateClasses UP-TO-DATE
> Task :app:desugarStagingDebugAndroidTestFileDependencies UP-TO-DATE
> Task :app:mergeExtDexStagingDebugAndroidTest UP-TO-DATE
> Task :app:mergeLibDexStagingDebugAndroidTest UP-TO-DATE
> Task :app:dexBuilderStagingDebugAndroidTest UP-TO-DATE
> Task :app:mergeProjectDexStagingDebugAndroidTest UP-TO-DATE
> Task :app:processStagingDebugAndroidTestJavaRes UP-TO-DATE
> Task :app:mergeStagingDebugAndroidTestJavaResource UP-TO-DATE
> Task :app:mergeStagingDebugAndroidTestJniLibFolders UP-TO-DATE
> Task :app:mergeStagingDebugAndroidTestNativeLibs NO-SOURCE
> Task :app:stripStagingDebugAndroidTestDebugSymbols NO-SOURCE
> Task :app:validateSigningStagingDebugAndroidTest UP-TO-DATE
> Task :app:writeStagingDebugAndroidTestSigningConfigVersions UP-TO-DATE
> Task :app:packageStagingDebugAndroidTest UP-TO-DATE
> Task :app:createStagingDebugAndroidTestApkListingFileRedirect UP-TO-DATE

> Task :app:connectedStagingDebugAndroidTest
Running tests on devices: VioraRun1Api36D(AVD) - 16

Failed to uninstall package com.viora.mobile.staging. Output: Error: device is still booting.
 
 Error Output: 
Failed to uninstall package com.viora.mobile.staging.test. Output: Error: device is still booting.
 
 Error Output: 
AndroidTestRunner failed on emulator-5556
java.lang.RuntimeException: Failed to install APK C:\Users\LAPTOP\Viora-Mobile-App\app\build\outputs\apk\staging\debug\app-staging-debug.apk: Performing Streamed Install
 adb.exe: failed to install C:\Users\LAPTOP\Viora-Mobile-App\app\build\outputs\apk\staging\debug\app-staging-debug.apk: Error: device is still booting.


	at com.android.tools.androidtest.testengine.adb.AdbApkInstaller.installApk(AdbApkInstaller.kt:162)
	at com.android.tools.androidtest.testengine.adb.AndroidTestRunner.run(AndroidTestRunner.kt:74)
	at com.android.tools.androidtest.testengine.descriptor.AndroidDeviceDescriptor$execute$runnerThread$1.run(AndroidDeviceDescriptor.kt:329)
	at java.base/java.lang.Thread.run(Thread.java:1583)

[Incubating] Problems report is available at: file:///C:/Users/LAPTOP/Viora-Mobile-App/build/reports/problems/problems-report.html

BUILD SUCCESSFUL in 21s
70 actionable tasks: 1 executed, 69 up-to-date
Consider enabling configuration cache to speed up this build: https://docs.gradle.org/9.6.0/userguide/configuration_cache_enabling.html
