
> Configure project :app
WARNING: The option setting 'android.usesSdkInManifest.disallowed=false' is deprecated.
The current default is 'true'.
It will be removed in version 10.0 of the Android Gradle plugin.
Add android.sync.suppressAgpWarnings=UNSUPPORTED_PROJECT_OPTION_USE to the gradle.properties file to suppress this warning.
WARNING: The option setting 'android.sdk.defaultTargetSdkToCompileSdkIfUnset=false' is deprecated.
The current default is 'true'.
It will be removed in version 10.0 of the Android Gradle plugin.
Add android.sync.suppressAgpWarnings=UNSUPPORTED_PROJECT_OPTION_USE to the gradle.properties file to suppress this warning.
WARNING: The option setting 'android.enableAppCompileTimeRClass=false' is deprecated.
The current default is 'true'.
It will be removed in version 10.0 of the Android Gradle plugin.
Add android.sync.suppressAgpWarnings=UNSUPPORTED_PROJECT_OPTION_USE to the gradle.properties file to suppress this warning.
WARNING: The option setting 'android.builtInKotlin=false' is deprecated.
The current default is 'true'.
It will be removed in version 10.0 of the Android Gradle plugin.
Add android.sync.suppressAgpWarnings=UNSUPPORTED_PROJECT_OPTION_USE to the gradle.properties file to suppress this warning.
WARNING: The option setting 'android.newDsl=false' is deprecated.
The current default is 'true'.
It will be removed in version 10.0 of the Android Gradle plugin.
Add android.sync.suppressAgpWarnings=UNSUPPORTED_PROJECT_OPTION_USE to the gradle.properties file to suppress this warning.
WARNING: The option setting 'android.r8.optimizedResourceShrinking=false' is deprecated.
The current default is 'true'.
It will be removed in version 10.0 of the Android Gradle plugin.
Add android.sync.suppressAgpWarnings=UNSUPPORTED_PROJECT_OPTION_USE to the gradle.properties file to suppress this warning.
WARNING: The option setting 'android.defaults.buildfeatures.resvalues=true' is deprecated.
The current default is 'false'.
It will be removed in version 10.0 of the Android Gradle plugin.
Add android.sync.suppressAgpWarnings=UNSUPPORTED_PROJECT_OPTION_USE to the gradle.properties file to suppress this warning.
WARNING: API 'applicationVariants' is obsolete and has been replaced with 'AndroidComponentsExtension'.
It will be removed in version 10.0 of the Android Gradle plugin.
The legacy variant API is disabled by default in AGP 9.0, but can be re-enabled by adding 
    android.newDsl=false
to this project's gradle.properties file.
For more information, see http://developer.android.com/build/r/new-dsl.

To determine what is calling applicationVariants, use -Pandroid.debug.obsoleteApi=true on the command line to display more information.
Add android.sync.suppressAgpWarnings=DEPRECATED_DSL to the gradle.properties file to suppress this warning.
WARNING: API 'testVariants' is obsolete and has been replaced with 'AndroidComponentsExtension'.
It will be removed in version 10.0 of the Android Gradle plugin.
The legacy variant API is disabled by default in AGP 9.0, but can be re-enabled by adding 
    android.newDsl=false
to this project's gradle.properties file.
For more information, see http://developer.android.com/build/r/new-dsl.

To determine what is calling testVariants, use -Pandroid.debug.obsoleteApi=true on the command line to display more information.
Add android.sync.suppressAgpWarnings=DEPRECATED_DSL to the gradle.properties file to suppress this warning.
WARNING: API 'unitTestVariants' is obsolete and has been replaced with 'AndroidComponentsExtension'.
It will be removed in version 10.0 of the Android Gradle plugin.
The legacy variant API is disabled by default in AGP 9.0, but can be re-enabled by adding 
    android.newDsl=false
to this project's gradle.properties file.
For more information, see http://developer.android.com/build/r/new-dsl.

To determine what is calling unitTestVariants, use -Pandroid.debug.obsoleteApi=true on the command line to display more information.
Add android.sync.suppressAgpWarnings=DEPRECATED_DSL to the gradle.properties file to suppress this warning.
WARNING: The property android.dependency.excludeLibraryComponentsFromConstraints improves project import performance for very large projects. It should be enabled to improve performance.
To suppress this warning, add android.generateSyncIssueWhenLibraryConstraintsAreEnabled=false to gradle.properties
Add android.sync.suppressAgpWarnings=LIBRARY_CONSTRAINTS_SHOULD_BE_DISABLED to the gradle.properties file to suppress this warning.
WARNING: The property android.dependency.excludeLibraryComponentsFromConstraints improves project import performance for very large projects. It should be enabled to improve performance.
To suppress this warning, add android.generateSyncIssueWhenLibraryConstraintsAreEnabled=false to gradle.properties
Add android.sync.suppressAgpWarnings=LIBRARY_CONSTRAINTS_SHOULD_BE_DISABLED to the gradle.properties file to suppress this warning.
WARNING: The property android.dependency.excludeLibraryComponentsFromConstraints improves project import performance for very large projects. It should be enabled to improve performance.
To suppress this warning, add android.generateSyncIssueWhenLibraryConstraintsAreEnabled=false to gradle.properties
Add android.sync.suppressAgpWarnings=LIBRARY_CONSTRAINTS_SHOULD_BE_DISABLED to the gradle.properties file to suppress this warning.
WARNING: The property android.dependency.excludeLibraryComponentsFromConstraints improves project import performance for very large projects. It should be enabled to improve performance.
To suppress this warning, add android.generateSyncIssueWhenLibraryConstraintsAreEnabled=false to gradle.properties
Add android.sync.suppressAgpWarnings=LIBRARY_CONSTRAINTS_SHOULD_BE_DISABLED to the gradle.properties file to suppress this warning.
WARNING: The property android.dependency.excludeLibraryComponentsFromConstraints improves project import performance for very large projects. It should be enabled to improve performance.
To suppress this warning, add android.generateSyncIssueWhenLibraryConstraintsAreEnabled=false to gradle.properties
Add android.sync.suppressAgpWarnings=LIBRARY_CONSTRAINTS_SHOULD_BE_DISABLED to the gradle.properties file to suppress this warning.
WARNING: The property android.dependency.excludeLibraryComponentsFromConstraints improves project import performance for very large projects. It should be enabled to improve performance.
To suppress this warning, add android.generateSyncIssueWhenLibraryConstraintsAreEnabled=false to gradle.properties
Add android.sync.suppressAgpWarnings=LIBRARY_CONSTRAINTS_SHOULD_BE_DISABLED to the gradle.properties file to suppress this warning.
WARNING: The property android.dependency.excludeLibraryComponentsFromConstraints improves project import performance for very large projects. It should be enabled to improve performance.
To suppress this warning, add android.generateSyncIssueWhenLibraryConstraintsAreEnabled=false to gradle.properties
Add android.sync.suppressAgpWarnings=LIBRARY_CONSTRAINTS_SHOULD_BE_DISABLED to the gradle.properties file to suppress this warning.
w: Deprecated 'org.jetbrains.kotlin.android' plugin usage
The 'org.jetbrains.kotlin.android' plugin in project ':app' is no longer required for Kotlin support since AGP 9.0.
Solution:
Remove both `android.builtInKotlin=true` and `android.newDsl=false` from `gradle.properties`, then migrate to built-in Kotlin.
See https://kotl.in/gradle/agp-built-in-kotlin for more details.


> Task :app:checkKotlinGradlePluginConfigurationErrors SKIPPED
> Task :app:preBuild UP-TO-DATE
> Task :app:preDevDebugBuild UP-TO-DATE
> Task :app:generateDevDebugBuildConfig
> Task :app:generateDevDebugResValues
> Task :app:mapDevDebugSourceSetPaths
> Task :app:processDevDebugNavigationResources
> Task :app:checkDevDebugAarMetadata
> Task :app:compileDevDebugNavigationResources
> Task :app:generateDevDebugResources
> Task :app:mergeDevDebugResources
> Task :app:packageDevDebugResources
> Task :app:createDevDebugCompatibleScreenManifests
> Task :app:extractDeepLinksDevDebug
> Task :app:parseDevDebugLocalResources
> Task :app:processDevDebugMainManifest
> Task :app:processDevDebugManifest
> Task :app:javaPreCompileDevDebug
> Task :app:processDevDebugManifestForPackage
> Task :app:preDevDebugUnitTestBuild UP-TO-DATE
> Task :app:javaPreCompileDevDebugUnitTest
> Task :app:preStagingDebugBuild UP-TO-DATE
> Task :app:generateStagingDebugBuildConfig
> Task :app:checkStagingDebugAarMetadata
> Task :app:generateStagingDebugResValues
> Task :app:mapStagingDebugSourceSetPaths
> Task :app:processStagingDebugNavigationResources
> Task :app:compileStagingDebugNavigationResources
> Task :app:generateStagingDebugResources
> Task :app:processDevDebugResources
> Task :app:mergeStagingDebugResources
> Task :app:packageStagingDebugResources
> Task :app:parseStagingDebugLocalResources
> Task :app:createStagingDebugCompatibleScreenManifests
> Task :app:extractDeepLinksStagingDebug
> Task :app:processStagingDebugMainManifest
> Task :app:processStagingDebugManifest
> Task :app:processStagingDebugManifestForPackage
> Task :app:processStagingDebugResources
> Task :app:compileDevDebugKotlin
> Task :app:compileStagingDebugKotlin
w: file:///C:/Users/LAPTOP/Viora-Mobile-App/app/src/main/java/com/viora/mobile/app/AppGraph.kt:31:39 This cast can never succeed.
w: file:///C:/Users/LAPTOP/Viora-Mobile-App/app/src/main/java/com/viora/mobile/app/AppNavHost.kt:145:40 Unnecessary non-null assertion (!!) on a non-null receiver of type 'WorkspaceContext'.
w: file:///C:/Users/LAPTOP/Viora-Mobile-App/app/src/main/java/com/viora/mobile/feature/assistant/domain/AssistantRepository.kt:43:35 Unchecked cast of 'ApiResult<Patient>' to 'ApiResult<Nothing>'.
w: file:///C:/Users/LAPTOP/Viora-Mobile-App/app/src/main/java/com/viora/mobile/feature/assistant/domain/AssistantRepository.kt:50:35 Unchecked cast of 'ApiResult<Encounter>' to 'ApiResult<Nothing>'.
w: file:///C:/Users/LAPTOP/Viora-Mobile-App/app/src/main/java/com/viora/mobile/feature/assistant/domain/AssistantRepository.kt:55:35 Unchecked cast of 'ApiResult<ClinicalRecord>' to 'ApiResult<Nothing>'.

> Task :app:compileDevDebugKotlin
w: file:///C:/Users/LAPTOP/Viora-Mobile-App/app/src/devDebug/java/com/viora/mobile/feature/assistant/data/SyntheticAssistantBackend.kt:49:91 Unnecessary safe call on a non-null receiver of type 'WorkspaceContext'.
w: file:///C:/Users/LAPTOP/Viora-Mobile-App/app/src/devDebug/java/com/viora/mobile/feature/assistant/data/SyntheticAssistantBackend.kt:71:42 Unchecked cast of 'ApiResult<T (of fun <T> value)>' to 'ApiResult<Nothing>'.
w: file:///C:/Users/LAPTOP/Viora-Mobile-App/app/src/main/java/com/viora/mobile/app/AppGraph.kt:33:24 This cast can never succeed.
w: file:///C:/Users/LAPTOP/Viora-Mobile-App/app/src/main/java/com/viora/mobile/app/AppNavHost.kt:145:40 Unnecessary non-null assertion (!!) on a non-null receiver of type 'WorkspaceContext'.
w: file:///C:/Users/LAPTOP/Viora-Mobile-App/app/src/main/java/com/viora/mobile/feature/assistant/domain/AssistantRepository.kt:43:35 Unchecked cast of 'ApiResult<Patient>' to 'ApiResult<Nothing>'.
w: file:///C:/Users/LAPTOP/Viora-Mobile-App/app/src/main/java/com/viora/mobile/feature/assistant/domain/AssistantRepository.kt:50:35 Unchecked cast of 'ApiResult<Encounter>' to 'ApiResult<Nothing>'.
w: file:///C:/Users/LAPTOP/Viora-Mobile-App/app/src/main/java/com/viora/mobile/feature/assistant/domain/AssistantRepository.kt:55:35 Unchecked cast of 'ApiResult<ClinicalRecord>' to 'ApiResult<Nothing>'.

> Task :app:compileDevDebugJavaWithJavac
> Task :app:bundleDevDebugClassesToCompileJar
> Task :app:bundleDevDebugClassesToRuntimeJar
> Task :app:processDevDebugJavaRes
> Task :app:javaPreCompileStagingDebug
> Task :app:compileStagingDebugJavaWithJavac
> Task :app:bundleStagingDebugClassesToRuntimeJar
> Task :app:bundleStagingDebugClassesToCompileJar
> Task :app:compileStagingDebugUnitTestKotlin
> Task :app:preStagingDebugUnitTestBuild UP-TO-DATE
> Task :app:javaPreCompileStagingDebugUnitTest
> Task :app:compileStagingDebugUnitTestJavaWithJavac NO-SOURCE
> Task :app:processStagingDebugJavaRes
> Task :app:processStagingDebugUnitTestJavaRes
> Task :app:compileDevDebugUnitTestKotlin
w: file:///C:/Users/LAPTOP/Viora-Mobile-App/app/src/testDevDebug/java/com/viora/mobile/app/OperationalIntegrationTest.kt:41:40 Unnecessary non-null assertion (!!) on a non-null receiver of type 'WorkspaceContext'.
w: file:///C:/Users/LAPTOP/Viora-Mobile-App/app/src/testDevDebug/java/com/viora/mobile/app/OperationalIntegrationTest.kt:69:35 The corresponding parameter in the supertype 'OperationalNavigator' is named 'route'. This may cause problems when calling this function with named arguments.

> Task :app:testStagingDebugUnitTest
> Task :app:compileDevDebugUnitTestJavaWithJavac NO-SOURCE
> Task :app:processDevDebugUnitTestJavaRes
> Task :app:testDevDebugUnitTest

[Incubating] Problems report is available at: file:///C:/Users/LAPTOP/Viora-Mobile-App/build/reports/problems/problems-report.html

BUILD SUCCESSFUL in 3m
52 actionable tasks: 52 executed
Consider enabling configuration cache to speed up this build: https://docs.gradle.org/9.6.0/userguide/configuration_cache_enabling.html
